<?xml version="1.0" encoding="ISO-8859-1" ?>
<link_info>
   <banner>TI ARM Linker Unix v18.1.3.LTS</banner>
   <copyright>Copyright (c) 1996-2017 Texas Instruments Incorporated</copyright>
   <link_time>0x5b9e1695</link_time>
   <link_errors>0x0</link_errors>
   <output_file>freertos_demo.out</output_file>
   <entry_point>
      <name>_c_int00_noargs</name>
      <address>0x16d1</address>
   </entry_point>
   <input_file_list>
      <input_file id="fl-2">
         <path>./</path>
         <kind>object</kind>
         <file>adc_multimeter.obj</file>
         <name>adc_multimeter.obj</name>
      </input_file>
      <input_file id="fl-3">
         <path>./</path>
         <kind>object</kind>
         <file>core_measure_task.obj</file>
         <name>core_measure_task.obj</name>
      </input_file>
      <input_file id="fl-4">
         <path>./</path>
         <kind>object</kind>
         <file>main.obj</file>
         <name>main.obj</name>
      </input_file>
      <input_file id="fl-5">
         <path>./</path>
         <kind>object</kind>
         <file>multimeter_core_task.obj</file>
         <name>multimeter_core_task.obj</name>
      </input_file>
      <input_file id="fl-6">
         <path>./</path>
         <kind>object</kind>
         <file>startup_ccs.obj</file>
         <name>startup_ccs.obj</name>
      </input_file>
      <input_file id="fl-7">
         <path>./</path>
         <kind>object</kind>
         <file>uart_util.obj</file>
         <name>uart_util.obj</name>
      </input_file>
      <input_file id="fl-8">
         <path>./Tivaware_Dep/driverlib/</path>
         <kind>object</kind>
         <file>epi_workaround_ccs.obj</file>
         <name>epi_workaround_ccs.obj</name>
      </input_file>
      <input_file id="fl-9">
         <path>./Tivaware_Dep/drivers/</path>
         <kind>object</kind>
         <file>buttons.obj</file>
         <name>buttons.obj</name>
      </input_file>
      <input_file id="fl-a">
         <path>./Tivaware_Dep/drivers/</path>
         <kind>object</kind>
         <file>rgb.obj</file>
         <name>rgb.obj</name>
      </input_file>
      <input_file id="fl-b">
         <path>./Tivaware_Dep/third_party/FreeRTOS/Source/</path>
         <kind>object</kind>
         <file>croutine.obj</file>
         <name>croutine.obj</name>
      </input_file>
      <input_file id="fl-c">
         <path>./Tivaware_Dep/third_party/FreeRTOS/Source/</path>
         <kind>object</kind>
         <file>event_groups.obj</file>
         <name>event_groups.obj</name>
      </input_file>
      <input_file id="fl-d">
         <path>./Tivaware_Dep/third_party/FreeRTOS/Source/</path>
         <kind>object</kind>
         <file>list.obj</file>
         <name>list.obj</name>
      </input_file>
      <input_file id="fl-e">
         <path>./Tivaware_Dep/third_party/FreeRTOS/Source/</path>
         <kind>object</kind>
         <file>queue.obj</file>
         <name>queue.obj</name>
      </input_file>
      <input_file id="fl-f">
         <path>./Tivaware_Dep/third_party/FreeRTOS/Source/</path>
         <kind>object</kind>
         <file>stream_buffer.obj</file>
         <name>stream_buffer.obj</name>
      </input_file>
      <input_file id="fl-10">
         <path>./Tivaware_Dep/third_party/FreeRTOS/Source/</path>
         <kind>object</kind>
         <file>tasks.obj</file>
         <name>tasks.obj</name>
      </input_file>
      <input_file id="fl-11">
         <path>./Tivaware_Dep/third_party/FreeRTOS/Source/</path>
         <kind>object</kind>
         <file>timers.obj</file>
         <name>timers.obj</name>
      </input_file>
      <input_file id="fl-12">
         <path>./Tivaware_Dep/third_party/FreeRTOS/Source/portable/CCS/ARM_CM4F/</path>
         <kind>object</kind>
         <file>port.obj</file>
         <name>port.obj</name>
      </input_file>
      <input_file id="fl-13">
         <path>./Tivaware_Dep/third_party/FreeRTOS/Source/portable/CCS/ARM_CM4F/</path>
         <kind>object</kind>
         <file>portasm.obj</file>
         <name>portasm.obj</name>
      </input_file>
      <input_file id="fl-14">
         <path>./Tivaware_Dep/third_party/FreeRTOS/Source/portable/MemMang/</path>
         <kind>object</kind>
         <file>heap_2.obj</file>
         <name>heap_2.obj</name>
      </input_file>
      <input_file id="fl-15">
         <path>./Tivaware_Dep/utils/</path>
         <kind>object</kind>
         <file>softuart.obj</file>
         <name>softuart.obj</name>
      </input_file>
      <input_file id="fl-16">
         <path>./Tivaware_Dep/utils/</path>
         <kind>object</kind>
         <file>uartstdio.obj</file>
         <name>uartstdio.obj</name>
      </input_file>
      <input_file id="fl-17">
         <path>./Tivaware_Dep/utils/</path>
         <kind>object</kind>
         <file>ustdlib.obj</file>
         <name>ustdlib.obj</name>
      </input_file>
      <input_file id="fl-20">
         <kind>object</kind>
         <file>&lt;internal&gt;</file>
         <name>&lt;internal&gt;</name>
      </input_file>
      <input_file id="fl-21">
         <path>../Tivaware_Dep/driverlib/ccs/Debug/</path>
         <kind>archive</kind>
         <file>driverlib.lib</file>
         <name>adc.obj</name>
      </input_file>
      <input_file id="fl-22">
         <path>../Tivaware_Dep/driverlib/ccs/Debug/</path>
         <kind>archive</kind>
         <file>driverlib.lib</file>
         <name>gpio.obj</name>
      </input_file>
      <input_file id="fl-23">
         <path>../Tivaware_Dep/driverlib/ccs/Debug/</path>
         <kind>archive</kind>
         <file>driverlib.lib</file>
         <name>interrupt.obj</name>
      </input_file>
      <input_file id="fl-24">
         <path>../Tivaware_Dep/driverlib/ccs/Debug/</path>
         <kind>archive</kind>
         <file>driverlib.lib</file>
         <name>sysctl.obj</name>
      </input_file>
      <input_file id="fl-25">
         <path>../Tivaware_Dep/driverlib/ccs/Debug/</path>
         <kind>archive</kind>
         <file>driverlib.lib</file>
         <name>uart.obj</name>
      </input_file>
      <input_file id="fl-26">
         <path>../Tivaware_Dep/driverlib/ccs/Debug/</path>
         <kind>archive</kind>
         <file>driverlib.lib</file>
         <name>cpu.obj</name>
      </input_file>
      <input_file id="fl-dc">
         <path>/opt/ti/ccsv8/tools/compiler/ti-cgt-arm_18.1.3.LTS/lib/</path>
         <kind>archive</kind>
         <file>rtsv7M4_T_le_v4SPD16_eabi.lib</file>
         <name>memset_t2.asm.obj</name>
      </input_file>
      <input_file id="fl-dd">
         <path>/opt/ti/ccsv8/tools/compiler/ti-cgt-arm_18.1.3.LTS/lib/</path>
         <kind>archive</kind>
         <file>rtsv7M4_T_le_v4SPD16_eabi.lib</file>
         <name>u_divt2.asm.obj</name>
      </input_file>
      <input_file id="fl-de">
         <path>/opt/ti/ccsv8/tools/compiler/ti-cgt-arm_18.1.3.LTS/lib/</path>
         <kind>archive</kind>
         <file>rtsv7M4_T_le_v4SPD16_eabi.lib</file>
         <name>fd_mul_t2.asm.obj</name>
      </input_file>
      <input_file id="fl-df">
         <path>/opt/ti/ccsv8/tools/compiler/ti-cgt-arm_18.1.3.LTS/lib/</path>
         <kind>archive</kind>
         <file>rtsv7M4_T_le_v4SPD16_eabi.lib</file>
         <name>fd_tos_t2.asm.obj</name>
      </input_file>
      <input_file id="fl-e0">
         <path>/opt/ti/ccsv8/tools/compiler/ti-cgt-arm_18.1.3.LTS/lib/</path>
         <kind>archive</kind>
         <file>rtsv7M4_T_le_v4SPD16_eabi.lib</file>
         <name>fs_tod_t2.asm.obj</name>
      </input_file>
      <input_file id="fl-e1">
         <path>/opt/ti/ccsv8/tools/compiler/ti-cgt-arm_18.1.3.LTS/lib/</path>
         <kind>archive</kind>
         <file>rtsv7M4_T_le_v4SPD16_eabi.lib</file>
         <name>fs_toull_t2.asm.obj</name>
      </input_file>
      <input_file id="fl-e2">
         <path>/opt/ti/ccsv8/tools/compiler/ti-cgt-arm_18.1.3.LTS/lib/</path>
         <kind>archive</kind>
         <file>rtsv7M4_T_le_v4SPD16_eabi.lib</file>
         <name>memcpy_t2.asm.obj</name>
      </input_file>
      <input_file id="fl-e3">
         <path>/opt/ti/ccsv8/tools/compiler/ti-cgt-arm_18.1.3.LTS/lib/</path>
         <kind>archive</kind>
         <file>rtsv7M4_T_le_v4SPD16_eabi.lib</file>
         <name>copy_zero_init.c.obj</name>
      </input_file>
      <input_file id="fl-e4">
         <path>/opt/ti/ccsv8/tools/compiler/ti-cgt-arm_18.1.3.LTS/lib/</path>
         <kind>archive</kind>
         <file>rtsv7M4_T_le_v4SPD16_eabi.lib</file>
         <name>copy_decompress_none.c.obj</name>
      </input_file>
      <input_file id="fl-e5">
         <path>/opt/ti/ccsv8/tools/compiler/ti-cgt-arm_18.1.3.LTS/lib/</path>
         <kind>archive</kind>
         <file>rtsv7M4_T_le_v4SPD16_eabi.lib</file>
         <name>copy_decompress_lzss.c.obj</name>
      </input_file>
      <input_file id="fl-e6">
         <path>/opt/ti/ccsv8/tools/compiler/ti-cgt-arm_18.1.3.LTS/lib/</path>
         <kind>archive</kind>
         <file>rtsv7M4_T_le_v4SPD16_eabi.lib</file>
         <name>strcpy.c.obj</name>
      </input_file>
      <input_file id="fl-e7">
         <path>/opt/ti/ccsv8/tools/compiler/ti-cgt-arm_18.1.3.LTS/lib/</path>
         <kind>archive</kind>
         <file>rtsv7M4_T_le_v4SPD16_eabi.lib</file>
         <name>strlen.c.obj</name>
      </input_file>
      <input_file id="fl-e8">
         <path>/opt/ti/ccsv8/tools/compiler/ti-cgt-arm_18.1.3.LTS/lib/</path>
         <kind>archive</kind>
         <file>rtsv7M4_T_le_v4SPD16_eabi.lib</file>
         <name>boot_cortex_m.c.obj</name>
      </input_file>
      <input_file id="fl-e9">
         <path>/opt/ti/ccsv8/tools/compiler/ti-cgt-arm_18.1.3.LTS/lib/</path>
         <kind>archive</kind>
         <file>rtsv7M4_T_le_v4SPD16_eabi.lib</file>
         <name>div0.asm.obj</name>
      </input_file>
      <input_file id="fl-ea">
         <path>/opt/ti/ccsv8/tools/compiler/ti-cgt-arm_18.1.3.LTS/lib/</path>
         <kind>archive</kind>
         <file>rtsv7M4_T_le_v4SPD16_eabi.lib</file>
         <name>autoinit.c.obj</name>
      </input_file>
      <input_file id="fl-eb">
         <path>/opt/ti/ccsv8/tools/compiler/ti-cgt-arm_18.1.3.LTS/lib/</path>
         <kind>archive</kind>
         <file>rtsv7M4_T_le_v4SPD16_eabi.lib</file>
         <name>pre_init.c.obj</name>
      </input_file>
      <input_file id="fl-ec">
         <path>/opt/ti/ccsv8/tools/compiler/ti-cgt-arm_18.1.3.LTS/lib/</path>
         <kind>archive</kind>
         <file>rtsv7M4_T_le_v4SPD16_eabi.lib</file>
         <name>cpy_tbl.c.obj</name>
      </input_file>
      <input_file id="fl-ed">
         <path>/opt/ti/ccsv8/tools/compiler/ti-cgt-arm_18.1.3.LTS/lib/</path>
         <kind>archive</kind>
         <file>rtsv7M4_T_le_v4SPD16_eabi.lib</file>
         <name>exit.c.obj</name>
      </input_file>
      <input_file id="fl-ee">
         <path>/opt/ti/ccsv8/tools/compiler/ti-cgt-arm_18.1.3.LTS/lib/</path>
         <kind>archive</kind>
         <file>rtsv7M4_T_le_v4SPD16_eabi.lib</file>
         <name>_lock.c.obj</name>
      </input_file>
      <input_file id="fl-ef">
         <path>/opt/ti/ccsv8/tools/compiler/ti-cgt-arm_18.1.3.LTS/lib/</path>
         <kind>archive</kind>
         <file>rtsv7M4_T_le_v4SPD16_eabi.lib</file>
         <name>args_main.c.obj</name>
      </input_file>
   </input_file_list>
   <object_component_list>
      <object_component id="oc-f">
         <name>.intvecs</name>
         <load_address>0x0</load_address>
         <run_address>0x0</run_address>
         <size>0x26c</size>
         <input_file_ref idref="fl-6"/>
      </object_component>
      <object_component id="oc-1ec">
         <name>.text:UARTvprintf</name>
         <load_address>0x26c</load_address>
         <run_address>0x26c</run_address>
         <size>0x1ea</size>
         <input_file_ref idref="fl-16"/>
      </object_component>
      <object_component id="oc-30">
         <name>.text:FaultISR</name>
         <load_address>0x456</load_address>
         <run_address>0x456</run_address>
         <size>0x2</size>
         <input_file_ref idref="fl-6"/>
      </object_component>
      <object_component id="oc-27d">
         <name>.text:xQueueSemaphoreTake</name>
         <load_address>0x458</load_address>
         <run_address>0x458</run_address>
         <size>0x124</size>
         <input_file_ref idref="fl-e"/>
      </object_component>
      <object_component id="oc-98">
         <name>.text:xTaskIncrementTick</name>
         <load_address>0x57c</load_address>
         <run_address>0x57c</run_address>
         <size>0x100</size>
         <input_file_ref idref="fl-10"/>
      </object_component>
      <object_component id="oc-382">
         <name>.text:xQueueGenericSend</name>
         <load_address>0x67c</load_address>
         <run_address>0x67c</run_address>
         <size>0xf0</size>
         <input_file_ref idref="fl-e"/>
      </object_component>
      <object_component id="oc-129">
         <name>.text:uARTConfigure</name>
         <load_address>0x76c</load_address>
         <run_address>0x76c</run_address>
         <size>0xec</size>
         <input_file_ref idref="fl-7"/>
      </object_component>
      <object_component id="oc-2fd">
         <name>.text:xTaskResumeAll</name>
         <load_address>0x858</load_address>
         <run_address>0x858</run_address>
         <size>0xdc</size>
         <input_file_ref idref="fl-10"/>
      </object_component>
      <object_component id="oc-3c">
         <name>.text</name>
         <load_address>0x934</load_address>
         <run_address>0x934</run_address>
         <size>0xda</size>
         <input_file_ref idref="fl-13"/>
      </object_component>
      <object_component id="oc-36">
         <name>.text:IntDefaultHandler</name>
         <load_address>0xa0e</load_address>
         <run_address>0xa0e</run_address>
         <size>0x2</size>
         <input_file_ref idref="fl-6"/>
      </object_component>
      <object_component id="oc-141">
         <name>.text:vTaskDelete</name>
         <load_address>0xa10</load_address>
         <run_address>0xa10</run_address>
         <size>0xb8</size>
         <input_file_ref idref="fl-10"/>
      </object_component>
      <object_component id="oc-276">
         <name>.text:prvAddNewTaskToReadyList</name>
         <load_address>0xac8</load_address>
         <run_address>0xac8</run_address>
         <size>0xb0</size>
         <input_file_ref idref="fl-10"/>
      </object_component>
      <object_component id="oc-249">
         <name>.text:pvPortMalloc</name>
         <load_address>0xb78</load_address>
         <run_address>0xb78</run_address>
         <size>0xa8</size>
         <input_file_ref idref="fl-14"/>
      </object_component>
      <object_component id="oc-33f">
         <name>.text:xTaskPriorityInherit</name>
         <load_address>0xc20</load_address>
         <run_address>0xc20</run_address>
         <size>0xa0</size>
         <input_file_ref idref="fl-10"/>
      </object_component>
      <object_component id="oc-55">
         <name>.text</name>
         <load_address>0xcc0</load_address>
         <run_address>0xcc0</run_address>
         <size>0x9c</size>
         <input_file_ref idref="fl-e2"/>
      </object_component>
      <object_component id="oc-3da">
         <name>.text:prvAddCurrentTaskToDelayedList</name>
         <load_address>0xd5c</load_address>
         <run_address>0xd5c</run_address>
         <size>0x94</size>
         <input_file_ref idref="fl-10"/>
      </object_component>
      <object_component id="oc-270">
         <name>.text:prvInitialiseNewTask</name>
         <load_address>0xdf0</load_address>
         <run_address>0xdf0</run_address>
         <size>0x8c</size>
         <input_file_ref idref="fl-10"/>
      </object_component>
      <object_component id="oc-91">
         <name>.text:vTaskSwitchContext</name>
         <load_address>0xe7c</load_address>
         <run_address>0xe7c</run_address>
         <size>0x8c</size>
         <input_file_ref idref="fl-10"/>
      </object_component>
      <object_component id="oc-363">
         <name>.text:vTaskPriorityDisinheritAfterTimeout</name>
         <load_address>0xf08</load_address>
         <run_address>0xf08</run_address>
         <size>0x80</size>
         <input_file_ref idref="fl-10"/>
      </object_component>
      <object_component id="oc-30e">
         <name>.text:xQueueGenericReset</name>
         <load_address>0xf88</load_address>
         <run_address>0xf88</run_address>
         <size>0x80</size>
         <input_file_ref idref="fl-e"/>
      </object_component>
      <object_component id="oc-412">
         <name>.text:xTaskPriorityDisinherit</name>
         <load_address>0x1008</load_address>
         <run_address>0x1008</run_address>
         <size>0x7c</size>
         <input_file_ref idref="fl-10"/>
      </object_component>
      <object_component id="oc-c0">
         <name>.text</name>
         <load_address>0x1084</load_address>
         <run_address>0x1084</run_address>
         <size>0x7a</size>
         <input_file_ref idref="fl-dc"/>
      </object_component>
      <object_component id="oc-3f8">
         <name>.text:prvCopyDataToQueue</name>
         <load_address>0x10fe</load_address>
         <run_address>0x10fe</run_address>
         <size>0x76</size>
         <input_file_ref idref="fl-e"/>
      </object_component>
      <object_component id="oc-36f">
         <name>.text:xTaskRemoveFromEventList</name>
         <load_address>0x1174</load_address>
         <run_address>0x1174</run_address>
         <size>0x74</size>
         <input_file_ref idref="fl-10"/>
      </object_component>
      <object_component id="oc-12f">
         <name>.text:coreMeasureInit</name>
         <load_address>0x11e8</load_address>
         <run_address>0x11e8</run_address>
         <size>0x6c</size>
         <input_file_ref idref="fl-3"/>
      </object_component>
      <object_component id="oc-12">
         <name>.text:decompress:lzss:__TI_decompress_lzss</name>
         <load_address>0x1254</load_address>
         <run_address>0x1254</run_address>
         <size>0x68</size>
         <input_file_ref idref="fl-e5"/>
      </object_component>
      <object_component id="oc-1cf">
         <name>.text:UARTStdioConfig</name>
         <load_address>0x12bc</load_address>
         <run_address>0x12bc</run_address>
         <size>0x60</size>
         <input_file_ref idref="fl-16"/>
      </object_component>
      <object_component id="oc-332">
         <name>.text:prvInitialiseTaskLists</name>
         <load_address>0x131c</load_address>
         <run_address>0x131c</run_address>
         <size>0x60</size>
         <input_file_ref idref="fl-10"/>
      </object_component>
      <object_component id="oc-34b">
         <name>.text:prvUnlockQueue</name>
         <load_address>0x137c</load_address>
         <run_address>0x137c</run_address>
         <size>0x5e</size>
         <input_file_ref idref="fl-e"/>
      </object_component>
      <object_component id="oc-1d5">
         <name>.text:xTaskCreate</name>
         <load_address>0x13da</load_address>
         <run_address>0x13da</run_address>
         <size>0x5e</size>
         <input_file_ref idref="fl-10"/>
      </object_component>
      <object_component id="oc-13b">
         <name>.text:vTaskStartScheduler</name>
         <load_address>0x1438</load_address>
         <run_address>0x1438</run_address>
         <size>0x5c</size>
         <input_file_ref idref="fl-10"/>
      </object_component>
      <object_component id="oc-357">
         <name>.text:xTaskCheckForTimeOut</name>
         <load_address>0x1494</load_address>
         <run_address>0x1494</run_address>
         <size>0x58</size>
         <input_file_ref idref="fl-10"/>
      </object_component>
      <object_component id="oc-cc">
         <name>.text:main</name>
         <load_address>0x14ec</load_address>
         <run_address>0x14ec</run_address>
         <size>0x50</size>
         <input_file_ref idref="fl-4"/>
      </object_component>
      <object_component id="oc-29c">
         <name>.text:UARTwrite</name>
         <load_address>0x153c</load_address>
         <run_address>0x153c</run_address>
         <size>0x48</size>
         <input_file_ref idref="fl-16"/>
      </object_component>
      <object_component id="oc-159">
         <name>.text:__TI_auto_init_nobinit_nopinit:__TI_auto_init_nobinit_nopinit</name>
         <load_address>0x1584</load_address>
         <run_address>0x1584</run_address>
         <size>0x44</size>
         <input_file_ref idref="fl-ea"/>
      </object_component>
      <object_component id="oc-2b4">
         <name>.text:prvCheckTasksWaitingTermination</name>
         <load_address>0x15c8</load_address>
         <run_address>0x15c8</run_address>
         <size>0x44</size>
         <input_file_ref idref="fl-10"/>
      </object_component>
      <object_component id="oc-26a">
         <name>.text:vPortFree</name>
         <load_address>0x160c</load_address>
         <run_address>0x160c</run_address>
         <size>0x44</size>
         <input_file_ref idref="fl-14"/>
      </object_component>
      <object_component id="oc-2a2">
         <name>.text</name>
         <load_address>0x1650</load_address>
         <run_address>0x1650</run_address>
         <size>0x40</size>
         <input_file_ref idref="fl-dd"/>
      </object_component>
      <object_component id="oc-1f9">
         <name>.text:xPortStartScheduler</name>
         <load_address>0x1690</load_address>
         <run_address>0x1690</run_address>
         <size>0x40</size>
         <input_file_ref idref="fl-12"/>
      </object_component>
      <object_component id="oc-73">
         <name>.text:_c_int00_noargs:_c_int00_noargs</name>
         <load_address>0x16d0</load_address>
         <run_address>0x16d0</run_address>
         <size>0x38</size>
         <input_file_ref idref="fl-e8"/>
      </object_component>
      <object_component id="oc-3d4">
         <name>.text:vListInsert</name>
         <load_address>0x1708</load_address>
         <run_address>0x1708</run_address>
         <size>0x38</size>
         <input_file_ref idref="fl-d"/>
      </object_component>
      <object_component id="oc-2f7">
         <name>.text:prvHeapInit</name>
         <load_address>0x1740</load_address>
         <run_address>0x1740</run_address>
         <size>0x30</size>
         <input_file_ref idref="fl-14"/>
      </object_component>
      <object_component id="oc-1c9">
         <name>.text:xQueueGenericCreate</name>
         <load_address>0x1770</load_address>
         <run_address>0x1770</run_address>
         <size>0x2e</size>
         <input_file_ref idref="fl-e"/>
      </object_component>
      <object_component id="oc-2a">
         <name>.text:NmiSR</name>
         <load_address>0x179e</load_address>
         <run_address>0x179e</run_address>
         <size>0x2</size>
         <input_file_ref idref="fl-6"/>
      </object_component>
      <object_component id="oc-32b">
         <name>.text:pxPortInitialiseStack</name>
         <load_address>0x17a0</load_address>
         <run_address>0x17a0</run_address>
         <size>0x2c</size>
         <input_file_ref idref="fl-12"/>
      </object_component>
      <object_component id="oc-295">
         <name>.text:uartPrint</name>
         <load_address>0x17cc</load_address>
         <run_address>0x17cc</run_address>
         <size>0x2c</size>
         <input_file_ref idref="fl-7"/>
      </object_component>
      <object_component id="oc-1db">
         <name>.text:uartTask</name>
         <load_address>0x17f8</load_address>
         <run_address>0x17f8</run_address>
         <size>0x2c</size>
         <input_file_ref idref="fl-7"/>
      </object_component>
      <object_component id="oc-41">
         <name>.text:xPortSysTickHandler</name>
         <load_address>0x1824</load_address>
         <run_address>0x1824</run_address>
         <size>0x2c</size>
         <input_file_ref idref="fl-12"/>
      </object_component>
      <object_component id="oc-f8">
         <name>.text:prvResetNextTaskUnblockTime</name>
         <load_address>0x1850</load_address>
         <run_address>0x1850</run_address>
         <size>0x28</size>
         <input_file_ref idref="fl-10"/>
      </object_component>
      <object_component id="oc-fe">
         <name>.text:uxListRemove</name>
         <load_address>0x1878</load_address>
         <run_address>0x1878</run_address>
         <size>0x26</size>
         <input_file_ref idref="fl-d"/>
      </object_component>
      <object_component id="oc-24f">
         <name>.text:prvInitialiseNewQueue</name>
         <load_address>0x189e</load_address>
         <run_address>0x189e</run_address>
         <size>0x24</size>
         <input_file_ref idref="fl-e"/>
      </object_component>
      <object_component id="oc-38a">
         <name>.text</name>
         <load_address>0x18c2</load_address>
         <run_address>0x18c2</run_address>
         <size>0x2</size>
         <input_file_ref idref="fl-e9"/>
      </object_component>
      <object_component id="oc-1e5">
         <name>.text:coreMeasureTask</name>
         <load_address>0x18c4</load_address>
         <run_address>0x18c4</run_address>
         <size>0x1f</size>
         <input_file_ref idref="fl-3"/>
      </object_component>
      <object_component id="oc-3f2">
         <name>.text:prvIsQueueFull</name>
         <load_address>0x18e4</load_address>
         <run_address>0x18e4</run_address>
         <size>0x1c</size>
         <input_file_ref idref="fl-e"/>
      </object_component>
      <object_component id="oc-206">
         <name>.text:vPortEnterCritical</name>
         <load_address>0x1900</load_address>
         <run_address>0x1900</run_address>
         <size>0x1c</size>
         <input_file_ref idref="fl-12"/>
      </object_component>
      <object_component id="oc-2aa">
         <name>.text:vPortSetupTimerInterrupt</name>
         <load_address>0x191c</load_address>
         <run_address>0x191c</run_address>
         <size>0x1c</size>
         <input_file_ref idref="fl-12"/>
      </object_component>
      <object_component id="oc-345">
         <name>.text:vTaskPlaceOnEventList</name>
         <load_address>0x1938</load_address>
         <run_address>0x1938</run_address>
         <size>0x1c</size>
         <input_file_ref idref="fl-10"/>
      </object_component>
      <object_component id="oc-135">
         <name>.text:UARTprintf</name>
         <load_address>0x1954</load_address>
         <run_address>0x1954</run_address>
         <size>0x1a</size>
         <input_file_ref idref="fl-16"/>
      </object_component>
      <object_component id="oc-339">
         <name>.text:prvIsQueueEmpty</name>
         <load_address>0x196e</load_address>
         <run_address>0x196e</run_address>
         <size>0x1a</size>
         <input_file_ref idref="fl-e"/>
      </object_component>
      <object_component id="oc-369">
         <name>.text:pvTaskIncrementMutexHeldCount</name>
         <load_address>0x1988</load_address>
         <run_address>0x1988</run_address>
         <size>0x18</size>
         <input_file_ref idref="fl-10"/>
      </object_component>
      <object_component id="oc-104">
         <name>.text:vListInsertEnd</name>
         <load_address>0x19a0</load_address>
         <run_address>0x19a0</run_address>
         <size>0x18</size>
         <input_file_ref idref="fl-d"/>
      </object_component>
      <object_component id="oc-212">
         <name>.text:vPortExitCritical</name>
         <load_address>0x19b8</load_address>
         <run_address>0x19b8</run_address>
         <size>0x18</size>
         <input_file_ref idref="fl-12"/>
      </object_component>
      <object_component id="oc-351">
         <name>.text:vTaskInternalSetTimeOutState</name>
         <load_address>0x19d0</load_address>
         <run_address>0x19d0</run_address>
         <size>0x18</size>
         <input_file_ref idref="fl-10"/>
      </object_component>
      <object_component id="oc-35d">
         <name>.text:prvGetDisinheritPriorityAfterTimeout</name>
         <load_address>0x19e8</load_address>
         <run_address>0x19e8</run_address>
         <size>0x16</size>
         <input_file_ref idref="fl-e"/>
      </object_component>
      <object_component id="oc-3b9">
         <name>.text:vListInitialise</name>
         <load_address>0x19fe</load_address>
         <run_address>0x19fe</run_address>
         <size>0x16</size>
         <input_file_ref idref="fl-d"/>
      </object_component>
      <object_component id="oc-37c">
         <name>.text:strcpy</name>
         <load_address>0x1a14</load_address>
         <run_address>0x1a14</run_address>
         <size>0x14</size>
         <input_file_ref idref="fl-e6"/>
      </object_component>
      <object_component id="oc-283">
         <name>.text:strlen</name>
         <load_address>0x1a28</load_address>
         <run_address>0x1a28</run_address>
         <size>0x14</size>
         <input_file_ref idref="fl-e7"/>
      </object_component>
      <object_component id="oc-20c">
         <name>.text:prvDeleteTCB</name>
         <load_address>0x1a3c</load_address>
         <run_address>0x1a3c</run_address>
         <size>0x12</size>
         <input_file_ref idref="fl-10"/>
      </object_component>
      <object_component id="oc-3c1">
         <name>.text:prvTaskExitError</name>
         <load_address>0x1a4e</load_address>
         <run_address>0x1a4e</run_address>
         <size>0x10</size>
         <input_file_ref idref="fl-12"/>
      </object_component>
      <object_component id="oc-ee">
         <name>.text:vApplicationStackOverflowHook</name>
         <load_address>0x1a5e</load_address>
         <run_address>0x1a5e</run_address>
         <size>0x2</size>
         <input_file_ref idref="fl-4"/>
      </object_component>
      <object_component id="oc-2f1">
         <name>.text:vTaskSuspendAll</name>
         <load_address>0x1a60</load_address>
         <run_address>0x1a60</run_address>
         <size>0x10</size>
         <input_file_ref idref="fl-10"/>
      </object_component>
      <object_component id="oc-18">
         <name>.text:decompress:none:__TI_decompress_none</name>
         <load_address>0x1a70</load_address>
         <run_address>0x1a70</run_address>
         <size>0xe</size>
         <input_file_ref idref="fl-e4"/>
      </object_component>
      <object_component id="oc-67">
         <name>.text:decompress:ZI:__TI_zero_init</name>
         <load_address>0x1a7e</load_address>
         <run_address>0x1a7e</run_address>
         <size>0xc</size>
         <input_file_ref idref="fl-e3"/>
      </object_component>
      <object_component id="oc-3e1">
         <name>.text:vTaskMissedYield</name>
         <load_address>0x1a8c</load_address>
         <run_address>0x1a8c</run_address>
         <size>0xc</size>
         <input_file_ref idref="fl-10"/>
      </object_component>
      <object_component id="oc-1ff">
         <name>.text:prvIdleTask</name>
         <load_address>0x1a98</load_address>
         <run_address>0x1a98</run_address>
         <size>0x8</size>
         <input_file_ref idref="fl-10"/>
      </object_component>
      <object_component id="oc-24">
         <name>.text:ResetISR</name>
         <load_address>0x1aa0</load_address>
         <run_address>0x1aa0</run_address>
         <size>0x6</size>
         <input_file_ref idref="fl-6"/>
      </object_component>
      <object_component id="oc-1c3">
         <name>.text:UARTClockSourceSet</name>
         <load_address>0x1aa6</load_address>
         <run_address>0x1aa6</run_address>
         <size>0x6</size>
         <input_file_ref idref="fl-25"/>
      </object_component>
      <object_component id="oc-325">
         <name>.text:vListInitialiseItem</name>
         <load_address>0x1aac</load_address>
         <run_address>0x1aac</run_address>
         <size>0x6</size>
         <input_file_ref idref="fl-d"/>
      </object_component>
      <object_component id="oc-c6">
         <name>.text:_system_pre_init</name>
         <load_address>0x1ab2</load_address>
         <run_address>0x1ab2</run_address>
         <size>0x4</size>
         <input_file_ref idref="fl-eb"/>
      </object_component>
      <object_component id="oc-14d">
         <name>.text:abort:abort</name>
         <load_address>0x1ab6</load_address>
         <run_address>0x1ab6</run_address>
         <size>0x4</size>
         <input_file_ref idref="fl-ed"/>
      </object_component>
      <object_component id="oc-260">
         <name>.const:g_ui32UARTBase</name>
         <load_address>0x1abc</load_address>
         <run_address>0x1abc</run_address>
         <size>0xc</size>
         <input_file_ref idref="fl-16"/>
      </object_component>
      <object_component id="oc-25d">
         <name>.const:g_ui32UARTPeriph</name>
         <load_address>0x1ac8</load_address>
         <run_address>0x1ac8</run_address>
         <size>0xc</size>
         <input_file_ref idref="fl-16"/>
      </object_component>
      <object_component id="oc-8e">
         <name>.const</name>
         <load_address>0x1ad4</load_address>
         <run_address>0x1ad4</run_address>
         <size>0x4</size>
         <input_file_ref idref="fl-12"/>
      </object_component>
      <object_component id="oc-443">
         <name>.cinit..data.load</name>
         <load_address>0x1ad8</load_address>
         <run_address>0x1ad8</run_address>
         <size>0x12</size>
      </object_component>
      <object_component id="oc-441">
         <name>__TI_handler_table</name>
         <load_address>0x1aec</load_address>
         <run_address>0x1aec</run_address>
         <size>0xc</size>
      </object_component>
      <object_component id="oc-444">
         <name>.cinit..bss.load</name>
         <load_address>0x1af8</load_address>
         <run_address>0x1af8</run_address>
         <size>0x8</size>
      </object_component>
      <object_component id="oc-442">
         <name>__TI_cinit_table</name>
         <load_address>0x1b00</load_address>
         <run_address>0x1b00</run_address>
         <size>0x10</size>
      </object_component>
      <object_component id="oc-289">
         <name>.data:uartBuffer</name>
         <load_address>0x20007924</load_address>
         <run_address>0x20007924</run_address>
         <size>0x15</size>
         <input_file_ref idref="fl-7"/>
      </object_component>
      <object_component id="oc-1e1">
         <name>.data</name>
         <load_address>0x20007950</load_address>
         <run_address>0x20007950</run_address>
         <size>0x4</size>
         <input_file_ref idref="fl-7"/>
      </object_component>
      <object_component id="oc-8b">
         <name>.data</name>
         <load_address>0x200078f0</load_address>
         <run_address>0x200078f0</run_address>
         <size>0x34</size>
         <input_file_ref idref="fl-10"/>
      </object_component>
      <object_component id="oc-2b0">
         <name>.data</name>
         <load_address>0x2000794c</load_address>
         <run_address>0x2000794c</run_address>
         <size>0x4</size>
         <input_file_ref idref="fl-12"/>
      </object_component>
      <object_component id="oc-303">
         <name>.data</name>
         <load_address>0x2000793c</load_address>
         <run_address>0x2000793c</run_address>
         <size>0x8</size>
         <input_file_ref idref="fl-14"/>
      </object_component>
      <object_component id="oc-263">
         <name>.data</name>
         <load_address>0x20007944</load_address>
         <run_address>0x20007944</run_address>
         <size>0x5</size>
         <input_file_ref idref="fl-16"/>
      </object_component>
      <object_component id="oc-f4">
         <name>.bss:pxReadyTasksLists</name>
         <uninitialized>true</uninitialized>
         <run_address>0x20007530</run_address>
         <size>0x140</size>
         <input_file_ref idref="fl-10"/>
      </object_component>
      <object_component id="oc-3c8">
         <name>.bss:xDelayedTaskList1</name>
         <uninitialized>true</uninitialized>
         <run_address>0x20007670</run_address>
         <size>0x14</size>
         <input_file_ref idref="fl-10"/>
      </object_component>
      <object_component id="oc-3cb">
         <name>.bss:xDelayedTaskList2</name>
         <uninitialized>true</uninitialized>
         <run_address>0x20007684</run_address>
         <size>0x14</size>
         <input_file_ref idref="fl-10"/>
      </object_component>
      <object_component id="oc-10a">
         <name>.bss</name>
         <uninitialized>true</uninitialized>
         <run_address>0x200076d4</run_address>
         <size>0x8</size>
         <input_file_ref idref="fl-10"/>
      </object_component>
      <object_component id="oc-3a8">
         <name>.bss:xPendingReadyList</name>
         <uninitialized>true</uninitialized>
         <run_address>0x20007698</run_address>
         <size>0x14</size>
         <input_file_ref idref="fl-10"/>
      </object_component>
      <object_component id="oc-218">
         <name>.bss:xTasksWaitingTermination</name>
         <uninitialized>true</uninitialized>
         <run_address>0x200076c0</run_address>
         <size>0x14</size>
         <input_file_ref idref="fl-10"/>
      </object_component>
      <object_component id="oc-3ce">
         <name>.bss:xSuspendedTaskList</name>
         <uninitialized>true</uninitialized>
         <run_address>0x200076ac</run_address>
         <size>0x14</size>
         <input_file_ref idref="fl-10"/>
      </object_component>
      <object_component id="oc-3a4">
         <name>.bss:ucHeap</name>
         <uninitialized>true</uninitialized>
         <run_address>0x20000000</run_address>
         <size>0x7530</size>
         <input_file_ref idref="fl-14"/>
      </object_component>
      <object_component id="oc-306">
         <name>.bss:xStart</name>
         <uninitialized>true</uninitialized>
         <run_address>0x200076e4</run_address>
         <size>0x8</size>
         <input_file_ref idref="fl-14"/>
      </object_component>
      <object_component id="oc-309">
         <name>.bss:xEnd</name>
         <uninitialized>true</uninitialized>
         <run_address>0x200076dc</run_address>
         <size>0x8</size>
         <input_file_ref idref="fl-14"/>
      </object_component>
      <object_component id="oc-21">
         <name>.stack</name>
         <uninitialized>true</uninitialized>
         <run_address>0x200076f0</run_address>
         <size>0x4</size>
         <input_file_ref idref="fl-e8"/>
      </object_component>
      <object_component id="oc-445">
         <name>.stack</name>
         <uninitialized>true</uninitialized>
         <run_address>0x200076f0</run_address>
         <size>0x0</size>
      </object_component>
      <object_component id="oc-118">
         <name>.debug_info</name>
         <load_address>0x0</load_address>
         <run_address>0x0</run_address>
         <size>0x47d</size>
         <input_file_ref idref="fl-2"/>
      </object_component>
      <object_component id="oc-a1">
         <name>.debug_info</name>
         <load_address>0x47d</load_address>
         <run_address>0x47d</run_address>
         <size>0x26b</size>
         <input_file_ref idref="fl-2"/>
      </object_component>
      <object_component id="oc-113">
         <name>.debug_info</name>
         <load_address>0x6e8</load_address>
         <run_address>0x6e8</run_address>
         <size>0x8b</size>
         <input_file_ref idref="fl-2"/>
      </object_component>
      <object_component id="oc-10e">
         <name>.debug_info</name>
         <load_address>0x773</load_address>
         <run_address>0x773</run_address>
         <size>0x297</size>
         <input_file_ref idref="fl-2"/>
      </object_component>
      <object_component id="oc-a6">
         <name>.debug_info</name>
         <load_address>0xa0a</load_address>
         <run_address>0xa0a</run_address>
         <size>0xbb</size>
         <input_file_ref idref="fl-2"/>
      </object_component>
      <object_component id="oc-21c">
         <name>.debug_info</name>
         <load_address>0xac5</load_address>
         <run_address>0xac5</run_address>
         <size>0x403</size>
         <input_file_ref idref="fl-3"/>
      </object_component>
      <object_component id="oc-1e6">
         <name>.debug_info</name>
         <load_address>0xec8</load_address>
         <run_address>0xec8</run_address>
         <size>0x142</size>
         <input_file_ref idref="fl-3"/>
      </object_component>
      <object_component id="oc-130">
         <name>.debug_info</name>
         <load_address>0x100a</load_address>
         <run_address>0x100a</run_address>
         <size>0x15e</size>
         <input_file_ref idref="fl-3"/>
      </object_component>
      <object_component id="oc-148">
         <name>.debug_info</name>
         <load_address>0x1168</load_address>
         <run_address>0x1168</run_address>
         <size>0x315</size>
         <input_file_ref idref="fl-3"/>
      </object_component>
      <object_component id="oc-1b2">
         <name>.debug_info</name>
         <load_address>0x147d</load_address>
         <run_address>0x147d</run_address>
         <size>0x461</size>
         <input_file_ref idref="fl-3"/>
      </object_component>
      <object_component id="oc-240">
         <name>.debug_info</name>
         <load_address>0x18de</load_address>
         <run_address>0x18de</run_address>
         <size>0x4f</size>
         <input_file_ref idref="fl-3"/>
      </object_component>
      <object_component id="oc-290">
         <name>.debug_info</name>
         <load_address>0x192d</load_address>
         <run_address>0x192d</run_address>
         <size>0x2c</size>
         <input_file_ref idref="fl-3"/>
      </object_component>
      <object_component id="oc-50">
         <name>.debug_info</name>
         <load_address>0x1959</load_address>
         <run_address>0x1959</run_address>
         <size>0x84</size>
         <input_file_ref idref="fl-3"/>
      </object_component>
      <object_component id="oc-18d">
         <name>.debug_info</name>
         <load_address>0x19dd</load_address>
         <run_address>0x19dd</run_address>
         <size>0x2c</size>
         <input_file_ref idref="fl-3"/>
      </object_component>
      <object_component id="oc-1ad">
         <name>.debug_info</name>
         <load_address>0x1a09</load_address>
         <run_address>0x1a09</run_address>
         <size>0x53</size>
         <input_file_ref idref="fl-3"/>
      </object_component>
      <object_component id="oc-e1">
         <name>.debug_info</name>
         <load_address>0x1a5c</load_address>
         <run_address>0x1a5c</run_address>
         <size>0x53</size>
         <input_file_ref idref="fl-3"/>
      </object_component>
      <object_component id="oc-1f4">
         <name>.debug_info</name>
         <load_address>0x1aaf</load_address>
         <run_address>0x1aaf</run_address>
         <size>0x2c</size>
         <input_file_ref idref="fl-3"/>
      </object_component>
      <object_component id="oc-1a1">
         <name>.debug_info</name>
         <load_address>0x1adb</load_address>
         <run_address>0x1adb</run_address>
         <size>0x14c</size>
         <input_file_ref idref="fl-3"/>
      </object_component>
      <object_component id="oc-1b8">
         <name>.debug_info</name>
         <load_address>0x1c27</load_address>
         <run_address>0x1c27</run_address>
         <size>0x425</size>
         <input_file_ref idref="fl-4"/>
      </object_component>
      <object_component id="oc-ef">
         <name>.debug_info</name>
         <load_address>0x204c</load_address>
         <run_address>0x204c</run_address>
         <size>0x13e</size>
         <input_file_ref idref="fl-4"/>
      </object_component>
      <object_component id="oc-cd">
         <name>.debug_info</name>
         <load_address>0x218a</load_address>
         <run_address>0x218a</run_address>
         <size>0x1a6</size>
         <input_file_ref idref="fl-4"/>
      </object_component>
      <object_component id="oc-49">
         <name>.debug_info</name>
         <load_address>0x2330</load_address>
         <run_address>0x2330</run_address>
         <size>0x30e</size>
         <input_file_ref idref="fl-6"/>
      </object_component>
      <object_component id="oc-10">
         <name>.debug_info</name>
         <load_address>0x263e</load_address>
         <run_address>0x263e</run_address>
         <size>0xcd</size>
         <input_file_ref idref="fl-6"/>
      </object_component>
      <object_component id="oc-25">
         <name>.debug_info</name>
         <load_address>0x270b</load_address>
         <run_address>0x270b</run_address>
         <size>0xfd</size>
         <input_file_ref idref="fl-6"/>
      </object_component>
      <object_component id="oc-2b">
         <name>.debug_info</name>
         <load_address>0x2808</load_address>
         <run_address>0x2808</run_address>
         <size>0xee</size>
         <input_file_ref idref="fl-6"/>
      </object_component>
      <object_component id="oc-37">
         <name>.debug_info</name>
         <load_address>0x28f6</load_address>
         <run_address>0x28f6</run_address>
         <size>0x106</size>
         <input_file_ref idref="fl-6"/>
      </object_component>
      <object_component id="oc-31">
         <name>.debug_info</name>
         <load_address>0x29fc</load_address>
         <run_address>0x29fc</run_address>
         <size>0xf4</size>
         <input_file_ref idref="fl-6"/>
      </object_component>
      <object_component id="oc-28d">
         <name>.debug_info</name>
         <load_address>0x2af0</load_address>
         <run_address>0x2af0</run_address>
         <size>0x5a2</size>
         <input_file_ref idref="fl-7"/>
      </object_component>
      <object_component id="oc-28a">
         <name>.debug_info</name>
         <load_address>0x3092</load_address>
         <run_address>0x3092</run_address>
         <size>0xc7</size>
         <input_file_ref idref="fl-7"/>
      </object_component>
      <object_component id="oc-1e2">
         <name>.debug_info</name>
         <load_address>0x3159</load_address>
         <run_address>0x3159</run_address>
         <size>0xc9</size>
         <input_file_ref idref="fl-7"/>
      </object_component>
      <object_component id="oc-1dc">
         <name>.debug_info</name>
         <load_address>0x3222</load_address>
         <run_address>0x3222</run_address>
         <size>0x144</size>
         <input_file_ref idref="fl-7"/>
      </object_component>
      <object_component id="oc-296">
         <name>.debug_info</name>
         <load_address>0x3366</load_address>
         <run_address>0x3366</run_address>
         <size>0x155</size>
         <input_file_ref idref="fl-7"/>
      </object_component>
      <object_component id="oc-12a">
         <name>.debug_info</name>
         <load_address>0x34bb</load_address>
         <run_address>0x34bb</run_address>
         <size>0x1c3</size>
         <input_file_ref idref="fl-7"/>
      </object_component>
      <object_component id="oc-23d">
         <name>.debug_info</name>
         <load_address>0x367e</load_address>
         <run_address>0x367e</run_address>
         <size>0x684</size>
         <input_file_ref idref="fl-c"/>
      </object_component>
      <object_component id="oc-197">
         <name>.debug_info</name>
         <load_address>0x3d02</load_address>
         <run_address>0x3d02</run_address>
         <size>0x110</size>
         <input_file_ref idref="fl-c"/>
      </object_component>
      <object_component id="oc-1a6">
         <name>.debug_info</name>
         <load_address>0x3e12</load_address>
         <run_address>0x3e12</run_address>
         <size>0x461</size>
         <input_file_ref idref="fl-c"/>
      </object_component>
      <object_component id="oc-2e5">
         <name>.debug_info</name>
         <load_address>0x4273</load_address>
         <run_address>0x4273</run_address>
         <size>0x76</size>
         <input_file_ref idref="fl-c"/>
      </object_component>
      <object_component id="oc-2ea">
         <name>.debug_info</name>
         <load_address>0x42e9</load_address>
         <run_address>0x42e9</run_address>
         <size>0x39</size>
         <input_file_ref idref="fl-c"/>
      </object_component>
      <object_component id="oc-192">
         <name>.debug_info</name>
         <load_address>0x4322</load_address>
         <run_address>0x4322</run_address>
         <size>0x4f</size>
         <input_file_ref idref="fl-c"/>
      </object_component>
      <object_component id="oc-1bd">
         <name>.debug_info</name>
         <load_address>0x4371</load_address>
         <run_address>0x4371</run_address>
         <size>0x370</size>
         <input_file_ref idref="fl-d"/>
      </object_component>
      <object_component id="oc-105">
         <name>.debug_info</name>
         <load_address>0x46e1</load_address>
         <run_address>0x46e1</run_address>
         <size>0x1f6</size>
         <input_file_ref idref="fl-d"/>
      </object_component>
      <object_component id="oc-3d5">
         <name>.debug_info</name>
         <load_address>0x48d7</load_address>
         <run_address>0x48d7</run_address>
         <size>0x221</size>
         <input_file_ref idref="fl-d"/>
      </object_component>
      <object_component id="oc-326">
         <name>.debug_info</name>
         <load_address>0x4af8</load_address>
         <run_address>0x4af8</run_address>
         <size>0x1a3</size>
         <input_file_ref idref="fl-d"/>
      </object_component>
      <object_component id="oc-3ba">
         <name>.debug_info</name>
         <load_address>0x4c9b</load_address>
         <run_address>0x4c9b</run_address>
         <size>0x19b</size>
         <input_file_ref idref="fl-d"/>
      </object_component>
      <object_component id="oc-ff">
         <name>.debug_info</name>
         <load_address>0x4e36</load_address>
         <run_address>0x4e36</run_address>
         <size>0x1ce</size>
         <input_file_ref idref="fl-d"/>
      </object_component>
      <object_component id="oc-25b">
         <name>.debug_info</name>
         <load_address>0x5004</load_address>
         <run_address>0x5004</run_address>
         <size>0x87f</size>
         <input_file_ref idref="fl-e"/>
      </object_component>
      <object_component id="oc-33a">
         <name>.debug_info</name>
         <load_address>0x5883</load_address>
         <run_address>0x5883</run_address>
         <size>0x1f0</size>
         <input_file_ref idref="fl-e"/>
      </object_component>
      <object_component id="oc-34c">
         <name>.debug_info</name>
         <load_address>0x5a73</load_address>
         <run_address>0x5a73</run_address>
         <size>0x29e</size>
         <input_file_ref idref="fl-e"/>
      </object_component>
      <object_component id="oc-35e">
         <name>.debug_info</name>
         <load_address>0x5d11</load_address>
         <run_address>0x5d11</run_address>
         <size>0x219</size>
         <input_file_ref idref="fl-e"/>
      </object_component>
      <object_component id="oc-27e">
         <name>.debug_info</name>
         <load_address>0x5f2a</load_address>
         <run_address>0x5f2a</run_address>
         <size>0x569</size>
         <input_file_ref idref="fl-e"/>
      </object_component>
      <object_component id="oc-3f3">
         <name>.debug_info</name>
         <load_address>0x6493</load_address>
         <run_address>0x6493</run_address>
         <size>0x1ee</size>
         <input_file_ref idref="fl-e"/>
      </object_component>
      <object_component id="oc-3f9">
         <name>.debug_info</name>
         <load_address>0x6681</load_address>
         <run_address>0x6681</run_address>
         <size>0x281</size>
         <input_file_ref idref="fl-e"/>
      </object_component>
      <object_component id="oc-383">
         <name>.debug_info</name>
         <load_address>0x6902</load_address>
         <run_address>0x6902</run_address>
         <size>0x48f</size>
         <input_file_ref idref="fl-e"/>
      </object_component>
      <object_component id="oc-30f">
         <name>.debug_info</name>
         <load_address>0x6d91</load_address>
         <run_address>0x6d91</run_address>
         <size>0x25b</size>
         <input_file_ref idref="fl-e"/>
      </object_component>
      <object_component id="oc-250">
         <name>.debug_info</name>
         <load_address>0x6fec</load_address>
         <run_address>0x6fec</run_address>
         <size>0x2e2</size>
         <input_file_ref idref="fl-e"/>
      </object_component>
      <object_component id="oc-1ca">
         <name>.debug_info</name>
         <load_address>0x72ce</load_address>
         <run_address>0x72ce</run_address>
         <size>0x2b8</size>
         <input_file_ref idref="fl-e"/>
      </object_component>
      <object_component id="oc-317">
         <name>.debug_info</name>
         <load_address>0x7586</load_address>
         <run_address>0x7586</run_address>
         <size>0x23f</size>
         <input_file_ref idref="fl-e"/>
      </object_component>
      <object_component id="oc-256">
         <name>.debug_info</name>
         <load_address>0x77c5</load_address>
         <run_address>0x77c5</run_address>
         <size>0x46</size>
         <input_file_ref idref="fl-e"/>
      </object_component>
      <object_component id="oc-120">
         <name>.debug_info</name>
         <load_address>0x780b</load_address>
         <run_address>0x780b</run_address>
         <size>0x2c</size>
         <input_file_ref idref="fl-f"/>
      </object_component>
      <object_component id="oc-e0">
         <name>.debug_info</name>
         <load_address>0x7837</load_address>
         <run_address>0x7837</run_address>
         <size>0x7ea</size>
         <input_file_ref idref="fl-10"/>
      </object_component>
      <object_component id="oc-8c">
         <name>.debug_info</name>
         <load_address>0x8021</load_address>
         <run_address>0x8021</run_address>
         <size>0x353</size>
         <input_file_ref idref="fl-10"/>
      </object_component>
      <object_component id="oc-f5">
         <name>.debug_info</name>
         <load_address>0x8374</load_address>
         <run_address>0x8374</run_address>
         <size>0xfa</size>
         <input_file_ref idref="fl-10"/>
      </object_component>
      <object_component id="oc-3c9">
         <name>.debug_info</name>
         <load_address>0x846e</load_address>
         <run_address>0x846e</run_address>
         <size>0xfa</size>
         <input_file_ref idref="fl-10"/>
      </object_component>
      <object_component id="oc-3cc">
         <name>.debug_info</name>
         <load_address>0x8568</load_address>
         <run_address>0x8568</run_address>
         <size>0xfa</size>
         <input_file_ref idref="fl-10"/>
      </object_component>
      <object_component id="oc-10b">
         <name>.debug_info</name>
         <load_address>0x8662</load_address>
         <run_address>0x8662</run_address>
         <size>0x13d</size>
         <input_file_ref idref="fl-10"/>
      </object_component>
      <object_component id="oc-3a9">
         <name>.debug_info</name>
         <load_address>0x879f</load_address>
         <run_address>0x879f</run_address>
         <size>0xfa</size>
         <input_file_ref idref="fl-10"/>
      </object_component>
      <object_component id="oc-219">
         <name>.debug_info</name>
         <load_address>0x8899</load_address>
         <run_address>0x8899</run_address>
         <size>0x108</size>
         <input_file_ref idref="fl-10"/>
      </object_component>
      <object_component id="oc-3cf">
         <name>.debug_info</name>
         <load_address>0x89a1</load_address>
         <run_address>0x89a1</run_address>
         <size>0xfc</size>
         <input_file_ref idref="fl-10"/>
      </object_component>
      <object_component id="oc-f9">
         <name>.debug_info</name>
         <load_address>0x8a9d</load_address>
         <run_address>0x8a9d</run_address>
         <size>0x1a1</size>
         <input_file_ref idref="fl-10"/>
      </object_component>
      <object_component id="oc-99">
         <name>.debug_info</name>
         <load_address>0x8c3e</load_address>
         <run_address>0x8c3e</run_address>
         <size>0x271</size>
         <input_file_ref idref="fl-10"/>
      </object_component>
      <object_component id="oc-2fe">
         <name>.debug_info</name>
         <load_address>0x8eaf</load_address>
         <run_address>0x8eaf</run_address>
         <size>0x27f</size>
         <input_file_ref idref="fl-10"/>
      </object_component>
      <object_component id="oc-370">
         <name>.debug_info</name>
         <load_address>0x912e</load_address>
         <run_address>0x912e</run_address>
         <size>0x242</size>
         <input_file_ref idref="fl-10"/>
      </object_component>
      <object_component id="oc-340">
         <name>.debug_info</name>
         <load_address>0x9370</load_address>
         <run_address>0x9370</run_address>
         <size>0x210</size>
         <input_file_ref idref="fl-10"/>
      </object_component>
      <object_component id="oc-413">
         <name>.debug_info</name>
         <load_address>0x9580</load_address>
         <run_address>0x9580</run_address>
         <size>0x210</size>
         <input_file_ref idref="fl-10"/>
      </object_component>
      <object_component id="oc-3db">
         <name>.debug_info</name>
         <load_address>0x9790</load_address>
         <run_address>0x9790</run_address>
         <size>0x2bb</size>
         <input_file_ref idref="fl-10"/>
      </object_component>
      <object_component id="oc-271">
         <name>.debug_info</name>
         <load_address>0x9a4b</load_address>
         <run_address>0x9a4b</run_address>
         <size>0x3b5</size>
         <input_file_ref idref="fl-10"/>
      </object_component>
      <object_component id="oc-333">
         <name>.debug_info</name>
         <load_address>0x9e00</load_address>
         <run_address>0x9e00</run_address>
         <size>0x208</size>
         <input_file_ref idref="fl-10"/>
      </object_component>
      <object_component id="oc-277">
         <name>.debug_info</name>
         <load_address>0xa008</load_address>
         <run_address>0xa008</run_address>
         <size>0x21d</size>
         <input_file_ref idref="fl-10"/>
      </object_component>
      <object_component id="oc-1d6">
         <name>.debug_info</name>
         <load_address>0xa225</load_address>
         <run_address>0xa225</run_address>
         <size>0x354</size>
         <input_file_ref idref="fl-10"/>
      </object_component>
      <object_component id="oc-352">
         <name>.debug_info</name>
         <load_address>0xa579</load_address>
         <run_address>0xa579</run_address>
         <size>0x1c7</size>
         <input_file_ref idref="fl-10"/>
      </object_component>
      <object_component id="oc-358">
         <name>.debug_info</name>
         <load_address>0xa740</load_address>
         <run_address>0xa740</run_address>
         <size>0x2b4</size>
         <input_file_ref idref="fl-10"/>
      </object_component>
      <object_component id="oc-92">
         <name>.debug_info</name>
         <load_address>0xa9f4</load_address>
         <run_address>0xa9f4</run_address>
         <size>0x202</size>
         <input_file_ref idref="fl-10"/>
      </object_component>
      <object_component id="oc-2f2">
         <name>.debug_info</name>
         <load_address>0xabf6</load_address>
         <run_address>0xabf6</run_address>
         <size>0x177</size>
         <input_file_ref idref="fl-10"/>
      </object_component>
      <object_component id="oc-13c">
         <name>.debug_info</name>
         <load_address>0xad6d</load_address>
         <run_address>0xad6d</run_address>
         <size>0x1ab</size>
         <input_file_ref idref="fl-10"/>
      </object_component>
      <object_component id="oc-364">
         <name>.debug_info</name>
         <load_address>0xaf18</load_address>
         <run_address>0xaf18</run_address>
         <size>0x2e9</size>
         <input_file_ref idref="fl-10"/>
      </object_component>
      <object_component id="oc-346">
         <name>.debug_info</name>
         <load_address>0xb201</load_address>
         <run_address>0xb201</run_address>
         <size>0x21b</size>
         <input_file_ref idref="fl-10"/>
      </object_component>
      <object_component id="oc-3e2">
         <name>.debug_info</name>
         <load_address>0xb41c</load_address>
         <run_address>0xb41c</run_address>
         <size>0x179</size>
         <input_file_ref idref="fl-10"/>
      </object_component>
      <object_component id="oc-20d">
         <name>.debug_info</name>
         <load_address>0xb595</load_address>
         <run_address>0xb595</run_address>
         <size>0x1b6</size>
         <input_file_ref idref="fl-10"/>
      </object_component>
      <object_component id="oc-142">
         <name>.debug_info</name>
         <load_address>0xb74b</load_address>
         <run_address>0xb74b</run_address>
         <size>0x269</size>
         <input_file_ref idref="fl-10"/>
      </object_component>
      <object_component id="oc-36a">
         <name>.debug_info</name>
         <load_address>0xb9b4</load_address>
         <run_address>0xb9b4</run_address>
         <size>0x197</size>
         <input_file_ref idref="fl-10"/>
      </object_component>
      <object_component id="oc-2b5">
         <name>.debug_info</name>
         <load_address>0xbb4b</load_address>
         <run_address>0xbb4b</run_address>
         <size>0x200</size>
         <input_file_ref idref="fl-10"/>
      </object_component>
      <object_component id="oc-200">
         <name>.debug_info</name>
         <load_address>0xbd4b</load_address>
         <run_address>0xbd4b</run_address>
         <size>0x1af</size>
         <input_file_ref idref="fl-10"/>
      </object_component>
      <object_component id="oc-e6">
         <name>.debug_info</name>
         <load_address>0xbefa</load_address>
         <run_address>0xbefa</run_address>
         <size>0x30c</size>
         <input_file_ref idref="fl-10"/>
      </object_component>
      <object_component id="oc-19c">
         <name>.debug_info</name>
         <load_address>0xc206</load_address>
         <run_address>0xc206</run_address>
         <size>0x146</size>
         <input_file_ref idref="fl-10"/>
      </object_component>
      <object_component id="oc-ed">
         <name>.debug_info</name>
         <load_address>0xc34c</load_address>
         <run_address>0xc34c</run_address>
         <size>0x456</size>
         <input_file_ref idref="fl-12"/>
      </object_component>
      <object_component id="oc-8f">
         <name>.debug_info</name>
         <load_address>0xc7a2</load_address>
         <run_address>0xc7a2</run_address>
         <size>0x127</size>
         <input_file_ref idref="fl-12"/>
      </object_component>
      <object_component id="oc-2b1">
         <name>.debug_info</name>
         <load_address>0xc8c9</load_address>
         <run_address>0xc8c9</run_address>
         <size>0x10e</size>
         <input_file_ref idref="fl-12"/>
      </object_component>
      <object_component id="oc-42">
         <name>.debug_info</name>
         <load_address>0xc9d7</load_address>
         <run_address>0xc9d7</run_address>
         <size>0x1d7</size>
         <input_file_ref idref="fl-12"/>
      </object_component>
      <object_component id="oc-2ab">
         <name>.debug_info</name>
         <load_address>0xcbae</load_address>
         <run_address>0xcbae</run_address>
         <size>0x1c8</size>
         <input_file_ref idref="fl-12"/>
      </object_component>
      <object_component id="oc-1fa">
         <name>.debug_info</name>
         <load_address>0xcd76</load_address>
         <run_address>0xcd76</run_address>
         <size>0x20e</size>
         <input_file_ref idref="fl-12"/>
      </object_component>
      <object_component id="oc-213">
         <name>.debug_info</name>
         <load_address>0xcf84</load_address>
         <run_address>0xcf84</run_address>
         <size>0x1ba</size>
         <input_file_ref idref="fl-12"/>
      </object_component>
      <object_component id="oc-207">
         <name>.debug_info</name>
         <load_address>0xd13e</load_address>
         <run_address>0xd13e</run_address>
         <size>0x1bc</size>
         <input_file_ref idref="fl-12"/>
      </object_component>
      <object_component id="oc-32c">
         <name>.debug_info</name>
         <load_address>0xd2fa</load_address>
         <run_address>0xd2fa</run_address>
         <size>0x271</size>
         <input_file_ref idref="fl-12"/>
      </object_component>
      <object_component id="oc-3c2">
         <name>.debug_info</name>
         <load_address>0xd56b</load_address>
         <run_address>0xd56b</run_address>
         <size>0x1a9</size>
         <input_file_ref idref="fl-12"/>
      </object_component>
      <object_component id="oc-3d">
         <name>.debug_info</name>
         <load_address>0xd714</load_address>
         <run_address>0xd714</run_address>
         <size>0x25f</size>
         <input_file_ref idref="fl-13"/>
      </object_component>
      <object_component id="oc-30d">
         <name>.debug_info</name>
         <load_address>0xd973</load_address>
         <run_address>0xd973</run_address>
         <size>0x41f</size>
         <input_file_ref idref="fl-14"/>
      </object_component>
      <object_component id="oc-3a5">
         <name>.debug_info</name>
         <load_address>0xdd92</load_address>
         <run_address>0xdd92</run_address>
         <size>0xf5</size>
         <input_file_ref idref="fl-14"/>
      </object_component>
      <object_component id="oc-307">
         <name>.debug_info</name>
         <load_address>0xde87</load_address>
         <run_address>0xde87</run_address>
         <size>0xf5</size>
         <input_file_ref idref="fl-14"/>
      </object_component>
      <object_component id="oc-30a">
         <name>.debug_info</name>
         <load_address>0xdf7c</load_address>
         <run_address>0xdf7c</run_address>
         <size>0xf1</size>
         <input_file_ref idref="fl-14"/>
      </object_component>
      <object_component id="oc-304">
         <name>.debug_info</name>
         <load_address>0xe06d</load_address>
         <run_address>0xe06d</run_address>
         <size>0x10f</size>
         <input_file_ref idref="fl-14"/>
      </object_component>
      <object_component id="oc-26b">
         <name>.debug_info</name>
         <load_address>0xe17c</load_address>
         <run_address>0xe17c</run_address>
         <size>0x232</size>
         <input_file_ref idref="fl-14"/>
      </object_component>
      <object_component id="oc-2f8">
         <name>.debug_info</name>
         <load_address>0xe3ae</load_address>
         <run_address>0xe3ae</run_address>
         <size>0x1a2</size>
         <input_file_ref idref="fl-14"/>
      </object_component>
      <object_component id="oc-24a">
         <name>.debug_info</name>
         <load_address>0xe550</load_address>
         <run_address>0xe550</run_address>
         <size>0x316</size>
         <input_file_ref idref="fl-14"/>
      </object_component>
      <object_component id="oc-3b0">
         <name>.debug_info</name>
         <load_address>0xe866</load_address>
         <run_address>0xe866</run_address>
         <size>0x62</size>
         <input_file_ref idref="fl-14"/>
      </object_component>
      <object_component id="oc-1f3">
         <name>.debug_info</name>
         <load_address>0xe8c8</load_address>
         <run_address>0xe8c8</run_address>
         <size>0x298</size>
         <input_file_ref idref="fl-16"/>
      </object_component>
      <object_component id="oc-264">
         <name>.debug_info</name>
         <load_address>0xeb60</load_address>
         <run_address>0xeb60</run_address>
         <size>0xd9</size>
         <input_file_ref idref="fl-16"/>
      </object_component>
      <object_component id="oc-261">
         <name>.debug_info</name>
         <load_address>0xec39</load_address>
         <run_address>0xec39</run_address>
         <size>0xe1</size>
         <input_file_ref idref="fl-16"/>
      </object_component>
      <object_component id="oc-25e">
         <name>.debug_info</name>
         <load_address>0xed1a</load_address>
         <run_address>0xed1a</run_address>
         <size>0xe5</size>
         <input_file_ref idref="fl-16"/>
      </object_component>
      <object_component id="oc-29d">
         <name>.debug_info</name>
         <load_address>0xedff</load_address>
         <run_address>0xedff</run_address>
         <size>0x1ac</size>
         <input_file_ref idref="fl-16"/>
      </object_component>
      <object_component id="oc-1ed">
         <name>.debug_info</name>
         <load_address>0xefab</load_address>
         <run_address>0xefab</run_address>
         <size>0x2de</size>
         <input_file_ref idref="fl-16"/>
      </object_component>
      <object_component id="oc-136">
         <name>.debug_info</name>
         <load_address>0xf289</load_address>
         <run_address>0xf289</run_address>
         <size>0x179</size>
         <input_file_ref idref="fl-16"/>
      </object_component>
      <object_component id="oc-266">
         <name>.debug_info</name>
         <load_address>0xf402</load_address>
         <run_address>0xf402</run_address>
         <size>0x1f7</size>
         <input_file_ref idref="fl-16"/>
      </object_component>
      <object_component id="oc-1d0">
         <name>.debug_info</name>
         <load_address>0xf5f9</load_address>
         <run_address>0xf5f9</run_address>
         <size>0x20f</size>
         <input_file_ref idref="fl-16"/>
      </object_component>
      <object_component id="oc-248">
         <name>.debug_info</name>
         <load_address>0xf808</load_address>
         <run_address>0xf808</run_address>
         <size>0x34d</size>
         <input_file_ref idref="fl-25"/>
      </object_component>
      <object_component id="oc-1c4">
         <name>.debug_info</name>
         <load_address>0xfb55</load_address>
         <run_address>0xfb55</run_address>
         <size>0x1a2</size>
         <input_file_ref idref="fl-25"/>
      </object_component>
      <object_component id="oc-c3">
         <name>.debug_info</name>
         <load_address>0xfcf7</load_address>
         <run_address>0xfcf7</run_address>
         <size>0x13f</size>
         <input_file_ref idref="fl-dc"/>
      </object_component>
      <object_component id="oc-2a4">
         <name>.debug_info</name>
         <load_address>0xfe36</load_address>
         <run_address>0xfe36</run_address>
         <size>0x13a</size>
         <input_file_ref idref="fl-dd"/>
      </object_component>
      <object_component id="oc-56">
         <name>.debug_info</name>
         <load_address>0xff70</load_address>
         <run_address>0xff70</run_address>
         <size>0x111</size>
         <input_file_ref idref="fl-e2"/>
      </object_component>
      <object_component id="oc-bf">
         <name>.debug_info</name>
         <load_address>0x10081</load_address>
         <run_address>0x10081</run_address>
         <size>0x313</size>
         <input_file_ref idref="fl-e3"/>
      </object_component>
      <object_component id="oc-68">
         <name>.debug_info</name>
         <load_address>0x10394</load_address>
         <run_address>0x10394</run_address>
         <size>0x1aa</size>
         <input_file_ref idref="fl-e3"/>
      </object_component>
      <object_component id="oc-ba">
         <name>.debug_info</name>
         <load_address>0x1053e</load_address>
         <run_address>0x1053e</run_address>
         <size>0x46</size>
         <input_file_ref idref="fl-e3"/>
      </object_component>
      <object_component id="oc-60">
         <name>.debug_info</name>
         <load_address>0x10584</load_address>
         <run_address>0x10584</run_address>
         <size>0x29d</size>
         <input_file_ref idref="fl-e4"/>
      </object_component>
      <object_component id="oc-19">
         <name>.debug_info</name>
         <load_address>0x10821</load_address>
         <run_address>0x10821</run_address>
         <size>0x1df</size>
         <input_file_ref idref="fl-e4"/>
      </object_component>
      <object_component id="oc-5b">
         <name>.debug_info</name>
         <load_address>0x10a00</load_address>
         <run_address>0x10a00</run_address>
         <size>0x46</size>
         <input_file_ref idref="fl-e4"/>
      </object_component>
      <object_component id="oc-b2">
         <name>.debug_info</name>
         <load_address>0x10a46</load_address>
         <run_address>0x10a46</run_address>
         <size>0x2c</size>
         <input_file_ref idref="fl-e4"/>
      </object_component>
      <object_component id="oc-b0">
         <name>.debug_info</name>
         <load_address>0x10a72</load_address>
         <run_address>0x10a72</run_address>
         <size>0x293</size>
         <input_file_ref idref="fl-e5"/>
      </object_component>
      <object_component id="oc-13">
         <name>.debug_info</name>
         <load_address>0x10d05</load_address>
         <run_address>0x10d05</run_address>
         <size>0x245</size>
         <input_file_ref idref="fl-e5"/>
      </object_component>
      <object_component id="oc-4b">
         <name>.debug_info</name>
         <load_address>0x10f4a</load_address>
         <run_address>0x10f4a</run_address>
         <size>0x60</size>
         <input_file_ref idref="fl-e5"/>
      </object_component>
      <object_component id="oc-119">
         <name>.debug_info</name>
         <load_address>0x10faa</load_address>
         <run_address>0x10faa</run_address>
         <size>0x46</size>
         <input_file_ref idref="fl-e5"/>
      </object_component>
      <object_component id="oc-ab">
         <name>.debug_info</name>
         <load_address>0x10ff0</load_address>
         <run_address>0x10ff0</run_address>
         <size>0x39</size>
         <input_file_ref idref="fl-e5"/>
      </object_component>
      <object_component id="oc-3f1">
         <name>.debug_info</name>
         <load_address>0x11029</load_address>
         <run_address>0x11029</run_address>
         <size>0x299</size>
         <input_file_ref idref="fl-e6"/>
      </object_component>
      <object_component id="oc-37d">
         <name>.debug_info</name>
         <load_address>0x112c2</load_address>
         <run_address>0x112c2</run_address>
         <size>0x231</size>
         <input_file_ref idref="fl-e6"/>
      </object_component>
      <object_component id="oc-377">
         <name>.debug_info</name>
         <load_address>0x114f3</load_address>
         <run_address>0x114f3</run_address>
         <size>0x284</size>
         <input_file_ref idref="fl-e7"/>
      </object_component>
      <object_component id="oc-284">
         <name>.debug_info</name>
         <load_address>0x11777</load_address>
         <run_address>0x11777</run_address>
         <size>0x22a</size>
         <input_file_ref idref="fl-e7"/>
      </object_component>
      <object_component id="oc-22">
         <name>.debug_info</name>
         <load_address>0x119a1</load_address>
         <run_address>0x119a1</run_address>
         <size>0x100</size>
         <input_file_ref idref="fl-e8"/>
      </object_component>
      <object_component id="oc-74">
         <name>.debug_info</name>
         <load_address>0x11aa1</load_address>
         <run_address>0x11aa1</run_address>
         <size>0x1a4</size>
         <input_file_ref idref="fl-e8"/>
      </object_component>
      <object_component id="oc-38b">
         <name>.debug_info</name>
         <load_address>0x11c45</load_address>
         <run_address>0x11c45</run_address>
         <size>0x10d</size>
         <input_file_ref idref="fl-e9"/>
      </object_component>
      <object_component id="oc-228">
         <name>.debug_info</name>
         <load_address>0x11d52</load_address>
         <run_address>0x11d52</run_address>
         <size>0x547</size>
         <input_file_ref idref="fl-ea"/>
      </object_component>
      <object_component id="oc-15a">
         <name>.debug_info</name>
         <load_address>0x12299</load_address>
         <run_address>0x12299</run_address>
         <size>0x19b</size>
         <input_file_ref idref="fl-ea"/>
      </object_component>
      <object_component id="oc-2d2">
         <name>.debug_info</name>
         <load_address>0x12434</load_address>
         <run_address>0x12434</run_address>
         <size>0x39</size>
         <input_file_ref idref="fl-ea"/>
      </object_component>
      <object_component id="oc-397">
         <name>.debug_info</name>
         <load_address>0x1246d</load_address>
         <run_address>0x1246d</run_address>
         <size>0x39</size>
         <input_file_ref idref="fl-ea"/>
      </object_component>
      <object_component id="oc-2d7">
         <name>.debug_info</name>
         <load_address>0x124a6</load_address>
         <run_address>0x124a6</run_address>
         <size>0x39</size>
         <input_file_ref idref="fl-ea"/>
      </object_component>
      <object_component id="oc-2dc">
         <name>.debug_info</name>
         <load_address>0x124df</load_address>
         <run_address>0x124df</run_address>
         <size>0xcd</size>
         <input_file_ref idref="fl-ea"/>
      </object_component>
      <object_component id="oc-c7">
         <name>.debug_info</name>
         <load_address>0x125ac</load_address>
         <run_address>0x125ac</run_address>
         <size>0x148</size>
         <input_file_ref idref="fl-eb"/>
      </object_component>
      <object_component id="oc-14e">
         <name>.debug_info</name>
         <load_address>0x126f4</load_address>
         <run_address>0x126f4</run_address>
         <size>0x117</size>
         <input_file_ref idref="fl-ed"/>
      </object_component>
      <object_component id="oc-446">
         <name>.debug_info</name>
         <load_address>0x1280b</load_address>
         <run_address>0x1280b</run_address>
         <size>0x90</size>
      </object_component>
      <object_component id="oc-1c2">
         <name>.debug_line</name>
         <load_address>0x0</load_address>
         <run_address>0x0</run_address>
         <size>0x97</size>
         <input_file_ref idref="fl-2"/>
      </object_component>
      <object_component id="oc-a4">
         <name>.debug_line</name>
         <load_address>0x97</load_address>
         <run_address>0x97</run_address>
         <size>0x6b</size>
         <input_file_ref idref="fl-2"/>
      </object_component>
      <object_component id="oc-116">
         <name>.debug_line</name>
         <load_address>0x102</load_address>
         <run_address>0x102</run_address>
         <size>0x20</size>
         <input_file_ref idref="fl-2"/>
      </object_component>
      <object_component id="oc-111">
         <name>.debug_line</name>
         <load_address>0x122</load_address>
         <run_address>0x122</run_address>
         <size>0x6f</size>
         <input_file_ref idref="fl-2"/>
      </object_component>
      <object_component id="oc-a9">
         <name>.debug_line</name>
         <load_address>0x191</load_address>
         <run_address>0x191</run_address>
         <size>0x6c</size>
         <input_file_ref idref="fl-2"/>
      </object_component>
      <object_component id="oc-2c1">
         <name>.debug_line</name>
         <load_address>0x1fd</load_address>
         <run_address>0x1fd</run_address>
         <size>0xc3</size>
         <input_file_ref idref="fl-3"/>
      </object_component>
      <object_component id="oc-1e9">
         <name>.debug_line</name>
         <load_address>0x2c0</load_address>
         <run_address>0x2c0</run_address>
         <size>0x4f</size>
         <input_file_ref idref="fl-3"/>
      </object_component>
      <object_component id="oc-133">
         <name>.debug_line</name>
[...]
            <object_component_ref idref="oc-38d"/>
            <object_component_ref idref="oc-15c"/>
            <object_component_ref idref="oc-c9"/>
            <object_component_ref idref="oc-150"/>
         </contents>
      </logical_group>
      <load_segment id="lg-44b" display="no" color="cyan">
         <name>SEGMENT_0</name>
         <load_address>0x0</load_address>
         <run_address>0x0</run_address>
         <size>0x1b10</size>
         <flags>0x5</flags>
         <contents>
            <logical_group_ref idref="lg-3"/>
            <logical_group_ref idref="lg-4"/>
            <logical_group_ref idref="lg-5"/>
            <logical_group_ref idref="lg-6"/>
         </contents>
      </load_segment>
      <load_segment id="lg-44c" display="no" color="cyan">
         <name>SEGMENT_1</name>
         <run_address>0x20000000</run_address>
         <size>0x7954</size>
         <flags>0x6</flags>
         <contents>
            <logical_group_ref idref="lg-b"/>
            <logical_group_ref idref="lg-d"/>
            <logical_group_ref idref="lg-a"/>
         </contents>
      </load_segment>
   </logical_group_list>
   <placement_map>
      <memory_area display="yes" color="green">
         <name>FLASH</name>
         <page_id>0x0</page_id>
         <origin>0x0</origin>
         <length>0x40000</length>
         <used_space>0x1b0e</used_space>
         <unused_space>0x3e4f2</unused_space>
         <attributes>RX</attributes>
         <usage_details>
            <allocated_space>
               <start_address>0x0</start_address>
               <size>0x26c</size>
               <logical_group_ref idref="lg-3"/>
            </allocated_space>
            <allocated_space>
               <start_address>0x26c</start_address>
               <size>0x184e</size>
               <logical_group_ref idref="lg-4"/>
            </allocated_space>
            <available_space>
               <start_address>0x1aba</start_address>
               <size>0x2</size>
            </available_space>
            <allocated_space>
               <start_address>0x1abc</start_address>
               <size>0x1c</size>
               <logical_group_ref idref="lg-5"/>
            </allocated_space>
            <allocated_space>
               <start_address>0x1ad8</start_address>
               <size>0x38</size>
               <logical_group_ref idref="lg-6"/>
            </allocated_space>
            <available_space>
               <start_address>0x1b10</start_address>
               <size>0x3e4f0</size>
            </available_space>
         </usage_details>
      </memory_area>
      <memory_area display="yes" color="green">
         <name>SRAM</name>
         <page_id>0x0</page_id>
         <origin>0x20000000</origin>
         <length>0x8000</length>
         <used_space>0x7950</used_space>
         <unused_space>0x6b0</unused_space>
         <attributes>RWX</attributes>
         <usage_details>
            <allocated_space>
               <start_address>0x20000000</start_address>
               <size>0x76ec</size>
               <logical_group_ref idref="lg-b"/>
            </allocated_space>
            <available_space>
               <start_address>0x200076ec</start_address>
               <size>0x4</size>
            </available_space>
            <allocated_space>
               <start_address>0x200076f0</start_address>
               <size>0x200</size>
               <logical_group_ref idref="lg-d"/>
            </allocated_space>
            <allocated_space>
               <start_address>0x200078f0</start_address>
               <size>0x64</size>
               <logical_group_ref idref="lg-a"/>
            </allocated_space>
            <available_space>
               <start_address>0x20007954</start_address>
               <size>0x6ac</size>
            </available_space>
         </usage_details>
      </memory_area>
   </placement_map>
   <cptbl_list>
      <cptbl>
         <name>__TI_cinit_table</name>
         <cprec>
            <name>.data</name>
            <load_address>0x1ad8</load_address>
            <load_size>0x12</load_size>
            <run_address>0x200078f0</run_address>
            <run_size>0x64</run_size>
            <compression>lzss</compression>
         </cprec>
         <cprec>
            <name>.bss</name>
            <load_address>0x1af8</load_address>
            <load_size>0x8</load_size>
            <run_address>0x20000000</run_address>
            <run_size>0x76ec</run_size>
            <compression>zero_init</compression>
         </cprec>
      </cptbl>
   </cptbl_list>
   <handler_table>
      <handler_table_name>__TI_handler_table</handler_table_name>
      <handler>
         <index>0x0</index>
         <name>__TI_decompress_lzss</name>
      </handler>
      <handler>
         <index>0x1</index>
         <name>__TI_decompress_none</name>
      </handler>
      <handler>
         <index>0x2</index>
         <name>__TI_zero_init</name>
      </handler>
   </handler_table>
   <symbol_table>
      <symbol id="sm-1">
         <name>__STACK_TOP</name>
         <value>0x200078f0</value>
      </symbol>
      <symbol id="sm-2">
         <name>__TI_CINIT_Base</name>
         <value>0x1b00</value>
      </symbol>
      <symbol id="sm-3">
         <name>__TI_CINIT_Limit</name>
         <value>0x1b10</value>
      </symbol>
      <symbol id="sm-4">
         <name>__TI_Handler_Table_Base</name>
         <value>0x1aec</value>
      </symbol>
      <symbol id="sm-5">
         <name>__TI_Handler_Table_Limit</name>
         <value>0x1af8</value>
      </symbol>
      <symbol id="sm-6">
         <name>binit</name>
         <value>0xffffffff</value>
      </symbol>
      <symbol id="sm-7">
         <name>__binit__</name>
         <value>0xffffffff</value>
      </symbol>
      <symbol id="sm-8">
         <name>__STACK_SIZE</name>
         <value>0x200</value>
      </symbol>
      <symbol id="sm-9">
         <name>__STACK_END</name>
         <value>0x200078f0</value>
      </symbol>
      <symbol id="sm-a">
         <name>__c_args__</name>
         <value>0xffffffff</value>
      </symbol>
      <symbol id="sm-b">
         <name>__TI_pprof_out_hndl</name>
         <value>0xffffffff</value>
      </symbol>
      <symbol id="sm-c">
         <name>__TI_prof_data_start</name>
         <value>0xffffffff</value>
      </symbol>
      <symbol id="sm-d">
         <name>__TI_prof_data_size</name>
         <value>0xffffffff</value>
      </symbol>
      <symbol id="sm-8a">
         <name>coreMeasureInit</name>
         <value>0x11e9</value>
         <object_component_ref idref="oc-12f"/>
      </symbol>
      <symbol id="sm-8b">
         <name>coreMeasureTask</name>
         <value>0x18c5</value>
         <object_component_ref idref="oc-1e5"/>
      </symbol>
      <symbol id="sm-a6">
         <name>vApplicationStackOverflowHook</name>
         <value>0x1a5f</value>
         <object_component_ref idref="oc-ee"/>
      </symbol>
      <symbol id="sm-a7">
         <name>main</name>
         <value>0x14ed</value>
         <object_component_ref idref="oc-cc"/>
      </symbol>
      <symbol id="sm-d9">
         <name>ResetISR</name>
         <value>0x1aa1</value>
         <object_component_ref idref="oc-24"/>
      </symbol>
      <symbol id="sm-da">
         <name>g_pfnVectors</name>
         <value>0x0</value>
         <object_component_ref idref="oc-f"/>
      </symbol>
      <symbol id="sm-119">
         <name>uartTask</name>
         <value>0x17f9</value>
         <object_component_ref idref="oc-1db"/>
      </symbol>
      <symbol id="sm-11a">
         <name>uartSemaphr</name>
         <value>0x20007950</value>
         <object_component_ref idref="oc-1e1"/>
      </symbol>
      <symbol id="sm-11b">
         <name>uartPrint</name>
         <value>0x17cd</value>
         <object_component_ref idref="oc-295"/>
      </symbol>
      <symbol id="sm-11c">
         <name>uARTConfigure</name>
         <value>0x76d</value>
         <object_component_ref idref="oc-129"/>
      </symbol>
      <symbol id="sm-11d">
         <name>uartBuffer</name>
         <value>0x20007924</value>
         <object_component_ref idref="oc-289"/>
      </symbol>
      <symbol id="sm-16e">
         <name>uxListRemove</name>
         <value>0x1879</value>
         <object_component_ref idref="oc-fe"/>
      </symbol>
      <symbol id="sm-16f">
         <name>vListInsert</name>
         <value>0x1709</value>
         <object_component_ref idref="oc-3d4"/>
      </symbol>
      <symbol id="sm-170">
         <name>vListInitialiseItem</name>
         <value>0x1aad</value>
         <object_component_ref idref="oc-325"/>
      </symbol>
      <symbol id="sm-171">
         <name>vListInsertEnd</name>
         <value>0x19a1</value>
         <object_component_ref idref="oc-104"/>
      </symbol>
      <symbol id="sm-172">
         <name>vListInitialise</name>
         <value>0x19ff</value>
         <object_component_ref idref="oc-3b9"/>
      </symbol>
      <symbol id="sm-203">
         <name>xQueueGenericCreate</name>
         <value>0x1771</value>
         <object_component_ref idref="oc-1c9"/>
      </symbol>
      <symbol id="sm-204">
         <name>xQueueGenericSend</name>
         <value>0x67d</value>
         <object_component_ref idref="oc-382"/>
      </symbol>
      <symbol id="sm-205">
         <name>xQueueGenericReset</name>
         <value>0xf89</value>
         <object_component_ref idref="oc-30e"/>
      </symbol>
      <symbol id="sm-206">
         <name>xQueueSemaphoreTake</name>
         <value>0x459</value>
         <object_component_ref idref="oc-27d"/>
      </symbol>
      <symbol id="sm-3d9">
         <name>vTaskSuspendAll</name>
         <value>0x1a61</value>
         <object_component_ref idref="oc-2f1"/>
      </symbol>
      <symbol id="sm-3da">
         <name>vTaskPlaceOnEventList</name>
         <value>0x1939</value>
         <object_component_ref idref="oc-345"/>
      </symbol>
      <symbol id="sm-3db">
         <name>xTaskCheckForTimeOut</name>
         <value>0x1495</value>
         <object_component_ref idref="oc-357"/>
      </symbol>
      <symbol id="sm-3dc">
         <name>xTaskPriorityDisinherit</name>
         <value>0x1009</value>
         <object_component_ref idref="oc-412"/>
      </symbol>
      <symbol id="sm-3dd">
         <name>vTaskStartScheduler</name>
         <value>0x1439</value>
         <object_component_ref idref="oc-13b"/>
      </symbol>
      <symbol id="sm-3de">
         <name>vTaskInternalSetTimeOutState</name>
         <value>0x19d1</value>
         <object_component_ref idref="oc-351"/>
      </symbol>
      <symbol id="sm-3df">
         <name>pvTaskIncrementMutexHeldCount</name>
         <value>0x1989</value>
         <object_component_ref idref="oc-369"/>
      </symbol>
      <symbol id="sm-3e0">
         <name>vTaskPriorityDisinheritAfterTimeout</name>
         <value>0xf09</value>
         <object_component_ref idref="oc-363"/>
      </symbol>
      <symbol id="sm-3e1">
         <name>xTaskCreate</name>
         <value>0x13db</value>
         <object_component_ref idref="oc-1d5"/>
      </symbol>
      <symbol id="sm-3e2">
         <name>vTaskMissedYield</name>
         <value>0x1a8d</value>
         <object_component_ref idref="oc-3e1"/>
      </symbol>
      <symbol id="sm-3e3">
         <name>xTaskResumeAll</name>
         <value>0x859</value>
         <object_component_ref idref="oc-2fd"/>
      </symbol>
      <symbol id="sm-3e4">
         <name>vTaskDelete</name>
         <value>0xa11</value>
         <object_component_ref idref="oc-141"/>
      </symbol>
      <symbol id="sm-3e5">
         <name>pxCurrentTCB</name>
         <value>0x200078f0</value>
         <object_component_ref idref="oc-8b"/>
      </symbol>
      <symbol id="sm-3e6">
         <name>xTaskIncrementTick</name>
         <value>0x57d</value>
         <object_component_ref idref="oc-98"/>
      </symbol>
      <symbol id="sm-3e7">
         <name>vTaskSwitchContext</name>
         <value>0xe7d</value>
         <object_component_ref idref="oc-91"/>
      </symbol>
      <symbol id="sm-3e8">
         <name>xTaskRemoveFromEventList</name>
         <value>0x1175</value>
         <object_component_ref idref="oc-36f"/>
      </symbol>
      <symbol id="sm-3e9">
         <name>xTaskPriorityInherit</name>
         <value>0xc21</value>
         <object_component_ref idref="oc-33f"/>
      </symbol>
      <symbol id="sm-445">
         <name>ulMaxSyscallInterruptPriority</name>
         <value>0x1ad4</value>
         <object_component_ref idref="oc-8e"/>
      </symbol>
      <symbol id="sm-446">
         <name>vPortSetupTimerInterrupt</name>
         <value>0x191d</value>
         <object_component_ref idref="oc-2aa"/>
      </symbol>
      <symbol id="sm-447">
         <name>xPortSysTickHandler</name>
         <value>0x1825</value>
         <object_component_ref idref="oc-41"/>
      </symbol>
      <symbol id="sm-448">
         <name>pxPortInitialiseStack</name>
         <value>0x17a1</value>
         <object_component_ref idref="oc-32b"/>
      </symbol>
      <symbol id="sm-449">
         <name>vPortExitCritical</name>
         <value>0x19b9</value>
         <object_component_ref idref="oc-212"/>
      </symbol>
      <symbol id="sm-44a">
         <name>xPortStartScheduler</name>
         <value>0x1691</value>
         <object_component_ref idref="oc-1f9"/>
      </symbol>
      <symbol id="sm-44b">
         <name>vPortEnterCritical</name>
         <value>0x1901</value>
         <object_component_ref idref="oc-206"/>
      </symbol>
      <symbol id="sm-45a">
         <name>vPortStartFirstTask</name>
         <value>0x9dd</value>
         <object_component_ref idref="oc-3c"/>
      </symbol>
      <symbol id="sm-45b">
         <name>ulPortGetIPSR</name>
         <value>0x945</value>
         <object_component_ref idref="oc-3c"/>
      </symbol>
      <symbol id="sm-45c">
         <name>vPortEnableVFP</name>
         <value>0xa01</value>
         <object_component_ref idref="oc-3c"/>
      </symbol>
      <symbol id="sm-45d">
         <name>xPortPendSVHandler</name>
         <value>0x95d</value>
         <object_component_ref idref="oc-3c"/>
      </symbol>
      <symbol id="sm-45e">
         <name>vPortSVCHandler</name>
         <value>0x9bd</value>
         <object_component_ref idref="oc-3c"/>
      </symbol>
      <symbol id="sm-4b3">
         <name>pvPortMalloc</name>
         <value>0xb79</value>
         <object_component_ref idref="oc-249"/>
      </symbol>
      <symbol id="sm-4b4">
         <name>vPortFree</name>
         <value>0x160d</value>
         <object_component_ref idref="oc-26a"/>
      </symbol>
      <symbol id="sm-523">
         <name>UARTStdioConfig</name>
         <value>0x12bd</value>
         <object_component_ref idref="oc-1cf"/>
      </symbol>
      <symbol id="sm-524">
         <name>UARTwrite</name>
         <value>0x153d</value>
         <object_component_ref idref="oc-29c"/>
      </symbol>
      <symbol id="sm-525">
         <name>UARTprintf</name>
         <value>0x1955</value>
         <object_component_ref idref="oc-135"/>
      </symbol>
      <symbol id="sm-526">
         <name>UARTvprintf</name>
         <value>0x26d</value>
         <object_component_ref idref="oc-1ec"/>
      </symbol>
      <symbol id="sm-538">
         <name>UARTClockSourceSet</name>
         <value>0x1aa7</value>
         <object_component_ref idref="oc-1c3"/>
      </symbol>
      <symbol id="sm-548">
         <name>__aeabi_memset</name>
         <value>0x1087</value>
         <object_component_ref idref="oc-c0"/>
      </symbol>
      <symbol id="sm-549">
         <name>memset</name>
         <value>0x108d</value>
         <object_component_ref idref="oc-c0"/>
      </symbol>
      <symbol id="sm-54a">
         <name>__aeabi_memset8</name>
         <value>0x1087</value>
         <object_component_ref idref="oc-c0"/>
      </symbol>
      <symbol id="sm-54b">
         <name>__aeabi_memset4</name>
         <value>0x1087</value>
         <object_component_ref idref="oc-c0"/>
      </symbol>
      <symbol id="sm-54c">
         <name>__aeabi_memclr8</name>
         <value>0x1085</value>
         <object_component_ref idref="oc-c0"/>
      </symbol>
      <symbol id="sm-54d">
         <name>__aeabi_memclr4</name>
         <value>0x1085</value>
         <object_component_ref idref="oc-c0"/>
      </symbol>
      <symbol id="sm-54e">
         <name>__aeabi_memclr</name>
         <value>0x1085</value>
         <object_component_ref idref="oc-c0"/>
      </symbol>
      <symbol id="sm-55d">
         <name>__aeabi_uidivmod</name>
         <value>0x1651</value>
         <object_component_ref idref="oc-2a2"/>
      </symbol>
      <symbol id="sm-55e">
         <name>__aeabi_uidiv</name>
         <value>0x1651</value>
         <object_component_ref idref="oc-2a2"/>
      </symbol>
      <symbol id="sm-57d">
         <name>memcpy</name>
         <value>0xcc1</value>
         <object_component_ref idref="oc-55"/>
      </symbol>
      <symbol id="sm-57e">
         <name>__aeabi_memcpy</name>
         <value>0xcc1</value>
         <object_component_ref idref="oc-55"/>
      </symbol>
      <symbol id="sm-57f">
         <name>__aeabi_memcpy8</name>
         <value>0xcc1</value>
         <object_component_ref idref="oc-55"/>
      </symbol>
      <symbol id="sm-580">
         <name>__aeabi_memcpy4</name>
         <value>0xcc1</value>
         <object_component_ref idref="oc-55"/>
      </symbol>
      <symbol id="sm-592">
         <name>__TI_zero_init</name>
         <value>0x1a7f</value>
         <object_component_ref idref="oc-67"/>
      </symbol>
      <symbol id="sm-5a9">
         <name>__TI_decompress_none</name>
         <value>0x1a71</value>
         <object_component_ref idref="oc-18"/>
      </symbol>
      <symbol id="sm-5cc">
         <name>__TI_decompress_lzss</name>
         <value>0x1255</value>
         <object_component_ref idref="oc-12"/>
      </symbol>
      <symbol id="sm-5da">
         <name>strcpy</name>
         <value>0x1a15</value>
         <object_component_ref idref="oc-37c"/>
      </symbol>
      <symbol id="sm-5e8">
         <name>strlen</name>
         <value>0x1a29</value>
         <object_component_ref idref="oc-283"/>
      </symbol>
      <symbol id="sm-5fb">
         <name>__stack</name>
         <value>0x200076f0</value>
         <object_component_ref idref="oc-21"/>
      </symbol>
      <symbol id="sm-5fc">
         <name>_c_int00_noargs</name>
         <value>0x16d1</value>
         <object_component_ref idref="oc-73"/>
      </symbol>
      <symbol id="sm-606">
         <name>__aeabi_idiv0</name>
         <value>0x18c3</value>
         <object_component_ref idref="oc-38a"/>
      </symbol>
      <symbol id="sm-607">
         <name>__aeabi_ldiv0</name>
         <value>0x18c3</value>
         <object_component_ref idref="oc-38a"/>
      </symbol>
      <symbol id="sm-62f">
         <name>__TI_auto_init_nobinit_nopinit</name>
         <value>0x1585</value>
         <object_component_ref idref="oc-159"/>
      </symbol>
      <symbol id="sm-639">
         <name>_system_pre_init</name>
         <value>0x1ab3</value>
         <object_component_ref idref="oc-c6"/>
      </symbol>
      <symbol id="sm-645">
         <name>C$$EXIT</name>
         <value>0x1ab7</value>
         <object_component_ref idref="oc-14d"/>
      </symbol>
      <symbol id="sm-646">
         <name>abort</name>
         <value>0x1ab7</value>
         <object_component_ref idref="oc-14d"/>
      </symbol>
      <symbol id="sm-649">
         <name>__TI_static_base__</name>
         <value>0x0</value>
      </symbol>
      <symbol id="sm-64c">
         <name>__mpu_init</name>
         <value>0x0</value>
      </symbol>
      <symbol id="sm-64d">
         <name>_system_post_cinit</name>
         <value>0x0</value>
      </symbol>
   </symbol_table>
   <title>Link successful</title>
</link_info>
