<?xml version="1.0" encoding="ISO-8859-1" ?>
<link_info>
   <banner>TI ARM Linker Unix v18.1.3.LTS</banner>
   <copyright>Copyright (c) 1996-2017 Texas Instruments Incorporated</copyright>
   <link_time>0x5c4fd4e3</link_time>
   <link_errors>0x0</link_errors>
   <output_file>freertos_demo.out</output_file>
   <entry_point>
      <name>_c_int00_noargs</name>
      <address>0x3275</address>
   </entry_point>
   <input_file_list>
      <input_file id="fl-2">
         <path>./</path>
         <kind>object</kind>
         <file>startup_ccs.obj</file>
         <name>startup_ccs.obj</name>
      </input_file>
      <input_file id="fl-3">
         <path>./</path>
         <kind>object</kind>
         <file>uart_util.obj</file>
         <name>uart_util.obj</name>
      </input_file>
      <input_file id="fl-4">
         <path>./</path>
         <kind>object</kind>
         <file>user_io_task.obj</file>
         <name>user_io_task.obj</name>
      </input_file>
      <input_file id="fl-5">
         <path>./Tivaware_Dep/driverlib/</path>
         <kind>object</kind>
         <file>epi_workaround_ccs.obj</file>
         <name>epi_workaround_ccs.obj</name>
      </input_file>
      <input_file id="fl-6">
         <path>./Tivaware_Dep/drivers/</path>
         <kind>object</kind>
         <file>buttons.obj</file>
         <name>buttons.obj</name>
      </input_file>
      <input_file id="fl-7">
         <path>./Tivaware_Dep/drivers/</path>
         <kind>object</kind>
         <file>rgb.obj</file>
         <name>rgb.obj</name>
      </input_file>
      <input_file id="fl-8">
         <path>./Tivaware_Dep/third_party/FreeRTOS/Source/</path>
         <kind>object</kind>
         <file>croutine.obj</file>
         <name>croutine.obj</name>
      </input_file>
      <input_file id="fl-9">
         <path>./Tivaware_Dep/third_party/FreeRTOS/Source/</path>
         <kind>object</kind>
         <file>event_groups.obj</file>
         <name>event_groups.obj</name>
      </input_file>
      <input_file id="fl-a">
         <path>./Tivaware_Dep/third_party/FreeRTOS/Source/</path>
         <kind>object</kind>
         <file>list.obj</file>
         <name>list.obj</name>
      </input_file>
      <input_file id="fl-b">
         <path>./Tivaware_Dep/third_party/FreeRTOS/Source/</path>
         <kind>object</kind>
         <file>queue.obj</file>
         <name>queue.obj</name>
      </input_file>
      <input_file id="fl-c">
         <path>./Tivaware_Dep/third_party/FreeRTOS/Source/</path>
         <kind>object</kind>
         <file>stream_buffer.obj</file>
         <name>stream_buffer.obj</name>
      </input_file>
      <input_file id="fl-d">
         <path>./Tivaware_Dep/third_party/FreeRTOS/Source/</path>
         <kind>object</kind>
         <file>tasks.obj</file>
         <name>tasks.obj</name>
      </input_file>
      <input_file id="fl-e">
         <path>./Tivaware_Dep/third_party/FreeRTOS/Source/</path>
         <kind>object</kind>
         <file>timers.obj</file>
         <name>timers.obj</name>
      </input_file>
      <input_file id="fl-f">
         <path>./Tivaware_Dep/third_party/FreeRTOS/Source/portable/CCS/ARM_CM4F/</path>
         <kind>object</kind>
         <file>port.obj</file>
         <name>port.obj</name>
      </input_file>
      <input_file id="fl-10">
         <path>./Tivaware_Dep/third_party/FreeRTOS/Source/portable/CCS/ARM_CM4F/</path>
         <kind>object</kind>
         <file>portasm.obj</file>
         <name>portasm.obj</name>
      </input_file>
      <input_file id="fl-11">
         <path>./Tivaware_Dep/third_party/FreeRTOS/Source/portable/MemMang/</path>
         <kind>object</kind>
         <file>heap_2.obj</file>
         <name>heap_2.obj</name>
      </input_file>
      <input_file id="fl-12">
         <path>./Tivaware_Dep/utils/</path>
         <kind>object</kind>
         <file>softuart.obj</file>
         <name>softuart.obj</name>
      </input_file>
      <input_file id="fl-13">
         <path>./Tivaware_Dep/utils/</path>
         <kind>object</kind>
         <file>uartstdio.obj</file>
         <name>uartstdio.obj</name>
      </input_file>
      <input_file id="fl-14">
         <path>./Tivaware_Dep/utils/</path>
         <kind>object</kind>
         <file>ustdlib.obj</file>
         <name>ustdlib.obj</name>
      </input_file>
      <input_file id="fl-15">
         <path>./general_timer/</path>
         <kind>object</kind>
         <file>general_timer.obj</file>
         <name>general_timer.obj</name>
      </input_file>
      <input_file id="fl-16">
         <path>./hardware_helper/</path>
         <kind>object</kind>
         <file>hardware_helper.obj</file>
         <name>hardware_helper.obj</name>
      </input_file>
      <input_file id="fl-17">
         <path>./multimeter/</path>
         <kind>object</kind>
         <file>core_measure_task.obj</file>
         <name>core_measure_task.obj</name>
      </input_file>
      <input_file id="fl-18">
         <path>./multimeter/</path>
         <kind>object</kind>
         <file>freeRTOS_hook.obj</file>
         <name>freeRTOS_hook.obj</name>
      </input_file>
      <input_file id="fl-19">
         <path>./multimeter/</path>
         <kind>object</kind>
         <file>input_handler.obj</file>
         <name>input_handler.obj</name>
      </input_file>
      <input_file id="fl-1a">
         <path>./multimeter/</path>
         <kind>object</kind>
         <file>main.obj</file>
         <name>main.obj</name>
      </input_file>
      <input_file id="fl-1b">
         <path>./multimeter/</path>
         <kind>object</kind>
         <file>measurement_switcher.obj</file>
         <name>measurement_switcher.obj</name>
      </input_file>
      <input_file id="fl-1c">
         <path>./multimeter/</path>
         <kind>object</kind>
         <file>multimeter_mode.obj</file>
         <name>multimeter_mode.obj</name>
      </input_file>
      <input_file id="fl-1d">
         <path>./multimeter/</path>
         <kind>object</kind>
         <file>test_task.obj</file>
         <name>test_task.obj</name>
      </input_file>
      <input_file id="fl-1e">
         <path>./multimeter_sensor/</path>
         <kind>object</kind>
         <file>adc.obj</file>
         <name>adc.obj</name>
      </input_file>
      <input_file id="fl-1f">
         <path>./multimeter_sensor/</path>
         <kind>object</kind>
         <file>dc_voltage_sensor.obj</file>
         <name>dc_voltage_sensor.obj</name>
      </input_file>
      <input_file id="fl-20">
         <path>./multimeter_sensor/</path>
         <kind>object</kind>
         <file>sensor.obj</file>
         <name>sensor.obj</name>
      </input_file>
      <input_file id="fl-29">
         <kind>object</kind>
         <file>&lt;internal&gt;</file>
         <name>&lt;internal&gt;</name>
      </input_file>
      <input_file id="fl-2a">
         <path>../Tivaware_Dep/driverlib/ccs/Debug/</path>
         <kind>archive</kind>
         <file>driverlib.lib</file>
         <name>adc.obj</name>
      </input_file>
      <input_file id="fl-2b">
         <path>../Tivaware_Dep/driverlib/ccs/Debug/</path>
         <kind>archive</kind>
         <file>driverlib.lib</file>
         <name>gpio.obj</name>
      </input_file>
      <input_file id="fl-2c">
         <path>../Tivaware_Dep/driverlib/ccs/Debug/</path>
         <kind>archive</kind>
         <file>driverlib.lib</file>
         <name>interrupt.obj</name>
      </input_file>
      <input_file id="fl-2d">
         <path>../Tivaware_Dep/driverlib/ccs/Debug/</path>
         <kind>archive</kind>
         <file>driverlib.lib</file>
         <name>sysctl.obj</name>
      </input_file>
      <input_file id="fl-2e">
         <path>../Tivaware_Dep/driverlib/ccs/Debug/</path>
         <kind>archive</kind>
         <file>driverlib.lib</file>
         <name>timer.obj</name>
      </input_file>
      <input_file id="fl-2f">
         <path>../Tivaware_Dep/driverlib/ccs/Debug/</path>
         <kind>archive</kind>
         <file>driverlib.lib</file>
         <name>uart.obj</name>
      </input_file>
      <input_file id="fl-30">
         <path>../Tivaware_Dep/driverlib/ccs/Debug/</path>
         <kind>archive</kind>
         <file>driverlib.lib</file>
         <name>cpu.obj</name>
      </input_file>
      <input_file id="fl-e6">
         <path>/home/kd/ti/ccsv8/tools/compiler/ti-cgt-arm_18.1.3.LTS/lib/</path>
         <kind>archive</kind>
         <file>rtsv7M4_T_le_v4SPD16_eabi.lib</file>
         <name>new.cpp.obj</name>
      </input_file>
      <input_file id="fl-e7">
         <path>/home/kd/ti/ccsv8/tools/compiler/ti-cgt-arm_18.1.3.LTS/lib/</path>
         <kind>archive</kind>
         <file>rtsv7M4_T_le_v4SPD16_eabi.lib</file>
         <name>guard.c.obj</name>
      </input_file>
      <input_file id="fl-e8">
         <path>/home/kd/ti/ccsv8/tools/compiler/ti-cgt-arm_18.1.3.LTS/lib/</path>
         <kind>archive</kind>
         <file>rtsv7M4_T_le_v4SPD16_eabi.lib</file>
         <name>pure_virt.c.obj</name>
      </input_file>
      <input_file id="fl-e9">
         <path>/home/kd/ti/ccsv8/tools/compiler/ti-cgt-arm_18.1.3.LTS/lib/</path>
         <kind>archive</kind>
         <file>rtsv7M4_T_le_v4SPD16_eabi.lib</file>
         <name>typeinfo.c.obj</name>
      </input_file>
      <input_file id="fl-ea">
         <path>/home/kd/ti/ccsv8/tools/compiler/ti-cgt-arm_18.1.3.LTS/lib/</path>
         <kind>archive</kind>
         <file>rtsv7M4_T_le_v4SPD16_eabi.lib</file>
         <name>memset_t2.asm.obj</name>
      </input_file>
      <input_file id="fl-eb">
         <path>/home/kd/ti/ccsv8/tools/compiler/ti-cgt-arm_18.1.3.LTS/lib/</path>
         <kind>archive</kind>
         <file>rtsv7M4_T_le_v4SPD16_eabi.lib</file>
         <name>u_divt2.asm.obj</name>
      </input_file>
      <input_file id="fl-ec">
         <path>/home/kd/ti/ccsv8/tools/compiler/ti-cgt-arm_18.1.3.LTS/lib/</path>
         <kind>archive</kind>
         <file>rtsv7M4_T_le_v4SPD16_eabi.lib</file>
         <name>fs_tod_t2.asm.obj</name>
      </input_file>
      <input_file id="fl-ed">
         <path>/home/kd/ti/ccsv8/tools/compiler/ti-cgt-arm_18.1.3.LTS/lib/</path>
         <kind>archive</kind>
         <file>rtsv7M4_T_le_v4SPD16_eabi.lib</file>
         <name>fs_toull_t2.asm.obj</name>
      </input_file>
      <input_file id="fl-ee">
         <path>/home/kd/ti/ccsv8/tools/compiler/ti-cgt-arm_18.1.3.LTS/lib/</path>
         <kind>archive</kind>
         <file>rtsv7M4_T_le_v4SPD16_eabi.lib</file>
         <name>memcpy_t2.asm.obj</name>
      </input_file>
      <input_file id="fl-ef">
         <path>/home/kd/ti/ccsv8/tools/compiler/ti-cgt-arm_18.1.3.LTS/lib/</path>
         <kind>archive</kind>
         <file>rtsv7M4_T_le_v4SPD16_eabi.lib</file>
         <name>ull_tofs_t2.asm.obj</name>
      </input_file>
      <input_file id="fl-f0">
         <path>/home/kd/ti/ccsv8/tools/compiler/ti-cgt-arm_18.1.3.LTS/lib/</path>
         <kind>archive</kind>
         <file>rtsv7M4_T_le_v4SPD16_eabi.lib</file>
         <name>copy_zero_init.c.obj</name>
      </input_file>
      <input_file id="fl-f1">
         <path>/home/kd/ti/ccsv8/tools/compiler/ti-cgt-arm_18.1.3.LTS/lib/</path>
         <kind>archive</kind>
         <file>rtsv7M4_T_le_v4SPD16_eabi.lib</file>
         <name>copy_decompress_none.c.obj</name>
      </input_file>
      <input_file id="fl-f2">
         <path>/home/kd/ti/ccsv8/tools/compiler/ti-cgt-arm_18.1.3.LTS/lib/</path>
         <kind>archive</kind>
         <file>rtsv7M4_T_le_v4SPD16_eabi.lib</file>
         <name>copy_decompress_lzss.c.obj</name>
      </input_file>
      <input_file id="fl-f3">
         <path>/home/kd/ti/ccsv8/tools/compiler/ti-cgt-arm_18.1.3.LTS/lib/</path>
         <kind>archive</kind>
         <file>rtsv7M4_T_le_v4SPD16_eabi.lib</file>
         <name>exit.c.obj</name>
      </input_file>
      <input_file id="fl-f4">
         <path>/home/kd/ti/ccsv8/tools/compiler/ti-cgt-arm_18.1.3.LTS/lib/</path>
         <kind>archive</kind>
         <file>rtsv7M4_T_le_v4SPD16_eabi.lib</file>
         <name>memory.c.obj</name>
      </input_file>
      <input_file id="fl-f5">
         <path>/home/kd/ti/ccsv8/tools/compiler/ti-cgt-arm_18.1.3.LTS/lib/</path>
         <kind>archive</kind>
         <file>rtsv7M4_T_le_v4SPD16_eabi.lib</file>
         <name>_lock.c.obj</name>
      </input_file>
      <input_file id="fl-f6">
         <path>/home/kd/ti/ccsv8/tools/compiler/ti-cgt-arm_18.1.3.LTS/lib/</path>
         <kind>archive</kind>
         <file>rtsv7M4_T_le_v4SPD16_eabi.lib</file>
         <name>assert.c.obj</name>
      </input_file>
      <input_file id="fl-f7">
         <path>/home/kd/ti/ccsv8/tools/compiler/ti-cgt-arm_18.1.3.LTS/lib/</path>
         <kind>archive</kind>
         <file>rtsv7M4_T_le_v4SPD16_eabi.lib</file>
         <name>defs.c.obj</name>
      </input_file>
      <input_file id="fl-f8">
         <path>/home/kd/ti/ccsv8/tools/compiler/ti-cgt-arm_18.1.3.LTS/lib/</path>
         <kind>archive</kind>
         <file>rtsv7M4_T_le_v4SPD16_eabi.lib</file>
         <name>fflush.c.obj</name>
      </input_file>
      <input_file id="fl-f9">
         <path>/home/kd/ti/ccsv8/tools/compiler/ti-cgt-arm_18.1.3.LTS/lib/</path>
         <kind>archive</kind>
         <file>rtsv7M4_T_le_v4SPD16_eabi.lib</file>
         <name>fputs.c.obj</name>
      </input_file>
      <input_file id="fl-fa">
         <path>/home/kd/ti/ccsv8/tools/compiler/ti-cgt-arm_18.1.3.LTS/lib/</path>
         <kind>archive</kind>
         <file>rtsv7M4_T_le_v4SPD16_eabi.lib</file>
         <name>memchr.c.obj</name>
      </input_file>
      <input_file id="fl-fb">
         <path>/home/kd/ti/ccsv8/tools/compiler/ti-cgt-arm_18.1.3.LTS/lib/</path>
         <kind>archive</kind>
         <file>rtsv7M4_T_le_v4SPD16_eabi.lib</file>
         <name>sprintf.c.obj</name>
      </input_file>
      <input_file id="fl-fc">
         <path>/home/kd/ti/ccsv8/tools/compiler/ti-cgt-arm_18.1.3.LTS/lib/</path>
         <kind>archive</kind>
         <file>rtsv7M4_T_le_v4SPD16_eabi.lib</file>
         <name>strcpy.c.obj</name>
      </input_file>
      <input_file id="fl-fd">
         <path>/home/kd/ti/ccsv8/tools/compiler/ti-cgt-arm_18.1.3.LTS/lib/</path>
         <kind>archive</kind>
         <file>rtsv7M4_T_le_v4SPD16_eabi.lib</file>
         <name>strlen.c.obj</name>
      </input_file>
      <input_file id="fl-fe">
         <path>/home/kd/ti/ccsv8/tools/compiler/ti-cgt-arm_18.1.3.LTS/lib/</path>
         <kind>archive</kind>
         <file>rtsv7M4_T_le_v4SPD16_eabi.lib</file>
         <name>write.c.obj</name>
      </input_file>
      <input_file id="fl-ff">
         <path>/home/kd/ti/ccsv8/tools/compiler/ti-cgt-arm_18.1.3.LTS/lib/</path>
         <kind>archive</kind>
         <file>rtsv7M4_T_le_v4SPD16_eabi.lib</file>
         <name>boot_cortex_m.c.obj</name>
      </input_file>
      <input_file id="fl-100">
         <path>/home/kd/ti/ccsv8/tools/compiler/ti-cgt-arm_18.1.3.LTS/lib/</path>
         <kind>archive</kind>
         <file>rtsv7M4_T_le_v4SPD16_eabi.lib</file>
         <name>stdlib_typeinfo.cpp.obj</name>
      </input_file>
      <input_file id="fl-101">
         <path>/home/kd/ti/ccsv8/tools/compiler/ti-cgt-arm_18.1.3.LTS/lib/</path>
         <kind>archive</kind>
         <file>rtsv7M4_T_le_v4SPD16_eabi.lib</file>
         <name>error.c.obj</name>
      </input_file>
      <input_file id="fl-102">
         <path>/home/kd/ti/ccsv8/tools/compiler/ti-cgt-arm_18.1.3.LTS/lib/</path>
         <kind>archive</kind>
         <file>rtsv7M4_T_le_v4SPD16_eabi.lib</file>
         <name>div0.asm.obj</name>
      </input_file>
      <input_file id="fl-103">
         <path>/home/kd/ti/ccsv8/tools/compiler/ti-cgt-arm_18.1.3.LTS/lib/</path>
         <kind>archive</kind>
         <file>rtsv7M4_T_le_v4SPD16_eabi.lib</file>
         <name>autoinit.c.obj</name>
      </input_file>
      <input_file id="fl-104">
         <path>/home/kd/ti/ccsv8/tools/compiler/ti-cgt-arm_18.1.3.LTS/lib/</path>
         <kind>archive</kind>
         <file>rtsv7M4_T_le_v4SPD16_eabi.lib</file>
         <name>pre_init.c.obj</name>
      </input_file>
      <input_file id="fl-105">
         <path>/home/kd/ti/ccsv8/tools/compiler/ti-cgt-arm_18.1.3.LTS/lib/</path>
         <kind>archive</kind>
         <file>rtsv7M4_T_le_v4SPD16_eabi.lib</file>
         <name>cpy_tbl.c.obj</name>
      </input_file>
      <input_file id="fl-106">
         <path>/home/kd/ti/ccsv8/tools/compiler/ti-cgt-arm_18.1.3.LTS/lib/</path>
         <kind>archive</kind>
         <file>rtsv7M4_T_le_v4SPD16_eabi.lib</file>
         <name>_io_perm.c.obj</name>
      </input_file>
      <input_file id="fl-107">
         <path>/home/kd/ti/ccsv8/tools/compiler/ti-cgt-arm_18.1.3.LTS/lib/</path>
         <kind>archive</kind>
         <file>rtsv7M4_T_le_v4SPD16_eabi.lib</file>
         <name>_printfi.c.obj</name>
      </input_file>
      <input_file id="fl-108">
         <path>/home/kd/ti/ccsv8/tools/compiler/ti-cgt-arm_18.1.3.LTS/lib/</path>
         <kind>archive</kind>
         <file>rtsv7M4_T_le_v4SPD16_eabi.lib</file>
         <name>args_main.c.obj</name>
      </input_file>
      <input_file id="fl-109">
         <path>/home/kd/ti/ccsv8/tools/compiler/ti-cgt-arm_18.1.3.LTS/lib/</path>
         <kind>archive</kind>
         <file>rtsv7M4_T_le_v4SPD16_eabi.lib</file>
         <name>atoi.c.obj</name>
      </input_file>
      <input_file id="fl-10a">
         <path>/home/kd/ti/ccsv8/tools/compiler/ti-cgt-arm_18.1.3.LTS/lib/</path>
         <kind>archive</kind>
         <file>rtsv7M4_T_le_v4SPD16_eabi.lib</file>
         <name>ctype.c.obj</name>
      </input_file>
      <input_file id="fl-10b">
         <path>/home/kd/ti/ccsv8/tools/compiler/ti-cgt-arm_18.1.3.LTS/lib/</path>
         <kind>archive</kind>
         <file>rtsv7M4_T_le_v4SPD16_eabi.lib</file>
         <name>fseek.c.obj</name>
      </input_file>
      <input_file id="fl-10c">
         <path>/home/kd/ti/ccsv8/tools/compiler/ti-cgt-arm_18.1.3.LTS/lib/</path>
         <kind>archive</kind>
         <file>rtsv7M4_T_le_v4SPD16_eabi.lib</file>
         <name>lseek.c.obj</name>
      </input_file>
      <input_file id="fl-10d">
         <path>/home/kd/ti/ccsv8/tools/compiler/ti-cgt-arm_18.1.3.LTS/lib/</path>
         <kind>archive</kind>
         <file>rtsv7M4_T_le_v4SPD16_eabi.lib</file>
         <name>ltoa.c.obj</name>
      </input_file>
      <input_file id="fl-10e">
         <path>/home/kd/ti/ccsv8/tools/compiler/ti-cgt-arm_18.1.3.LTS/lib/</path>
         <kind>archive</kind>
         <file>rtsv7M4_T_le_v4SPD16_eabi.lib</file>
         <name>memccpy.c.obj</name>
      </input_file>
      <input_file id="fl-10f">
         <path>/home/kd/ti/ccsv8/tools/compiler/ti-cgt-arm_18.1.3.LTS/lib/</path>
         <kind>archive</kind>
         <file>rtsv7M4_T_le_v4SPD16_eabi.lib</file>
         <name>setvbuf.c.obj</name>
      </input_file>
      <input_file id="fl-110">
         <path>/home/kd/ti/ccsv8/tools/compiler/ti-cgt-arm_18.1.3.LTS/lib/</path>
         <kind>archive</kind>
         <file>rtsv7M4_T_le_v4SPD16_eabi.lib</file>
         <name>strchr.c.obj</name>
      </input_file>
      <input_file id="fl-111">
         <path>/home/kd/ti/ccsv8/tools/compiler/ti-cgt-arm_18.1.3.LTS/lib/</path>
         <kind>archive</kind>
         <file>rtsv7M4_T_le_v4SPD16_eabi.lib</file>
         <name>hostclose.c.obj</name>
      </input_file>
      <input_file id="fl-112">
         <path>/home/kd/ti/ccsv8/tools/compiler/ti-cgt-arm_18.1.3.LTS/lib/</path>
         <kind>archive</kind>
         <file>rtsv7M4_T_le_v4SPD16_eabi.lib</file>
         <name>hostlseek.c.obj</name>
      </input_file>
      <input_file id="fl-113">
         <path>/home/kd/ti/ccsv8/tools/compiler/ti-cgt-arm_18.1.3.LTS/lib/</path>
         <kind>archive</kind>
         <file>rtsv7M4_T_le_v4SPD16_eabi.lib</file>
         <name>hostopen.c.obj</name>
      </input_file>
      <input_file id="fl-114">
         <path>/home/kd/ti/ccsv8/tools/compiler/ti-cgt-arm_18.1.3.LTS/lib/</path>
         <kind>archive</kind>
         <file>rtsv7M4_T_le_v4SPD16_eabi.lib</file>
         <name>hostread.c.obj</name>
      </input_file>
      <input_file id="fl-115">
         <path>/home/kd/ti/ccsv8/tools/compiler/ti-cgt-arm_18.1.3.LTS/lib/</path>
         <kind>archive</kind>
         <file>rtsv7M4_T_le_v4SPD16_eabi.lib</file>
         <name>hostrename.c.obj</name>
      </input_file>
      <input_file id="fl-116">
         <path>/home/kd/ti/ccsv8/tools/compiler/ti-cgt-arm_18.1.3.LTS/lib/</path>
         <kind>archive</kind>
         <file>rtsv7M4_T_le_v4SPD16_eabi.lib</file>
         <name>hostunlink.c.obj</name>
      </input_file>
      <input_file id="fl-117">
         <path>/home/kd/ti/ccsv8/tools/compiler/ti-cgt-arm_18.1.3.LTS/lib/</path>
         <kind>archive</kind>
         <file>rtsv7M4_T_le_v4SPD16_eabi.lib</file>
         <name>hostwrite.c.obj</name>
      </input_file>
      <input_file id="fl-118">
         <path>/home/kd/ti/ccsv8/tools/compiler/ti-cgt-arm_18.1.3.LTS/lib/</path>
         <kind>archive</kind>
         <file>rtsv7M4_T_le_v4SPD16_eabi.lib</file>
         <name>trgmsg.c.obj</name>
      </input_file>
      <input_file id="fl-119">
         <path>/home/kd/ti/ccsv8/tools/compiler/ti-cgt-arm_18.1.3.LTS/lib/</path>
         <kind>archive</kind>
         <file>rtsv7M4_T_le_v4SPD16_eabi.lib</file>
         <name>errno.c.obj</name>
      </input_file>
      <input_file id="fl-11a">
         <path>/home/kd/ti/ccsv8/tools/compiler/ti-cgt-arm_18.1.3.LTS/lib/</path>
         <kind>archive</kind>
         <file>rtsv7M4_T_le_v4SPD16_eabi.lib</file>
         <name>s_frexp.c.obj</name>
      </input_file>
      <input_file id="fl-11b">
         <path>/home/kd/ti/ccsv8/tools/compiler/ti-cgt-arm_18.1.3.LTS/lib/</path>
         <kind>archive</kind>
         <file>rtsv7M4_T_le_v4SPD16_eabi.lib</file>
         <name>s_scalbn.c.obj</name>
      </input_file>
      <input_file id="fl-11c">
         <path>/home/kd/ti/ccsv8/tools/compiler/ti-cgt-arm_18.1.3.LTS/lib/</path>
         <kind>archive</kind>
         <file>rtsv7M4_T_le_v4SPD16_eabi.lib</file>
         <name>wcslen.c.obj</name>
      </input_file>
      <input_file id="fl-11d">
         <path>/home/kd/ti/ccsv8/tools/compiler/ti-cgt-arm_18.1.3.LTS/lib/</path>
         <kind>archive</kind>
         <file>rtsv7M4_T_le_v4SPD16_eabi.lib</file>
         <name>stdlib_exception.cpp.obj</name>
      </input_file>
      <input_file id="fl-11e">
         <path>/home/kd/ti/ccsv8/tools/compiler/ti-cgt-arm_18.1.3.LTS/lib/</path>
         <kind>archive</kind>
         <file>rtsv7M4_T_le_v4SPD16_eabi.lib</file>
         <name>s_copysign.c.obj</name>
      </input_file>
      <input_file id="fl-11f">
         <path>/home/kd/ti/ccsv8/tools/compiler/ti-cgt-arm_18.1.3.LTS/lib/</path>
         <kind>archive</kind>
         <file>rtsv7M4_T_le_v4SPD16_eabi.lib</file>
         <name>ull_div_t2.asm.obj</name>
      </input_file>
      <input_file id="fl-120">
         <path>/home/kd/ti/ccsv8/tools/compiler/ti-cgt-arm_18.1.3.LTS/lib/</path>
         <kind>archive</kind>
         <file>rtsv7M4_T_le_v4SPD16_eabi.lib</file>
         <name>fd_add_t2.asm.obj</name>
      </input_file>
      <input_file id="fl-121">
         <path>/home/kd/ti/ccsv8/tools/compiler/ti-cgt-arm_18.1.3.LTS/lib/</path>
         <kind>archive</kind>
         <file>rtsv7M4_T_le_v4SPD16_eabi.lib</file>
         <name>fd_cmp_t2.asm.obj</name>
      </input_file>
      <input_file id="fl-122">
         <path>/home/kd/ti/ccsv8/tools/compiler/ti-cgt-arm_18.1.3.LTS/lib/</path>
         <kind>archive</kind>
         <file>rtsv7M4_T_le_v4SPD16_eabi.lib</file>
         <name>fd_div_t2.asm.obj</name>
      </input_file>
      <input_file id="fl-123">
         <path>/home/kd/ti/ccsv8/tools/compiler/ti-cgt-arm_18.1.3.LTS/lib/</path>
         <kind>archive</kind>
         <file>rtsv7M4_T_le_v4SPD16_eabi.lib</file>
         <name>fd_mul_t2.asm.obj</name>
      </input_file>
      <input_file id="fl-124">
         <path>/home/kd/ti/ccsv8/tools/compiler/ti-cgt-arm_18.1.3.LTS/lib/</path>
         <kind>archive</kind>
         <file>rtsv7M4_T_le_v4SPD16_eabi.lib</file>
         <name>fd_toi_t2.asm.obj</name>
      </input_file>
      <input_file id="fl-125">
         <path>/home/kd/ti/ccsv8/tools/compiler/ti-cgt-arm_18.1.3.LTS/lib/</path>
         <kind>archive</kind>
         <file>rtsv7M4_T_le_v4SPD16_eabi.lib</file>
         <name>i_tofd_t2.asm.obj</name>
      </input_file>
      <input_file id="fl-126">
         <path>/home/kd/ti/ccsv8/tools/compiler/ti-cgt-arm_18.1.3.LTS/lib/</path>
         <kind>archive</kind>
         <file>rtsv7M4_T_le_v4SPD16_eabi.lib</file>
         <name>fopen.c.obj</name>
      </input_file>
      <input_file id="fl-127">
         <path>/home/kd/ti/ccsv8/tools/compiler/ti-cgt-arm_18.1.3.LTS/lib/</path>
         <kind>archive</kind>
         <file>rtsv7M4_T_le_v4SPD16_eabi.lib</file>
         <name>open.c.obj</name>
      </input_file>
      <input_file id="fl-128">
         <path>/home/kd/ti/ccsv8/tools/compiler/ti-cgt-arm_18.1.3.LTS/lib/</path>
         <kind>archive</kind>
         <file>rtsv7M4_T_le_v4SPD16_eabi.lib</file>
         <name>fclose.c.obj</name>
      </input_file>
      <input_file id="fl-129">
         <path>/home/kd/ti/ccsv8/tools/compiler/ti-cgt-arm_18.1.3.LTS/lib/</path>
         <kind>archive</kind>
         <file>rtsv7M4_T_le_v4SPD16_eabi.lib</file>
         <name>getdevice.c.obj</name>
      </input_file>
      <input_file id="fl-12a">
         <path>/home/kd/ti/ccsv8/tools/compiler/ti-cgt-arm_18.1.3.LTS/lib/</path>
         <kind>archive</kind>
         <file>rtsv7M4_T_le_v4SPD16_eabi.lib</file>
         <name>remove.c.obj</name>
      </input_file>
      <input_file id="fl-12b">
         <path>/home/kd/ti/ccsv8/tools/compiler/ti-cgt-arm_18.1.3.LTS/lib/</path>
         <kind>archive</kind>
         <file>rtsv7M4_T_le_v4SPD16_eabi.lib</file>
         <name>strcmp.c.obj</name>
      </input_file>
      <input_file id="fl-12c">
         <path>/home/kd/ti/ccsv8/tools/compiler/ti-cgt-arm_18.1.3.LTS/lib/</path>
         <kind>archive</kind>
         <file>rtsv7M4_T_le_v4SPD16_eabi.lib</file>
         <name>strncpy.c.obj</name>
      </input_file>
      <input_file id="fl-12d">
         <path>/home/kd/ti/ccsv8/tools/compiler/ti-cgt-arm_18.1.3.LTS/lib/</path>
         <kind>archive</kind>
         <file>rtsv7M4_T_le_v4SPD16_eabi.lib</file>
         <name>unlink.c.obj</name>
      </input_file>
      <input_file id="fl-12e">
         <path>/home/kd/ti/ccsv8/tools/compiler/ti-cgt-arm_18.1.3.LTS/lib/</path>
         <kind>archive</kind>
         <file>rtsv7M4_T_le_v4SPD16_eabi.lib</file>
         <name>close.c.obj</name>
      </input_file>
   </input_file_list>
   <object_component_list>
      <object_component id="oc-f">
         <name>.intvecs</name>
         <load_address>0x0</load_address>
         <run_address>0x0</run_address>
         <size>0x26c</size>
         <input_file_ref idref="fl-2"/>
      </object_component>
      <object_component id="oc-24f">
         <name>.text:__TI_printfi</name>
         <load_address>0x26c</load_address>
         <run_address>0x26c</run_address>
         <size>0xa5e</size>
         <input_file_ref idref="fl-107"/>
      </object_component>
      <object_component id="oc-33">
         <name>.text:FaultISR</name>
         <load_address>0xcca</load_address>
         <run_address>0xcca</run_address>
         <size>0x2</size>
         <input_file_ref idref="fl-2"/>
      </object_component>
      <object_component id="oc-23a">
         <name>.text:UARTvprintf</name>
         <load_address>0xccc</load_address>
         <run_address>0xccc</run_address>
         <size>0x30c</size>
         <input_file_ref idref="fl-13"/>
      </object_component>
      <object_component id="oc-3b5">
         <name>.text:_pconv_a</name>
         <load_address>0xfd8</load_address>
         <run_address>0xfd8</run_address>
         <size>0x270</size>
         <input_file_ref idref="fl-107"/>
      </object_component>
      <object_component id="oc-3a3">
         <name>.text:_pconv_g</name>
         <load_address>0x1248</load_address>
         <run_address>0x1248</run_address>
         <size>0x1d0</size>
         <input_file_ref idref="fl-107"/>
      </object_component>
      <object_component id="oc-4e4">
         <name>.text</name>
         <load_address>0x1418</load_address>
         <run_address>0x1418</run_address>
         <size>0x1b6</size>
         <input_file_ref idref="fl-120"/>
      </object_component>
      <object_component id="oc-39">
         <name>.text:IntDefaultHandler</name>
         <load_address>0x15ce</load_address>
         <run_address>0x15ce</run_address>
         <size>0x2</size>
         <input_file_ref idref="fl-2"/>
      </object_component>
      <object_component id="oc-3af">
         <name>.text:_pconv_e</name>
         <load_address>0x15d0</load_address>
         <run_address>0x15d0</run_address>
         <size>0x13c</size>
         <input_file_ref idref="fl-107"/>
      </object_component>
      <object_component id="oc-9f">
         <name>.text:xTaskIncrementTick</name>
         <load_address>0x170c</load_address>
         <run_address>0x170c</run_address>
         <size>0x138</size>
         <input_file_ref idref="fl-d"/>
      </object_component>
      <object_component id="oc-4ca">
         <name>.text</name>
         <load_address>0x1844</load_address>
         <run_address>0x1844</run_address>
         <size>0x136</size>
         <input_file_ref idref="fl-122"/>
      </object_component>
      <object_component id="oc-2d4">
         <name>.text:GPIOPadConfigSet</name>
         <load_address>0x197a</load_address>
         <run_address>0x197a</run_address>
         <size>0x132</size>
         <input_file_ref idref="fl-2b"/>
      </object_component>
      <object_component id="oc-4f6">
         <name>.text:fcvt</name>
         <load_address>0x1aac</load_address>
         <run_address>0x1aac</run_address>
         <size>0x120</size>
         <input_file_ref idref="fl-107"/>
      </object_component>
      <object_component id="oc-50a">
         <name>.text:scalbn</name>
         <load_address>0x1bcc</load_address>
         <run_address>0x1bcc</run_address>
         <size>0x110</size>
         <input_file_ref idref="fl-11b"/>
      </object_component>
      <object_component id="oc-2dd">
         <name>.text:pvPortMalloc</name>
         <load_address>0x1cdc</load_address>
         <run_address>0x1cdc</run_address>
         <size>0x108</size>
         <input_file_ref idref="fl-11"/>
      </object_component>
      <object_component id="oc-43b">
         <name>.text:xTaskResumeAll</name>
         <load_address>0x1de4</load_address>
         <run_address>0x1de4</run_address>
         <size>0x108</size>
         <input_file_ref idref="fl-d"/>
      </object_component>
      <object_component id="oc-4c5">
         <name>.text</name>
         <load_address>0x1eec</load_address>
         <run_address>0x1eec</run_address>
         <size>0xfc</size>
         <input_file_ref idref="fl-123"/>
      </object_component>
      <object_component id="oc-3f">
         <name>.text</name>
         <load_address>0x1fe8</load_address>
         <run_address>0x1fe8</run_address>
         <size>0xda</size>
         <input_file_ref idref="fl-10"/>
      </object_component>
      <object_component id="oc-2d">
         <name>.text:NmiSR</name>
         <load_address>0x20c2</load_address>
         <run_address>0x20c2</run_address>
         <size>0x2</size>
         <input_file_ref idref="fl-2"/>
      </object_component>
      <object_component id="oc-639">
         <name>.text:free</name>
         <load_address>0x20c4</load_address>
         <run_address>0x20c4</run_address>
         <size>0xd8</size>
         <input_file_ref idref="fl-f4"/>
      </object_component>
      <object_component id="oc-22c">
         <name>.text:_ZN3Adc4initERKjS1_S1_S1_S1_</name>
         <load_address>0x219c</load_address>
         <run_address>0x219c</run_address>
         <size>0xc0</size>
         <input_file_ref idref="fl-1e"/>
      </object_component>
      <object_component id="oc-98">
         <name>.text:vTaskSwitchContext</name>
         <load_address>0x225c</load_address>
         <run_address>0x225c</run_address>
         <size>0xb8</size>
         <input_file_ref idref="fl-d"/>
      </object_component>
      <object_component id="oc-398">
         <name>.text:_ltostr</name>
         <load_address>0x2314</load_address>
         <run_address>0x2314</run_address>
         <size>0xb1</size>
         <input_file_ref idref="fl-107"/>
      </object_component>
      <object_component id="oc-664">
         <name>.text:_ZNSt9type_infoD1Ev</name>
         <load_address>0x23c6</load_address>
         <run_address>0x23c6</run_address>
         <size>0x2</size>
         <input_file_ref idref="fl-100"/>
      </object_component>
      <object_component id="oc-d3">
         <name>.text:main</name>
         <load_address>0x23c8</load_address>
         <run_address>0x23c8</run_address>
         <size>0xac</size>
         <input_file_ref idref="fl-1a"/>
      </object_component>
      <object_component id="oc-44c">
         <name>.text:xQueueGenericReset</name>
         <load_address>0x2474</load_address>
         <run_address>0x2474</run_address>
         <size>0xa4</size>
         <input_file_ref idref="fl-b"/>
      </object_component>
      <object_component id="oc-58">
         <name>.text</name>
         <load_address>0x2518</load_address>
         <run_address>0x2518</run_address>
         <size>0x9c</size>
         <input_file_ref idref="fl-ee"/>
      </object_component>
      <object_component id="oc-354">
         <name>.text:ADCSoftwareOversampleStepConfigure</name>
         <load_address>0x25b4</load_address>
         <run_address>0x25b4</run_address>
         <size>0x98</size>
         <input_file_ref idref="fl-2a"/>
      </object_component>
      <object_component id="oc-4be">
         <name>.text</name>
         <load_address>0x264c</load_address>
         <run_address>0x264c</run_address>
         <size>0x96</size>
         <input_file_ref idref="fl-11f"/>
      </object_component>
      <object_component id="oc-3ea">
         <name>.text:_nop</name>
         <load_address>0x26e2</load_address>
         <run_address>0x26e2</run_address>
         <size>0x2</size>
         <input_file_ref idref="fl-f5"/>
      </object_component>
      <object_component id="oc-586">
         <name>.text:xTaskRemoveFromEventList</name>
         <load_address>0x26e4</load_address>
         <run_address>0x26e4</run_address>
         <size>0x90</size>
         <input_file_ref idref="fl-d"/>
      </object_component>
      <object_component id="oc-39e">
         <name>.text:__aeabi_cdcmple</name>
         <load_address>0x2774</load_address>
         <run_address>0x2774</run_address>
         <size>0x86</size>
         <input_file_ref idref="fl-121"/>
      </object_component>
      <object_component id="oc-4cf">
         <name>.text:__aeabi_cdrcmple</name>
         <load_address>0x27fa</load_address>
         <run_address>0x27fa</run_address>
         <size>0x86</size>
         <input_file_ref idref="fl-121"/>
      </object_component>
      <object_component id="oc-136">
         <name>.text:_Z13uartConfigurej</name>
         <load_address>0x2880</load_address>
         <run_address>0x2880</run_address>
         <size>0x84</size>
         <input_file_ref idref="fl-3"/>
      </object_component>
      <object_component id="oc-342">
         <name>.text:ADCSequenceStepConfigure</name>
         <load_address>0x2904</load_address>
         <run_address>0x2904</run_address>
         <size>0x7a</size>
         <input_file_ref idref="fl-2a"/>
      </object_component>
      <object_component id="oc-c7">
         <name>.text</name>
         <load_address>0x297e</load_address>
         <run_address>0x297e</run_address>
         <size>0x7a</size>
         <input_file_ref idref="fl-ea"/>
      </object_component>
      <object_component id="oc-209">
         <name>.text:UARTStdioConfig</name>
         <load_address>0x29f8</load_address>
         <run_address>0x29f8</run_address>
         <size>0x74</size>
         <input_file_ref idref="fl-13"/>
      </object_component>
      <object_component id="oc-4ef">
         <name>.text:_mcpy</name>
         <load_address>0x2a6c</load_address>
         <run_address>0x2a6c</run_address>
         <size>0x6e</size>
         <input_file_ref idref="fl-107"/>
      </object_component>
      <object_component id="oc-12">
         <name>.text:decompress:lzss:__TI_decompress_lzss</name>
         <load_address>0x2ada</load_address>
         <run_address>0x2ada</run_address>
         <size>0x68</size>
         <input_file_ref idref="fl-f2"/>
      </object_component>
      <object_component id="oc-4ab">
         <name>.text</name>
         <load_address>0x2b42</load_address>
         <run_address>0x2b42</run_address>
         <size>0x2</size>
         <input_file_ref idref="fl-102"/>
      </object_component>
      <object_component id="oc-504">
         <name>.text:frexp</name>
         <load_address>0x2b44</load_address>
         <run_address>0x2b44</run_address>
         <size>0x64</size>
         <input_file_ref idref="fl-11a"/>
      </object_component>
      <object_component id="oc-368">
         <name>.text:UARTwrite</name>
         <load_address>0x2ba8</load_address>
         <run_address>0x2ba8</run_address>
         <size>0x5c</size>
         <input_file_ref idref="fl-13"/>
      </object_component>
      <object_component id="oc-3a9">
         <name>.text:_pconv_f</name>
         <load_address>0x2c04</load_address>
         <run_address>0x2c04</run_address>
         <size>0x56</size>
         <input_file_ref idref="fl-107"/>
      </object_component>
      <object_component id="oc-4d9">
         <name>.text:ltoa</name>
         <load_address>0x2c5a</load_address>
         <run_address>0x2c5a</run_address>
         <size>0x54</size>
         <input_file_ref idref="fl-10d"/>
      </object_component>
      <object_component id="oc-4e9">
         <name>.text:_ecpy</name>
         <load_address>0x2cae</load_address>
         <run_address>0x2cae</run_address>
         <size>0x52</size>
         <input_file_ref idref="fl-107"/>
      </object_component>
      <object_component id="oc-385">
         <name>.text:ADCSoftwareOversampleDataGet</name>
         <load_address>0x2d00</load_address>
         <run_address>0x2d00</run_address>
         <size>0x50</size>
         <input_file_ref idref="fl-2a"/>
      </object_component>
      <object_component id="oc-435">
         <name>.text:prvHeapInit</name>
         <load_address>0x2d50</load_address>
         <run_address>0x2d50</run_address>
         <size>0x50</size>
         <input_file_ref idref="fl-11"/>
      </object_component>
      <object_component id="oc-203">
         <name>.text:xQueueGenericCreate</name>
         <load_address>0x2da0</load_address>
         <run_address>0x2da0</run_address>
         <size>0x50</size>
         <input_file_ref idref="fl-b"/>
      </object_component>
      <object_component id="oc-33c">
         <name>.text:ADCSequenceConfigure</name>
         <load_address>0x2df0</load_address>
         <run_address>0x2df0</run_address>
         <size>0x4e</size>
         <input_file_ref idref="fl-2a"/>
      </object_component>
      <object_component id="oc-1f1">
         <name>.text:GPIOPinConfigure</name>
         <load_address>0x2e40</load_address>
         <run_address>0x2e40</run_address>
         <size>0x4c</size>
         <input_file_ref idref="fl-2b"/>
      </object_component>
      <object_component id="oc-13c">
         <name>.text:_ZN15DcVoltageSensorC1Ev</name>
         <load_address>0x2e8c</load_address>
         <run_address>0x2e8c</run_address>
         <size>0x4c</size>
         <input_file_ref idref="fl-1f"/>
      </object_component>
      <object_component id="oc-392">
         <name>.text:atoi</name>
         <load_address>0x2ed8</load_address>
         <run_address>0x2ed8</run_address>
         <size>0x4c</size>
         <input_file_ref idref="fl-109"/>
      </object_component>
      <object_component id="oc-247">
         <name>.text:_ZN3Adc4readEv</name>
         <load_address>0x2f24</load_address>
         <run_address>0x2f24</run_address>
         <size>0x48</size>
         <input_file_ref idref="fl-1e"/>
      </object_component>
      <object_component id="oc-4d4">
         <name>.text</name>
         <load_address>0x2f6c</load_address>
         <run_address>0x2f6c</run_address>
         <size>0x48</size>
         <input_file_ref idref="fl-124"/>
      </object_component>
      <object_component id="oc-111">
         <name>.text:uxListRemove</name>
         <load_address>0x2fb4</load_address>
         <run_address>0x2fb4</run_address>
         <size>0x48</size>
         <input_file_ref idref="fl-a"/>
      </object_component>
      <object_component id="oc-142">
         <name>.text:_ZN15DcVoltageSensor4initEv</name>
         <load_address>0x2ffc</load_address>
         <run_address>0x2ffc</run_address>
         <size>0x44</size>
         <input_file_ref idref="fl-1f"/>
      </object_component>
      <object_component id="oc-17e">
         <name>.text:__TI_auto_init_nobinit_nopinit:__TI_auto_init_nobinit_nopinit</name>
         <load_address>0x3040</load_address>
         <run_address>0x3040</run_address>
         <size>0x44</size>
         <input_file_ref idref="fl-103"/>
      </object_component>
      <object_component id="oc-2e3">
         <name>.text:prvInitialiseNewQueue</name>
         <load_address>0x3084</load_address>
         <run_address>0x3084</run_address>
         <size>0x44</size>
         <input_file_ref idref="fl-b"/>
      </object_component>
      <object_component id="oc-36e">
         <name>.text</name>
         <load_address>0x30c8</load_address>
         <run_address>0x30c8</run_address>
         <size>0x40</size>
         <input_file_ref idref="fl-eb"/>
      </object_component>
      <object_component id="oc-15f">
         <name>.text:sprintf</name>
         <load_address>0x3108</load_address>
         <run_address>0x3108</run_address>
         <size>0x40</size>
         <input_file_ref idref="fl-fb"/>
      </object_component>
      <object_component id="oc-4fc">
         <name>.text:_fcpy</name>
         <load_address>0x3148</load_address>
         <run_address>0x3148</run_address>
         <size>0x3e</size>
         <input_file_ref idref="fl-107"/>
      </object_component>
      <object_component id="oc-678">
         <name>.text:minsert</name>
         <load_address>0x3188</load_address>
         <run_address>0x3188</run_address>
         <size>0x3c</size>
         <input_file_ref idref="fl-f4"/>
      </object_component>
      <object_component id="oc-10b">
         <name>.text:prvResetNextTaskUnblockTime</name>
         <load_address>0x31c4</load_address>
         <run_address>0x31c4</run_address>
         <size>0x3c</size>
         <input_file_ref idref="fl-d"/>
      </object_component>
      <object_component id="oc-117">
         <name>.text:vListInsertEnd</name>
         <load_address>0x3200</load_address>
         <run_address>0x3200</run_address>
         <size>0x3c</size>
         <input_file_ref idref="fl-a"/>
      </object_component>
      <object_component id="oc-1eb">
         <name>.text:SysCtlPeripheralReady</name>
         <load_address>0x323c</load_address>
         <run_address>0x323c</run_address>
         <size>0x38</size>
         <input_file_ref idref="fl-2d"/>
      </object_component>
      <object_component id="oc-76">
         <name>.text:_c_int00_noargs:_c_int00_noargs</name>
         <load_address>0x3274</load_address>
         <run_address>0x3274</run_address>
         <size>0x38</size>
         <input_file_ref idref="fl-ff"/>
      </object_component>
      <object_component id="oc-66c">
         <name>.text:minit</name>
         <load_address>0x32ac</load_address>
         <run_address>0x32ac</run_address>
         <size>0x38</size>
         <input_file_ref idref="fl-f4"/>
      </object_component>
      <object_component id="oc-15a">
         <name>.text</name>
         <load_address>0x32e4</load_address>
         <run_address>0x32e4</run_address>
         <size>0x38</size>
         <input_file_ref idref="fl-ec"/>
      </object_component>
      <object_component id="oc-330">
         <name>.text:SysCtlPeripheralEnable</name>
         <load_address>0x331c</load_address>
         <run_address>0x331c</run_address>
         <size>0x34</size>
         <input_file_ref idref="fl-2d"/>
      </object_component>
      <object_component id="oc-21e">
         <name>.text:_ZN3AdcC1ERKjS1_S1_S1_</name>
         <load_address>0x3350</load_address>
         <run_address>0x3350</run_address>
         <size>0x32</size>
         <input_file_ref idref="fl-1e"/>
      </object_component>
      <object_component id="oc-58c">
         <name>.text:vListInitialise</name>
         <load_address>0x3382</load_address>
         <run_address>0x3382</run_address>
         <size>0x30</size>
         <input_file_ref idref="fl-a"/>
      </object_component>
      <object_component id="oc-4df">
         <name>.text</name>
         <load_address>0x33b2</load_address>
         <run_address>0x33b2</run_address>
         <size>0x2e</size>
         <input_file_ref idref="fl-125"/>
      </object_component>
      <object_component id="oc-34e">
         <name>.text:ADCSoftwareOversampleConfigure</name>
         <load_address>0x33e0</load_address>
         <run_address>0x33e0</run_address>
         <size>0x2c</size>
         <input_file_ref idref="fl-2a"/>
      </object_component>
      <object_component id="oc-2ce">
         <name>.text:GPIODirModeSet</name>
         <load_address>0x340c</load_address>
         <run_address>0x340c</run_address>
         <size>0x2c</size>
         <input_file_ref idref="fl-2b"/>
      </object_component>
      <object_component id="oc-44">
         <name>.text:xPortSysTickHandler</name>
         <load_address>0x3438</load_address>
         <run_address>0x3438</run_address>
         <size>0x2c</size>
         <input_file_ref idref="fl-f"/>
      </object_component>
      <object_component id="oc-672">
         <name>.text:mremove</name>
         <load_address>0x3464</load_address>
         <run_address>0x3464</run_address>
         <size>0x28</size>
         <input_file_ref idref="fl-f4"/>
      </object_component>
      <object_component id="oc-101">
         <name>.text:vApplicationStackOverflowHook</name>
         <load_address>0x348c</load_address>
         <run_address>0x348c</run_address>
         <size>0x26</size>
         <input_file_ref idref="fl-18"/>
      </object_component>
      <object_component id="oc-14e">
         <name>.text:UARTprintf</name>
         <load_address>0x34b2</load_address>
         <run_address>0x34b2</run_address>
         <size>0x24</size>
         <input_file_ref idref="fl-13"/>
      </object_component>
      <object_component id="oc-569">
         <name>.text:vPortEnterCritical</name>
         <load_address>0x34d8</load_address>
         <run_address>0x34d8</run_address>
         <size>0x24</size>
         <input_file_ref idref="fl-f"/>
      </object_component>
      <object_component id="oc-218">
         <name>.text:_ZN6SensorC1ERK10SensorType</name>
         <load_address>0x34fc</load_address>
         <run_address>0x34fc</run_address>
         <size>0x20</size>
         <input_file_ref idref="fl-20"/>
      </object_component>
      <object_component id="oc-233">
         <name>.text:_ZN3Adc6enableEv</name>
         <load_address>0x351c</load_address>
         <run_address>0x351c</run_address>
         <size>0x1e</size>
         <input_file_ref idref="fl-1e"/>
      </object_component>
      <object_component id="oc-496">
         <name>.text:_ZN3Adc7disableEv</name>
         <load_address>0x353a</load_address>
         <run_address>0x353a</run_address>
         <size>0x1e</size>
         <input_file_ref idref="fl-1e"/>
      </object_component>
      <object_component id="oc-3bb">
         <name>.text:memccpy</name>
         <load_address>0x3558</load_address>
         <run_address>0x3558</run_address>
         <size>0x1c</size>
         <input_file_ref idref="fl-10e"/>
      </object_component>
      <object_component id="oc-56f">
         <name>.text:vPortExitCritical</name>
         <load_address>0x3574</load_address>
         <run_address>0x3574</run_address>
         <size>0x1c</size>
         <input_file_ref idref="fl-f"/>
      </object_component>
      <object_component id="oc-37f">
         <name>.text:ADCProcessorTrigger</name>
         <load_address>0x3590</load_address>
         <run_address>0x3590</run_address>
         <size>0x18</size>
         <input_file_ref idref="fl-2a"/>
      </object_component>
      <object_component id="oc-255">
         <name>.text:_outs</name>
         <load_address>0x35a8</load_address>
         <run_address>0x35a8</run_address>
         <size>0x18</size>
         <input_file_ref idref="fl-fb"/>
      </object_component>
      <object_component id="oc-336">
         <name>.text:GPIOPinTypeADC</name>
         <load_address>0x35c0</load_address>
         <run_address>0x35c0</run_address>
         <size>0x16</size>
         <input_file_ref idref="fl-2b"/>
      </object_component>
      <object_component id="oc-1f7">
         <name>.text:GPIOPinTypeUART</name>
         <load_address>0x35d6</load_address>
         <run_address>0x35d6</run_address>
         <size>0x16</size>
         <input_file_ref idref="fl-2b"/>
      </object_component>
      <object_component id="oc-154">
         <name>.text:_ZN15DcVoltageSensor4readEv</name>
         <load_address>0x35ec</load_address>
         <run_address>0x35ec</run_address>
         <size>0x16</size>
         <input_file_ref idref="fl-1f"/>
      </object_component>
      <object_component id="oc-510">
         <name>.text:strchr</name>
         <load_address>0x3602</load_address>
         <run_address>0x3602</run_address>
         <size>0x16</size>
         <input_file_ref idref="fl-110"/>
      </object_component>
      <object_component id="oc-321">
         <name>.text:_ZN15DcVoltageSensorD0Ev</name>
         <load_address>0x3618</load_address>
         <run_address>0x3618</run_address>
         <size>0x14</size>
         <input_file_ref idref="fl-1f"/>
      </object_component>
      <object_component id="oc-46e">
         <name>.text:_ZN6SensorD0Ev</name>
         <load_address>0x362c</load_address>
         <run_address>0x362c</run_address>
         <size>0x14</size>
         <input_file_ref idref="fl-1f"/>
      </object_component>
      <object_component id="oc-5e7">
         <name>.text:copysign</name>
         <load_address>0x3640</load_address>
         <run_address>0x3640</run_address>
         <size>0x14</size>
         <input_file_ref idref="fl-11e"/>
      </object_component>
      <object_component id="oc-38c">
         <name>.text:strlen</name>
         <load_address>0x3654</load_address>
         <run_address>0x3654</run_address>
         <size>0x14</size>
         <input_file_ref idref="fl-fd"/>
      </object_component>
      <object_component id="oc-3c1">
         <name>.text:wcslen</name>
         <load_address>0x3668</load_address>
         <run_address>0x3668</run_address>
         <size>0x12</size>
         <input_file_ref idref="fl-11c"/>
      </object_component>
      <object_component id="oc-42f">
         <name>.text:vTaskSuspendAll</name>
         <load_address>0x367c</load_address>
         <run_address>0x367c</run_address>
         <size>0x10</size>
         <input_file_ref idref="fl-d"/>
      </object_component>
      <object_component id="oc-348">
         <name>.text:ADCHardwareOversampleConfigure</name>
         <load_address>0x368c</load_address>
         <run_address>0x368c</run_address>
         <size>0xe</size>
         <input_file_ref idref="fl-2a"/>
      </object_component>
      <object_component id="oc-5c0">
         <name>.text:ADCSequenceDisable</name>
         <load_address>0x369a</load_address>
         <run_address>0x369a</run_address>
         <size>0xe</size>
         <input_file_ref idref="fl-2a"/>
      </object_component>
      <object_component id="oc-361">
         <name>.text:ADCSequenceEnable</name>
         <load_address>0x36a8</load_address>
         <run_address>0x36a8</run_address>
         <size>0xe</size>
         <input_file_ref idref="fl-2a"/>
      </object_component>
      <object_component id="oc-619">
         <name>.text:_ZN10__cxxabiv117__class_type_infoD0Ev</name>
         <load_address>0x36b6</load_address>
         <run_address>0x36b6</run_address>
         <size>0xe</size>
         <input_file_ref idref="fl-e9"/>
      </object_component>
      <object_component id="oc-5af">
         <name>.text:_ZN10__cxxabiv120__si_class_type_infoD0Ev</name>
         <load_address>0x36c4</load_address>
         <run_address>0x36c4</run_address>
         <size>0xe</size>
         <input_file_ref idref="fl-e9"/>
      </object_component>
      <object_component id="oc-148">
         <name>.text:_ZN15DcVoltageSensor6enableEv</name>
         <load_address>0x36d2</load_address>
         <run_address>0x36d2</run_address>
         <size>0xe</size>
         <input_file_ref idref="fl-1f"/>
      </object_component>
      <object_component id="oc-328">
         <name>.text:_ZN15DcVoltageSensor7disableEv</name>
         <load_address>0x36e0</load_address>
         <run_address>0x36e0</run_address>
         <size>0xe</size>
         <input_file_ref idref="fl-1f"/>
      </object_component>
      <object_component id="oc-31a">
         <name>.text:_ZN15DcVoltageSensorD1Ev</name>
         <load_address>0x36ee</load_address>
         <run_address>0x36ee</run_address>
         <size>0xe</size>
         <input_file_ref idref="fl-1f"/>
      </object_component>
      <object_component id="oc-18">
         <name>.text:decompress:none:__TI_decompress_none</name>
         <load_address>0x36fc</load_address>
         <run_address>0x36fc</run_address>
         <size>0xe</size>
         <input_file_ref idref="fl-f1"/>
      </object_component>
      <object_component id="oc-467">
         <name>.text:_ZN6SensorD1Ev</name>
         <load_address>0x370a</load_address>
         <run_address>0x370a</run_address>
         <size>0xc</size>
         <input_file_ref idref="fl-1f"/>
      </object_component>
      <object_component id="oc-489">
         <name>.text:_ZN6SensorD2Ev</name>
         <load_address>0x3716</load_address>
         <run_address>0x3716</run_address>
         <size>0xc</size>
         <input_file_ref idref="fl-1f"/>
      </object_component>
      <object_component id="oc-6a">
         <name>.text:decompress:ZI:__TI_zero_init</name>
         <load_address>0x3722</load_address>
         <run_address>0x3722</run_address>
         <size>0xc</size>
         <input_file_ref idref="fl-f0"/>
      </object_component>
      <object_component id="oc-35b">
         <name>.text:ADCIntClear</name>
         <load_address>0x372e</load_address>
         <run_address>0x372e</run_address>
         <size>0xa</size>
         <input_file_ref idref="fl-2a"/>
      </object_component>
      <object_component id="oc-25b">
         <name>.text:_outc</name>
         <load_address>0x3738</load_address>
         <run_address>0x3738</run_address>
         <size>0xa</size>
         <input_file_ref idref="fl-fb"/>
      </object_component>
      <object_component id="oc-379">
         <name>.text:ADCBusy</name>
         <load_address>0x3742</load_address>
         <run_address>0x3742</run_address>
         <size>0x8</size>
         <input_file_ref idref="fl-2a"/>
      </object_component>
      <object_component id="oc-5b7">
         <name>.text:_ZdlPv</name>
         <load_address>0x374a</load_address>
         <run_address>0x374a</run_address>
         <size>0x8</size>
         <input_file_ref idref="fl-e6"/>
      </object_component>
      <object_component id="oc-3c7">
         <name>.text:__aeabi_errno_addr</name>
         <load_address>0x3754</load_address>
         <run_address>0x3754</run_address>
         <size>0x8</size>
         <input_file_ref idref="fl-119"/>
      </object_component>
      <object_component id="oc-27">
         <name>.text:ResetISR</name>
         <load_address>0x375c</load_address>
         <run_address>0x375c</run_address>
         <size>0x6</size>
         <input_file_ref idref="fl-2"/>
      </object_component>
      <object_component id="oc-1fd">
         <name>.text:UARTClockSourceSet</name>
         <load_address>0x3762</load_address>
         <run_address>0x3762</run_address>
         <size>0x6</size>
         <input_file_ref idref="fl-2f"/>
      </object_component>
      <object_component id="oc-475">
         <name>.text:__cxa_pure_virtual</name>
         <load_address>0x3768</load_address>
         <run_address>0x3768</run_address>
         <size>0x6</size>
         <input_file_ref idref="fl-e8"/>
      </object_component>
      <object_component id="oc-613">
         <name>.text:_ZN10__cxxabiv117__class_type_infoD1Ev</name>
         <load_address>0x376e</load_address>
         <run_address>0x376e</run_address>
         <size>0x4</size>
         <input_file_ref idref="fl-e9"/>
      </object_component>
      <object_component id="oc-5a9">
         <name>.text:_ZN10__cxxabiv120__si_class_type_infoD1Ev</name>
         <load_address>0x3772</load_address>
         <run_address>0x3772</run_address>
         <size>0x4</size>
         <input_file_ref idref="fl-e9"/>
      </object_component>
      <object_component id="oc-490">
         <name>.text:_ZdlPvj</name>
         <load_address>0x3776</load_address>
         <run_address>0x3776</run_address>
         <size>0x4</size>
         <input_file_ref idref="fl-e6"/>
      </object_component>
      <object_component id="oc-59d">
         <name>.text:__abort_execution</name>
         <load_address>0x377a</load_address>
         <run_address>0x377a</run_address>
         <size>0x4</size>
         <input_file_ref idref="fl-101"/>
      </object_component>
      <object_component id="oc-cd">
         <name>.text:_system_pre_init</name>
         <load_address>0x377e</load_address>
         <run_address>0x377e</run_address>
         <size>0x4</size>
         <input_file_ref idref="fl-104"/>
      </object_component>
      <object_component id="oc-172">
         <name>.text:abort:abort</name>
         <load_address>0x3782</load_address>
         <run_address>0x3782</run_address>
         <size>0x4</size>
         <input_file_ref idref="fl-f3"/>
      </object_component>
      <object_component id="oc-4b9">
         <name>.const:.string:_ctypes_</name>
         <load_address>0x3788</load_address>
         <run_address>0x3788</run_address>
         <size>0x101</size>
         <input_file_ref idref="fl-10a"/>
      </object_component>
      <object_component id="oc-2c9">
         <name>.const:g_pui32GPIOBaseAddrs</name>
         <load_address>0x388c</load_address>
         <run_address>0x388c</run_address>
         <size>0x90</size>
         <input_file_ref idref="fl-2b"/>
      </object_component>
      <object_component id="oc-620">
         <name>.const:.typeinfo:_ZTSN10__cxxabiv120__si_class_type_infoE</name>
         <load_address>0x391c</load_address>
         <run_address>0x391c</run_address>
         <size>0x25</size>
         <input_file_ref idref="fl-e9"/>
      </object_component>
      <object_component id="oc-65a">
         <name>.const:.typeinfo:_ZTSN10__cxxabiv117__class_type_infoE</name>
         <load_address>0x3941</load_address>
         <run_address>0x3941</run_address>
         <size>0x22</size>
         <input_file_ref idref="fl-e9"/>
      </object_component>
      <object_component id="oc-224">
         <name>.const:_ZTV15DcVoltageSensor</name>
         <load_address>0x3964</load_address>
         <run_address>0x3964</run_address>
         <size>0x20</size>
         <input_file_ref idref="fl-1f"/>
      </object_component>
      <object_component id="oc-305">
         <name>.const:_ZTV6Sensor</name>
         <load_address>0x3984</load_address>
         <run_address>0x3984</run_address>
         <size>0x20</size>
         <input_file_ref idref="fl-20"/>
      </object_component>
      <object_component id="oc-4b1">
         <name>.const:.string</name>
         <load_address>0x39a4</load_address>
         <run_address>0x39a4</run_address>
         <size>0x12</size>
         <input_file_ref idref="fl-13"/>
      </object_component>
      <object_component id="oc-484">
         <name>.const:.typeinfo:_ZTS15DcVoltageSensor</name>
         <load_address>0x39b6</load_address>
         <run_address>0x39b6</run_address>
         <size>0x12</size>
         <input_file_ref idref="fl-1f"/>
      </object_component>
      <object_component id="oc-593">
         <name>.const:_ZTVN10__cxxabiv117__class_type_infoE</name>
         <load_address>0x39c8</load_address>
         <run_address>0x39c8</run_address>
         <size>0x10</size>
         <input_file_ref idref="fl-e9"/>
      </object_component>
      <object_component id="oc-47f">
         <name>.const:_ZTVN10__cxxabiv120__si_class_type_infoE</name>
         <load_address>0x39d8</load_address>
         <run_address>0x39d8</run_address>
         <size>0x10</size>
         <input_file_ref idref="fl-e9"/>
      </object_component>
      <object_component id="oc-682">
         <name>.const:.typeinfo:_ZTSSt9type_info</name>
         <load_address>0x39e8</load_address>
         <run_address>0x39e8</run_address>
         <size>0xd</size>
         <input_file_ref idref="fl-100"/>
      </object_component>
      <object_component id="oc-315">
         <name>.const:.typeinfo:_ZTI15DcVoltageSensor</name>
         <load_address>0x39f8</load_address>
         <run_address>0x39f8</run_address>
         <size>0xc</size>
         <input_file_ref idref="fl-1f"/>
      </object_component>
      <object_component id="oc-60e">
         <name>.const:.typeinfo:_ZTIN10__cxxabiv117__class_type_infoE</name>
         <load_address>0x3a04</load_address>
         <run_address>0x3a04</run_address>
         <size>0xc</size>
         <input_file_ref idref="fl-e9"/>
      </object_component>
      <object_component id="oc-5a4">
         <name>.const:.typeinfo:_ZTIN10__cxxabiv120__si_class_type_infoE</name>
         <load_address>0x3a10</load_address>
         <run_address>0x3a10</run_address>
         <size>0xc</size>
         <input_file_ref idref="fl-e9"/>
      </object_component>
      <object_component id="oc-2fa">
         <name>.const:g_ui32UARTBase</name>
         <load_address>0x3a1c</load_address>
         <run_address>0x3a1c</run_address>
         <size>0xc</size>
         <input_file_ref idref="fl-13"/>
      </object_component>
      <object_component id="oc-2f1">
         <name>.const:g_ui32UARTPeriph</name>
         <load_address>0x3a28</load_address>
         <run_address>0x3a28</run_address>
         <size>0xc</size>
         <input_file_ref idref="fl-13"/>
      </object_component>
      <object_component id="oc-462">
         <name>.const:.typeinfo:_ZTI6Sensor</name>
         <load_address>0x3a34</load_address>
         <run_address>0x3a34</run_address>
         <size>0x8</size>
         <input_file_ref idref="fl-1f"/>
      </object_component>
      <object_component id="oc-65f">
         <name>.const:.typeinfo:_ZTISt9type_info</name>
         <load_address>0x3a3c</load_address>
         <run_address>0x3a3c</run_address>
         <size>0x8</size>
         <input_file_ref idref="fl-100"/>
      </object_component>
      <object_component id="oc-598">
         <name>.const:.typeinfo:_ZTS6Sensor</name>
         <load_address>0x3a44</load_address>
         <run_address>0x3a44</run_address>
         <size>0x8</size>
         <input_file_ref idref="fl-1f"/>
      </object_component>
      <object_component id="oc-95">
         <name>.const</name>
         <load_address>0x3a4c</load_address>
         <run_address>0x3a4c</run_address>
         <size>0x4</size>
         <input_file_ref idref="fl-f"/>
      </object_component>
      <object_component id="oc-373">
         <name>.const</name>
         <load_address>0x3a50</load_address>
         <run_address>0x3a50</run_address>
         <size>0x4</size>
         <input_file_ref idref="fl-13"/>
      </object_component>
      <object_component id="oc-6c9">
         <name>.cinit..data.load</name>
         <load_address>0x3a58</load_address>
         <run_address>0x3a58</run_address>
         <size>0x21</size>
      </object_component>
      <object_component id="oc-6c7">
         <name>__TI_handler_table</name>
         <load_address>0x3a7c</load_address>
         <run_address>0x3a7c</run_address>
         <size>0xc</size>
      </object_component>
      <object_component id="oc-6ca">
         <name>.cinit..bss.load</name>
         <load_address>0x3a88</load_address>
         <run_address>0x3a88</run_address>
         <size>0x8</size>
      </object_component>
      <object_component id="oc-6c8">
         <name>__TI_cinit_table</name>
         <load_address>0x3a90</load_address>
         <run_address>0x3a90</run_address>
         <size>0x10</size>
      </object_component>
      <object_component id="oc-20f">
         <name>.data</name>
         <load_address>0x20004470</load_address>
         <run_address>0x20004470</run_address>
         <size>0x4</size>
         <input_file_ref idref="fl-3"/>
      </object_component>
      <object_component id="oc-92">
         <name>.data</name>
         <load_address>0x20004410</load_address>
         <run_address>0x20004410</run_address>
         <size>0x34</size>
         <input_file_ref idref="fl-d"/>
      </object_component>
      <object_component id="oc-605">
         <name>.data</name>
         <load_address>0x20004468</load_address>
         <run_address>0x20004468</run_address>
         <size>0x4</size>
         <input_file_ref idref="fl-f"/>
      </object_component>
      <object_component id="oc-441">
         <name>.data</name>
         <load_address>0x20004458</load_address>
         <run_address>0x20004458</run_address>
         <size>0x8</size>
         <input_file_ref idref="fl-11"/>
      </object_component>
      <object_component id="oc-2f4">
         <name>.data</name>
         <load_address>0x20004460</load_address>
         <run_address>0x20004460</run_address>
         <size>0x5</size>
         <input_file_ref idref="fl-13"/>
      </object_component>
      <object_component id="oc-67e">
         <name>.data:$O1$$</name>
         <load_address>0x20004444</load_address>
         <run_address>0x20004444</run_address>
         <size>0xc</size>
         <input_file_ref idref="fl-f4"/>
      </object_component>
      <object_component id="oc-2a5">
         <name>.data:$O1$$</name>
         <load_address>0x20004450</load_address>
         <run_address>0x20004450</run_address>
         <size>0x8</size>
         <input_file_ref idref="fl-f5"/>
      </object_component>
      <object_component id="oc-520">
         <name>.data</name>
         <load_address>0x2000446c</load_address>
         <run_address>0x2000446c</run_address>
         <size>0x4</size>
         <input_file_ref idref="fl-119"/>
      </object_component>
      <object_component id="oc-107">
         <name>.bss:pxReadyTasksLists</name>
         <uninitialized>true</uninitialized>
         <run_address>0x20003a98</run_address>
         <size>0x140</size>
         <input_file_ref idref="fl-d"/>
      </object_component>
      <object_component id="oc-11d">
         <name>.bss</name>
         <uninitialized>true</uninitialized>
         <run_address>0x20003bf4</run_address>
         <size>0x8</size>
         <input_file_ref idref="fl-d"/>
      </object_component>
      <object_component id="oc-575">
         <name>.bss:xPendingReadyList</name>
         <uninitialized>true</uninitialized>
         <run_address>0x20003bd8</run_address>
         <size>0x14</size>
         <input_file_ref idref="fl-d"/>
      </object_component>
      <object_component id="oc-565">
         <name>.bss:ucHeap</name>
         <uninitialized>true</uninitialized>
         <run_address>0x20000000</run_address>
         <size>0x3a98</size>
         <input_file_ref idref="fl-11"/>
      </object_component>
      <object_component id="oc-444">
         <name>.bss:xStart</name>
         <uninitialized>true</uninitialized>
         <run_address>0x20003c04</run_address>
         <size>0x8</size>
         <input_file_ref idref="fl-11"/>
      </object_component>
      <object_component id="oc-447">
         <name>.bss:xEnd</name>
         <uninitialized>true</uninitialized>
         <run_address>0x20003bfc</run_address>
         <size>0x8</size>
         <input_file_ref idref="fl-11"/>
      </object_component>
      <object_component id="oc-4a3">
         <name>.bss:g_pui8OversampleFactor</name>
         <uninitialized>true</uninitialized>
         <run_address>0x20003bec</run_address>
         <size>0x8</size>
         <input_file_ref idref="fl-2a"/>
      </object_component>
      <object_component id="oc-21">
         <name>.sysmem</name>
         <uninitialized>true</uninitialized>
         <run_address>0x20004478</run_address>
         <size>0x8</size>
         <input_file_ref idref="fl-f4"/>
      </object_component>
      <object_component id="oc-6cc">
         <name>.sysmem</name>
         <uninitialized>true</uninitialized>
         <run_address>0x20004478</run_address>
         <size>0x0</size>
      </object_component>
      <object_component id="oc-24">
         <name>.stack</name>
         <uninitialized>true</uninitialized>
         <run_address>0x20003c10</run_address>
         <size>0x4</size>
         <input_file_ref idref="fl-ff"/>
      </object_component>
      <object_component id="oc-6cb">
         <name>.stack</name>
         <uninitialized>true</uninitialized>
         <run_address>0x20003c10</run_address>
         <size>0x0</size>
      </object_component>
      <object_component id="oc-4c">
         <name>.debug_info</name>
         <load_address>0x0</load_address>
         <run_address>0x0</run_address>
         <size>0x30e</size>
         <input_file_ref idref="fl-2"/>
      </object_component>
      <object_component id="oc-10">
         <name>.debug_info</name>
         <load_address>0x30e</load_address>
         <run_address>0x30e</run_address>
         <size>0xcd</size>
         <input_file_ref idref="fl-2"/>
      </object_component>
      <object_component id="oc-28">
         <name>.debug_info</name>
         <load_address>0x3db</load_address>
         <run_address>0x3db</run_address>
         <size>0xfd</size>
         <input_file_ref idref="fl-2"/>
      </object_component>
      <object_component id="oc-2e">
         <name>.debug_info</name>
         <load_address>0x4d8</load_address>
         <run_address>0x4d8</run_address>
         <size>0xee</size>
         <input_file_ref idref="fl-2"/>
      </object_component>
      <object_component id="oc-34">
         <name>.debug_info</name>
         <load_address>0x5c6</load_address>
         <run_address>0x5c6</run_address>
         <size>0xf4</size>
         <input_file_ref idref="fl-2"/>
      </object_component>
      <object_component id="oc-3a">
         <name>.debug_info</name>
         <load_address>0x6ba</load_address>
         <run_address>0x6ba</run_address>
         <size>0x106</size>
         <input_file_ref idref="fl-2"/>
      </object_component>
      <object_component id="oc-a8">
         <name>.debug_info</name>
         <load_address>0x7c0</load_address>
         <run_address>0x7c0</run_address>
         <size>0x26b</size>
         <input_file_ref idref="fl-2"/>
      </object_component>
      <object_component id="oc-53">
         <name>.debug_info</name>
         <load_address>0xa2b</load_address>
         <run_address>0xa2b</run_address>
         <size>0x84</size>
         <input_file_ref idref="fl-2"/>
      </object_component>
      <object_component id="oc-121">
         <name>.debug_info</name>
         <load_address>0xaaf</load_address>
         <run_address>0xaaf</run_address>
         <size>0x297</size>
         <input_file_ref idref="fl-2"/>
      </object_component>
      <object_component id="oc-422">
         <name>.debug_info</name>
         <load_address>0xd46</load_address>
         <run_address>0xd46</run_address>
         <size>0xef</size>
         <input_file_ref idref="fl-2"/>
      </object_component>
      <object_component id="oc-ad">
         <name>.debug_info</name>
         <load_address>0xe35</load_address>
         <run_address>0xe35</run_address>
         <size>0xbb</size>
         <input_file_ref idref="fl-2"/>
      </object_component>
      <object_component id="oc-3e2">
         <name>.debug_info</name>
         <load_address>0xef0</load_address>
         <run_address>0xef0</run_address>
         <size>0x9a8</size>
         <input_file_ref idref="fl-3"/>
      </object_component>
      <object_component id="oc-210">
         <name>.debug_info</name>
         <load_address>0x1898</load_address>
         <run_address>0x1898</run_address>
         <size>0xcb</size>
         <input_file_ref idref="fl-3"/>
      </object_component>
      <object_component id="oc-137">
         <name>.debug_info</name>
         <load_address>0x1963</load_address>
         <run_address>0x1963</run_address>
         <size>0x20e</size>
         <input_file_ref idref="fl-3"/>
      </object_component>
      <object_component id="oc-538">
         <name>.debug_info</name>
         <load_address>0x1b71</load_address>
         <run_address>0x1b71</run_address>
         <size>0x623</size>
         <input_file_ref idref="fl-3"/>
      </object_component>
      <object_component id="oc-53d">
         <name>.debug_info</name>
         <load_address>0x2194</load_address>
         <run_address>0x2194</run_address>
         <size>0x94</size>
         <input_file_ref idref="fl-3"/>
      </object_component>
      <object_component id="oc-279">
         <name>.debug_info</name>
         <load_address>0x2228</load_address>
         <run_address>0x2228</run_address>
         <size>0x4f</size>
         <input_file_ref idref="fl-3"/>
      </object_component>
      <object_component id="oc-300">
         <name>.debug_info</name>
         <load_address>0x2277</load_address>
         <run_address>0x2277</run_address>
         <size>0x2c</size>
         <input_file_ref idref="fl-3"/>
      </object_component>
      <object_component id="oc-166">
         <name>.debug_info</name>
         <load_address>0x22a3</load_address>
         <run_address>0x22a3</run_address>
         <size>0x8b</size>
         <input_file_ref idref="fl-3"/>
      </object_component>
      <object_component id="oc-3dd">
         <name>.debug_info</name>
         <load_address>0x232e</load_address>
         <run_address>0x232e</run_address>
         <size>0x2c</size>
         <input_file_ref idref="fl-3"/>
      </object_component>
      <object_component id="oc-28d">
         <name>.debug_info</name>
         <load_address>0x235a</load_address>
         <run_address>0x235a</run_address>
         <size>0x2c9</size>
         <input_file_ref idref="fl-3"/>
      </object_component>
      <object_component id="oc-213">
         <name>.debug_info</name>
         <load_address>0x2623</load_address>
         <run_address>0x2623</run_address>
         <size>0xbb</size>
         <input_file_ref idref="fl-3"/>
      </object_component>
      <object_component id="oc-288">
         <name>.debug_info</name>
         <load_address>0x26de</load_address>
         <run_address>0x26de</run_address>
         <size>0x2a1</size>
         <input_file_ref idref="fl-3"/>
      </object_component>
      <object_component id="oc-542">
         <name>.debug_info</name>
         <load_address>0x297f</load_address>
         <run_address>0x297f</run_address>
         <size>0x46</size>
         <input_file_ref idref="fl-3"/>
      </object_component>
      <object_component id="oc-27e">
         <name>.debug_info</name>
         <load_address>0x29c5</load_address>
         <run_address>0x29c5</run_address>
         <size>0x53</size>
         <input_file_ref idref="fl-3"/>
      </object_component>
      <object_component id="oc-297">
         <name>.debug_info</name>
         <load_address>0x2a18</load_address>
         <run_address>0x2a18</run_address>
         <size>0x3d0</size>
         <input_file_ref idref="fl-3"/>
      </object_component>
      <object_component id="oc-29c">
         <name>.debug_info</name>
         <load_address>0x2de8</load_address>
         <run_address>0x2de8</run_address>
         <size>0x1e2</size>
         <input_file_ref idref="fl-3"/>
      </object_component>
      <object_component id="oc-2c2">
         <name>.debug_info</name>
         <load_address>0x2fca</load_address>
         <run_address>0x2fca</run_address>
         <size>0x1ee</size>
         <input_file_ref idref="fl-8"/>
      </object_component>
      <object_component id="oc-1d7">
         <name>.debug_info</name>
         <load_address>0x31b8</load_address>
         <run_address>0x31b8</run_address>
         <size>0x315</size>
         <input_file_ref idref="fl-8"/>
      </object_component>
      <object_component id="oc-1dc">
         <name>.debug_info</name>
         <load_address>0x34cd</load_address>
         <run_address>0x34cd</run_address>
         <size>0x461</size>
         <input_file_ref idref="fl-8"/>
      </object_component>
      <object_component id="oc-417">
         <name>.debug_info</name>
         <load_address>0x392e</load_address>
         <run_address>0x392e</run_address>
         <size>0xcc</size>
         <input_file_ref idref="fl-8"/>
      </object_component>
      <object_component id="oc-1cb">
         <name>.debug_info</name>
         <load_address>0x39fa</load_address>
         <run_address>0x39fa</run_address>
         <size>0x2c</size>
         <input_file_ref idref="fl-8"/>
      </object_component>
      <object_component id="oc-1d2">
         <name>.debug_info</name>
         <load_address>0x3a26</load_address>
         <run_address>0x3a26</run_address>
         <size>0x53</size>
         <input_file_ref idref="fl-8"/>
      </object_component>
      <object_component id="oc-f4">
         <name>.debug_info</name>
         <load_address>0x3a79</load_address>
         <run_address>0x3a79</run_address>
         <size>0x53</size>
         <input_file_ref idref="fl-8"/>
      </object_component>
      <object_component id="oc-1c1">
         <name>.debug_info</name>
         <load_address>0x3acc</load_address>
         <run_address>0x3acc</run_address>
         <size>0x14c</size>
         <input_file_ref idref="fl-8"/>
      </object_component>
      <object_component id="oc-2c1">
         <name>.debug_info</name>
         <load_address>0x3c18</load_address>
         <run_address>0x3c18</run_address>
         <size>0x6a4</size>
         <input_file_ref idref="fl-9"/>
      </object_component>
      <object_component id="oc-1b7">
         <name>.debug_info</name>
         <load_address>0x42bc</load_address>
         <run_address>0x42bc</run_address>
         <size>0x110</size>
         <input_file_ref idref="fl-9"/>
      </object_component>
      <object_component id="oc-1c6">
         <name>.debug_info</name>
         <load_address>0x43cc</load_address>
         <run_address>0x43cc</run_address>
         <size>0x461</size>
         <input_file_ref idref="fl-9"/>
      </object_component>
      <object_component id="oc-40b">
         <name>.debug_info</name>
         <load_address>0x482d</load_address>
         <run_address>0x482d</run_address>
         <size>0x76</size>
         <input_file_ref idref="fl-9"/>
      </object_component>
      <object_component id="oc-410">
[...]
      </symbol>
      <symbol id="sm-3ee">
         <name>_ZN3Adc6enableEv</name>
         <value>0x351d</value>
         <object_component_ref idref="oc-233"/>
      </symbol>
      <symbol id="sm-3ef">
         <name>_ZN3Adc4readEv</name>
         <value>0x2f25</value>
         <object_component_ref idref="oc-247"/>
      </symbol>
      <symbol id="sm-46a">
         <name>_ZN15DcVoltageSensorC2Ev</name>
         <value>0x2e8d</value>
         <object_component_ref idref="oc-13c"/>
      </symbol>
      <symbol id="sm-46b">
         <name>_ZN6SensorD1Ev</name>
         <value>0x370b</value>
         <object_component_ref idref="oc-467"/>
      </symbol>
      <symbol id="sm-46c">
         <name>_ZN15DcVoltageSensor4initEv</name>
         <value>0x2ffd</value>
         <object_component_ref idref="oc-142"/>
      </symbol>
      <symbol id="sm-46d">
         <name>_ZN15DcVoltageSensor4readEv</name>
         <value>0x35ed</value>
         <object_component_ref idref="oc-154"/>
      </symbol>
      <symbol id="sm-46e">
         <name>_ZTV15DcVoltageSensor</name>
         <value>0x3964</value>
         <object_component_ref idref="oc-224"/>
      </symbol>
      <symbol id="sm-46f">
         <name>_ZN15DcVoltageSensorD0Ev</name>
         <value>0x3619</value>
         <object_component_ref idref="oc-321"/>
      </symbol>
      <symbol id="sm-470">
         <name>_ZTS15DcVoltageSensor</name>
         <value>0x39b6</value>
         <object_component_ref idref="oc-484"/>
      </symbol>
      <symbol id="sm-471">
         <name>_ZTS6Sensor</name>
         <value>0x3a44</value>
         <object_component_ref idref="oc-598"/>
      </symbol>
      <symbol id="sm-472">
         <name>_ZN6SensorD0Ev</name>
         <value>0x362d</value>
         <object_component_ref idref="oc-46e"/>
      </symbol>
      <symbol id="sm-473">
         <name>_ZN15DcVoltageSensorD1Ev</name>
         <value>0x36ef</value>
         <object_component_ref idref="oc-31a"/>
      </symbol>
      <symbol id="sm-474">
         <name>_ZTI15DcVoltageSensor</name>
         <value>0x39f8</value>
         <object_component_ref idref="oc-315"/>
      </symbol>
      <symbol id="sm-475">
         <name>_ZN15DcVoltageSensor7disableEv</name>
         <value>0x36e1</value>
         <object_component_ref idref="oc-328"/>
      </symbol>
      <symbol id="sm-476">
         <name>_ZN15DcVoltageSensor6enableEv</name>
         <value>0x36d3</value>
         <object_component_ref idref="oc-148"/>
      </symbol>
      <symbol id="sm-477">
         <name>_ZTI6Sensor</name>
         <value>0x3a34</value>
         <object_component_ref idref="oc-462"/>
      </symbol>
      <symbol id="sm-478">
         <name>_ZN15DcVoltageSensorC1Ev</name>
         <value>0x2e8d</value>
         <object_component_ref idref="oc-13c"/>
      </symbol>
      <symbol id="sm-479">
         <name>_ZN6SensorD2Ev</name>
         <value>0x3717</value>
         <object_component_ref idref="oc-489"/>
      </symbol>
      <symbol id="sm-494">
         <name>_ZN6SensorC2ERK10SensorType</name>
         <value>0x34fd</value>
         <object_component_ref idref="oc-218"/>
      </symbol>
      <symbol id="sm-495">
         <name>_ZTV6Sensor</name>
         <value>0x3984</value>
         <object_component_ref idref="oc-305"/>
      </symbol>
      <symbol id="sm-496">
         <name>_ZN6SensorC1ERK10SensorType</name>
         <value>0x34fd</value>
         <object_component_ref idref="oc-218"/>
      </symbol>
      <symbol id="sm-510">
         <name>ADCProcessorTrigger</name>
         <value>0x3591</value>
         <object_component_ref idref="oc-37f"/>
      </symbol>
      <symbol id="sm-511">
         <name>ADCSoftwareOversampleStepConfigure</name>
         <value>0x25b5</value>
         <object_component_ref idref="oc-354"/>
      </symbol>
      <symbol id="sm-512">
         <name>ADCSoftwareOversampleConfigure</name>
         <value>0x33e1</value>
         <object_component_ref idref="oc-34e"/>
      </symbol>
      <symbol id="sm-513">
         <name>ADCSequenceEnable</name>
         <value>0x36a9</value>
         <object_component_ref idref="oc-361"/>
      </symbol>
      <symbol id="sm-514">
         <name>ADCSequenceConfigure</name>
         <value>0x2df1</value>
         <object_component_ref idref="oc-33c"/>
      </symbol>
      <symbol id="sm-515">
         <name>ADCBusy</name>
         <value>0x3743</value>
         <object_component_ref idref="oc-379"/>
      </symbol>
      <symbol id="sm-516">
         <name>ADCSequenceStepConfigure</name>
         <value>0x2905</value>
         <object_component_ref idref="oc-342"/>
      </symbol>
      <symbol id="sm-517">
         <name>ADCIntClear</name>
         <value>0x372f</value>
         <object_component_ref idref="oc-35b"/>
      </symbol>
      <symbol id="sm-518">
         <name>ADCHardwareOversampleConfigure</name>
         <value>0x368d</value>
         <object_component_ref idref="oc-348"/>
      </symbol>
      <symbol id="sm-519">
         <name>ADCSequenceDisable</name>
         <value>0x369b</value>
         <object_component_ref idref="oc-5c0"/>
      </symbol>
      <symbol id="sm-51a">
         <name>ADCSoftwareOversampleDataGet</name>
         <value>0x2d01</value>
         <object_component_ref idref="oc-385"/>
      </symbol>
      <symbol id="sm-555">
         <name>GPIOPinConfigure</name>
         <value>0x2e41</value>
         <object_component_ref idref="oc-1f1"/>
      </symbol>
      <symbol id="sm-556">
         <name>GPIOPinTypeADC</name>
         <value>0x35c1</value>
         <object_component_ref idref="oc-336"/>
      </symbol>
      <symbol id="sm-557">
         <name>GPIOPinTypeUART</name>
         <value>0x35d7</value>
         <object_component_ref idref="oc-1f7"/>
      </symbol>
      <symbol id="sm-558">
         <name>GPIODirModeSet</name>
         <value>0x340d</value>
         <object_component_ref idref="oc-2ce"/>
      </symbol>
      <symbol id="sm-559">
         <name>GPIOPadConfigSet</name>
         <value>0x197b</value>
         <object_component_ref idref="oc-2d4"/>
      </symbol>
      <symbol id="sm-578">
         <name>SysCtlPeripheralEnable</name>
         <value>0x331d</value>
         <object_component_ref idref="oc-330"/>
      </symbol>
      <symbol id="sm-579">
         <name>SysCtlPeripheralReady</name>
         <value>0x323d</value>
         <object_component_ref idref="oc-1eb"/>
      </symbol>
      <symbol id="sm-587">
         <name>UARTClockSourceSet</name>
         <value>0x3763</value>
         <object_component_ref idref="oc-1fd"/>
      </symbol>
      <symbol id="sm-5a9">
         <name>_ZdlPv</name>
         <value>0x374b</value>
         <object_component_ref idref="oc-5b7"/>
      </symbol>
      <symbol id="sm-5aa">
         <name>_ZdlPvj</name>
         <value>0x3777</value>
         <object_component_ref idref="oc-490"/>
      </symbol>
      <symbol id="sm-5b5">
         <name>__cxa_pure_virtual</name>
         <value>0x3769</value>
         <object_component_ref idref="oc-475"/>
      </symbol>
      <symbol id="sm-60a">
         <name>_ZN10__cxxabiv117__class_type_infoD1Ev</name>
         <value>0x376f</value>
         <object_component_ref idref="oc-613"/>
      </symbol>
      <symbol id="sm-60b">
         <name>_ZTSN10__cxxabiv120__si_class_type_infoE</name>
         <value>0x391c</value>
         <object_component_ref idref="oc-620"/>
      </symbol>
      <symbol id="sm-60c">
         <name>_ZTSN10__cxxabiv117__class_type_infoE</name>
         <value>0x3941</value>
         <object_component_ref idref="oc-65a"/>
      </symbol>
      <symbol id="sm-60d">
         <name>_ZN10__cxxabiv117__class_type_infoD2Ev</name>
         <value>0x376f</value>
         <object_component_ref idref="oc-613"/>
      </symbol>
      <symbol id="sm-60e">
         <name>_ZN10__cxxabiv120__si_class_type_infoD2Ev</name>
         <value>0x3773</value>
         <object_component_ref idref="oc-5a9"/>
      </symbol>
      <symbol id="sm-60f">
         <name>_ZTVN10__cxxabiv117__class_type_infoE</name>
         <value>0x39c8</value>
         <object_component_ref idref="oc-593"/>
      </symbol>
      <symbol id="sm-610">
         <name>_ZTIN10__cxxabiv117__class_type_infoE</name>
         <value>0x3a04</value>
         <object_component_ref idref="oc-60e"/>
      </symbol>
      <symbol id="sm-611">
         <name>_ZN10__cxxabiv120__si_class_type_infoD1Ev</name>
         <value>0x3773</value>
         <object_component_ref idref="oc-5a9"/>
      </symbol>
      <symbol id="sm-612">
         <name>_ZTIN10__cxxabiv120__si_class_type_infoE</name>
         <value>0x3a10</value>
         <object_component_ref idref="oc-5a4"/>
      </symbol>
      <symbol id="sm-613">
         <name>_ZN10__cxxabiv117__class_type_infoD0Ev</name>
         <value>0x36b7</value>
         <object_component_ref idref="oc-619"/>
      </symbol>
      <symbol id="sm-614">
         <name>_ZTVN10__cxxabiv120__si_class_type_infoE</name>
         <value>0x39d8</value>
         <object_component_ref idref="oc-47f"/>
      </symbol>
      <symbol id="sm-615">
         <name>_ZN10__cxxabiv120__si_class_type_infoD0Ev</name>
         <value>0x36c5</value>
         <object_component_ref idref="oc-5af"/>
      </symbol>
      <symbol id="sm-624">
         <name>__aeabi_memset</name>
         <value>0x2981</value>
         <object_component_ref idref="oc-c7"/>
      </symbol>
      <symbol id="sm-625">
         <name>memset</name>
         <value>0x2987</value>
         <object_component_ref idref="oc-c7"/>
      </symbol>
      <symbol id="sm-626">
         <name>__aeabi_memset8</name>
         <value>0x2981</value>
         <object_component_ref idref="oc-c7"/>
      </symbol>
      <symbol id="sm-627">
         <name>__aeabi_memset4</name>
         <value>0x2981</value>
         <object_component_ref idref="oc-c7"/>
      </symbol>
      <symbol id="sm-628">
         <name>__aeabi_memclr8</name>
         <value>0x297f</value>
         <object_component_ref idref="oc-c7"/>
      </symbol>
      <symbol id="sm-629">
         <name>__aeabi_memclr4</name>
         <value>0x297f</value>
         <object_component_ref idref="oc-c7"/>
      </symbol>
      <symbol id="sm-62a">
         <name>__aeabi_memclr</name>
         <value>0x297f</value>
         <object_component_ref idref="oc-c7"/>
      </symbol>
      <symbol id="sm-639">
         <name>__aeabi_uidivmod</name>
         <value>0x30c9</value>
         <object_component_ref idref="oc-36e"/>
      </symbol>
      <symbol id="sm-63a">
         <name>__aeabi_uidiv</name>
         <value>0x30c9</value>
         <object_component_ref idref="oc-36e"/>
      </symbol>
      <symbol id="sm-645">
         <name>__aeabi_f2d</name>
         <value>0x32e5</value>
         <object_component_ref idref="oc-15a"/>
      </symbol>
      <symbol id="sm-661">
         <name>memcpy</name>
         <value>0x2519</value>
         <object_component_ref idref="oc-58"/>
      </symbol>
      <symbol id="sm-662">
         <name>__aeabi_memcpy</name>
         <value>0x2519</value>
         <object_component_ref idref="oc-58"/>
      </symbol>
      <symbol id="sm-663">
         <name>__aeabi_memcpy8</name>
         <value>0x2519</value>
         <object_component_ref idref="oc-58"/>
      </symbol>
      <symbol id="sm-664">
         <name>__aeabi_memcpy4</name>
         <value>0x2519</value>
         <object_component_ref idref="oc-58"/>
      </symbol>
      <symbol id="sm-677">
         <name>__TI_zero_init</name>
         <value>0x3723</value>
         <object_component_ref idref="oc-6a"/>
      </symbol>
      <symbol id="sm-68e">
         <name>__TI_decompress_none</name>
         <value>0x36fd</value>
         <object_component_ref idref="oc-18"/>
      </symbol>
      <symbol id="sm-6b1">
         <name>__TI_decompress_lzss</name>
         <value>0x2adb</value>
         <object_component_ref idref="oc-12"/>
      </symbol>
      <symbol id="sm-6bc">
         <name>C$$EXIT</name>
         <value>0x3783</value>
         <object_component_ref idref="oc-172"/>
      </symbol>
      <symbol id="sm-6bd">
         <name>abort</name>
         <value>0x3783</value>
         <object_component_ref idref="oc-172"/>
      </symbol>
      <symbol id="sm-726">
         <name>_sys_memory</name>
         <value>0x20004478</value>
         <object_component_ref idref="oc-21"/>
      </symbol>
      <symbol id="sm-727">
         <name>free</name>
         <value>0x20c5</value>
         <object_component_ref idref="oc-639"/>
      </symbol>
      <symbol id="sm-728">
         <name>minit</name>
         <value>0x32ad</value>
         <object_component_ref idref="oc-66c"/>
      </symbol>
      <symbol id="sm-73d">
         <name>_nop</name>
         <value>0x26e3</value>
         <object_component_ref idref="oc-3ea"/>
      </symbol>
      <symbol id="sm-73e">
         <name>_lock</name>
         <value>0x20004450</value>
         <object_component_ref idref="oc-2a5"/>
      </symbol>
      <symbol id="sm-73f">
         <name>_unlock</name>
         <value>0x20004454</value>
         <object_component_ref idref="oc-2a5"/>
      </symbol>
      <symbol id="sm-76b">
         <name>sprintf</name>
         <value>0x3109</value>
         <object_component_ref idref="oc-15f"/>
      </symbol>
      <symbol id="sm-77a">
         <name>strlen</name>
         <value>0x3655</value>
         <object_component_ref idref="oc-38c"/>
      </symbol>
      <symbol id="sm-78e">
         <name>__stack</name>
         <value>0x20003c10</value>
         <object_component_ref idref="oc-24"/>
      </symbol>
      <symbol id="sm-78f">
         <name>_c_int00_noargs</name>
         <value>0x3275</value>
         <object_component_ref idref="oc-76"/>
      </symbol>
      <symbol id="sm-7b8">
         <name>_ZTSSt9type_info</name>
         <value>0x39e8</value>
         <object_component_ref idref="oc-682"/>
      </symbol>
      <symbol id="sm-7b9">
         <name>_ZNSt9type_infoD2Ev</name>
         <value>0x23c7</value>
         <object_component_ref idref="oc-664"/>
      </symbol>
      <symbol id="sm-7ba">
         <name>_ZNSt9type_infoD1Ev</name>
         <value>0x23c7</value>
         <object_component_ref idref="oc-664"/>
      </symbol>
      <symbol id="sm-7bb">
         <name>_ZTISt9type_info</name>
         <value>0x3a3c</value>
         <object_component_ref idref="oc-65f"/>
      </symbol>
      <symbol id="sm-7c5">
         <name>__abort_execution</name>
         <value>0x377b</value>
         <object_component_ref idref="oc-59d"/>
      </symbol>
      <symbol id="sm-7cf">
         <name>__aeabi_idiv0</name>
         <value>0x2b43</value>
         <object_component_ref idref="oc-4ab"/>
      </symbol>
      <symbol id="sm-7d0">
         <name>__aeabi_ldiv0</name>
         <value>0x2b43</value>
         <object_component_ref idref="oc-4ab"/>
      </symbol>
      <symbol id="sm-7f8">
         <name>__TI_auto_init_nobinit_nopinit</name>
         <value>0x3041</value>
         <object_component_ref idref="oc-17e"/>
      </symbol>
      <symbol id="sm-802">
         <name>_system_pre_init</name>
         <value>0x377f</value>
         <object_component_ref idref="oc-cd"/>
      </symbol>
      <symbol id="sm-969">
         <name>__TI_printfi</name>
         <value>0x26d</value>
         <object_component_ref idref="oc-24f"/>
      </symbol>
      <symbol id="sm-980">
         <name>atoi</name>
         <value>0x2ed9</value>
         <object_component_ref idref="oc-392"/>
      </symbol>
      <symbol id="sm-98b">
         <name>_ctypes_</name>
         <value>0x3788</value>
         <object_component_ref idref="oc-4b9"/>
      </symbol>
      <symbol id="sm-99c">
         <name>ltoa</name>
         <value>0x2c5b</value>
         <object_component_ref idref="oc-4d9"/>
      </symbol>
      <symbol id="sm-9ac">
         <name>memccpy</name>
         <value>0x3559</value>
         <object_component_ref idref="oc-3bb"/>
      </symbol>
      <symbol id="sm-9bd">
         <name>strchr</name>
         <value>0x3603</value>
         <object_component_ref idref="oc-510"/>
      </symbol>
      <symbol id="sm-9db">
         <name>__aeabi_errno_addr</name>
         <value>0x3755</value>
         <object_component_ref idref="oc-3c7"/>
      </symbol>
      <symbol id="sm-9dc">
         <name>errno</name>
         <value>0x2000446c</value>
         <object_component_ref idref="oc-520"/>
      </symbol>
      <symbol id="sm-9fc">
         <name>frexpl</name>
         <value>0x2b45</value>
         <object_component_ref idref="oc-504"/>
      </symbol>
      <symbol id="sm-9fd">
         <name>frexp</name>
         <value>0x2b45</value>
         <object_component_ref idref="oc-504"/>
      </symbol>
      <symbol id="sm-a1a">
         <name>scalbn</name>
         <value>0x1bcd</value>
         <object_component_ref idref="oc-50a"/>
      </symbol>
      <symbol id="sm-a1b">
         <name>scalbnl</name>
         <value>0x1bcd</value>
         <object_component_ref idref="oc-50a"/>
      </symbol>
      <symbol id="sm-a1c">
         <name>ldexpl</name>
         <value>0x1bcd</value>
         <object_component_ref idref="oc-50a"/>
      </symbol>
      <symbol id="sm-a1d">
         <name>ldexp</name>
         <value>0x1bcd</value>
         <object_component_ref idref="oc-50a"/>
      </symbol>
      <symbol id="sm-a36">
         <name>wcslen</name>
         <value>0x3669</value>
         <object_component_ref idref="oc-3c1"/>
      </symbol>
      <symbol id="sm-a41">
         <name>copysign</name>
         <value>0x3641</value>
         <object_component_ref idref="oc-5e7"/>
      </symbol>
      <symbol id="sm-a42">
         <name>copysignl</name>
         <value>0x3641</value>
         <object_component_ref idref="oc-5e7"/>
      </symbol>
      <symbol id="sm-a4f">
         <name>__aeabi_uldivmod</name>
         <value>0x264d</value>
         <object_component_ref idref="oc-4be"/>
      </symbol>
      <symbol id="sm-a66">
         <name>__aeabi_dsub</name>
         <value>0x1419</value>
         <object_component_ref idref="oc-4e4"/>
      </symbol>
      <symbol id="sm-a67">
         <name>__aeabi_dadd</name>
         <value>0x1423</value>
         <object_component_ref idref="oc-4e4"/>
      </symbol>
      <symbol id="sm-a89">
         <name>__aeabi_cdcmpeq</name>
         <value>0x2775</value>
         <object_component_ref idref="oc-39e"/>
      </symbol>
      <symbol id="sm-a8a">
         <name>__aeabi_cdcmple</name>
         <value>0x2775</value>
         <object_component_ref idref="oc-39e"/>
      </symbol>
      <symbol id="sm-a8b">
         <name>__aeabi_cdrcmple</name>
         <value>0x27fb</value>
         <object_component_ref idref="oc-4cf"/>
      </symbol>
      <symbol id="sm-a9f">
         <name>__aeabi_ddiv</name>
         <value>0x1845</value>
         <object_component_ref idref="oc-4ca"/>
      </symbol>
      <symbol id="sm-aaa">
         <name>__aeabi_dmul</name>
         <value>0x1eed</value>
         <object_component_ref idref="oc-4c5"/>
      </symbol>
      <symbol id="sm-ab4">
         <name>__aeabi_d2iz</name>
         <value>0x2f6d</value>
         <object_component_ref idref="oc-4d4"/>
      </symbol>
      <symbol id="sm-abe">
         <name>__aeabi_i2d</name>
         <value>0x33b3</value>
         <object_component_ref idref="oc-4df"/>
      </symbol>
      <symbol id="sm-ac8">
         <name>__TI_static_base__</name>
         <value>0x0</value>
      </symbol>
      <symbol id="sm-acb">
         <name>__mpu_init</name>
         <value>0x0</value>
      </symbol>
      <symbol id="sm-acc">
         <name>_system_post_cinit</name>
         <value>0x0</value>
      </symbol>
      <symbol id="sm-acd">
         <name>_ZSt17__throw_bad_allocv</name>
         <value>0x3783</value>
      </symbol>
   </symbol_table>
   <title>Link successful</title>
</link_info>
