<?xml version="1.0" encoding="ISO-8859-1" ?>
<link_info>
   <banner>TI ARM Linker Unix v18.1.3.LTS</banner>
   <copyright>Copyright (c) 1996-2017 Texas Instruments Incorporated</copyright>
   <link_time>0x5ba09268</link_time>
   <link_errors>0x0</link_errors>
   <output_file>freertos_demo.out</output_file>
   <entry_point>
      <name>_c_int00_noargs</name>
      <address>0x5539</address>
   </entry_point>
   <input_file_list>
      <input_file id="fl-2">
         <path>./</path>
         <kind>object</kind>
         <file>ac_sensor.obj</file>
         <name>ac_sensor.obj</name>
      </input_file>
      <input_file id="fl-3">
         <path>./</path>
         <kind>object</kind>
         <file>adc_multimeter.obj</file>
         <name>adc_multimeter.obj</name>
      </input_file>
      <input_file id="fl-4">
         <path>./</path>
         <kind>object</kind>
         <file>core_measure_task.obj</file>
         <name>core_measure_task.obj</name>
      </input_file>
      <input_file id="fl-5">
         <path>./</path>
         <kind>object</kind>
         <file>freeRTOS_hook.obj</file>
         <name>freeRTOS_hook.obj</name>
      </input_file>
      <input_file id="fl-6">
         <path>./</path>
         <kind>object</kind>
         <file>general_timer.obj</file>
         <name>general_timer.obj</name>
      </input_file>
      <input_file id="fl-7">
         <path>./</path>
         <kind>object</kind>
         <file>hardware_helper.obj</file>
         <name>hardware_helper.obj</name>
      </input_file>
      <input_file id="fl-8">
         <path>./</path>
         <kind>object</kind>
         <file>main.obj</file>
         <name>main.obj</name>
      </input_file>
      <input_file id="fl-9">
         <path>./</path>
         <kind>object</kind>
         <file>startup_ccs.obj</file>
         <name>startup_ccs.obj</name>
      </input_file>
      <input_file id="fl-a">
         <path>./</path>
         <kind>object</kind>
         <file>uart_util.obj</file>
         <name>uart_util.obj</name>
      </input_file>
      <input_file id="fl-b">
         <path>./</path>
         <kind>object</kind>
         <file>user_io_task.obj</file>
         <name>user_io_task.obj</name>
      </input_file>
      <input_file id="fl-c">
         <path>./Tivaware_Dep/driverlib/</path>
         <kind>object</kind>
         <file>epi_workaround_ccs.obj</file>
         <name>epi_workaround_ccs.obj</name>
      </input_file>
      <input_file id="fl-d">
         <path>./Tivaware_Dep/drivers/</path>
         <kind>object</kind>
         <file>buttons.obj</file>
         <name>buttons.obj</name>
      </input_file>
      <input_file id="fl-e">
         <path>./Tivaware_Dep/drivers/</path>
         <kind>object</kind>
         <file>rgb.obj</file>
         <name>rgb.obj</name>
      </input_file>
      <input_file id="fl-f">
         <path>./Tivaware_Dep/third_party/FreeRTOS/Source/</path>
         <kind>object</kind>
         <file>croutine.obj</file>
         <name>croutine.obj</name>
      </input_file>
      <input_file id="fl-10">
         <path>./Tivaware_Dep/third_party/FreeRTOS/Source/</path>
         <kind>object</kind>
         <file>event_groups.obj</file>
         <name>event_groups.obj</name>
      </input_file>
      <input_file id="fl-11">
         <path>./Tivaware_Dep/third_party/FreeRTOS/Source/</path>
         <kind>object</kind>
         <file>list.obj</file>
         <name>list.obj</name>
      </input_file>
      <input_file id="fl-12">
         <path>./Tivaware_Dep/third_party/FreeRTOS/Source/</path>
         <kind>object</kind>
         <file>queue.obj</file>
         <name>queue.obj</name>
      </input_file>
      <input_file id="fl-13">
         <path>./Tivaware_Dep/third_party/FreeRTOS/Source/</path>
         <kind>object</kind>
         <file>stream_buffer.obj</file>
         <name>stream_buffer.obj</name>
      </input_file>
      <input_file id="fl-14">
         <path>./Tivaware_Dep/third_party/FreeRTOS/Source/</path>
         <kind>object</kind>
         <file>tasks.obj</file>
         <name>tasks.obj</name>
      </input_file>
      <input_file id="fl-15">
         <path>./Tivaware_Dep/third_party/FreeRTOS/Source/</path>
         <kind>object</kind>
         <file>timers.obj</file>
         <name>timers.obj</name>
      </input_file>
      <input_file id="fl-16">
         <path>./Tivaware_Dep/third_party/FreeRTOS/Source/portable/CCS/ARM_CM4F/</path>
         <kind>object</kind>
         <file>port.obj</file>
         <name>port.obj</name>
      </input_file>
      <input_file id="fl-17">
         <path>./Tivaware_Dep/third_party/FreeRTOS/Source/portable/CCS/ARM_CM4F/</path>
         <kind>object</kind>
         <file>portasm.obj</file>
         <name>portasm.obj</name>
      </input_file>
      <input_file id="fl-18">
         <path>./Tivaware_Dep/third_party/FreeRTOS/Source/portable/MemMang/</path>
         <kind>object</kind>
         <file>heap_2.obj</file>
         <name>heap_2.obj</name>
      </input_file>
      <input_file id="fl-19">
         <path>./Tivaware_Dep/utils/</path>
         <kind>object</kind>
         <file>softuart.obj</file>
         <name>softuart.obj</name>
      </input_file>
      <input_file id="fl-1a">
         <path>./Tivaware_Dep/utils/</path>
         <kind>object</kind>
         <file>uartstdio.obj</file>
         <name>uartstdio.obj</name>
      </input_file>
      <input_file id="fl-1b">
         <path>./Tivaware_Dep/utils/</path>
         <kind>object</kind>
         <file>ustdlib.obj</file>
         <name>ustdlib.obj</name>
      </input_file>
      <input_file id="fl-24">
         <kind>object</kind>
         <file>&lt;internal&gt;</file>
         <name>&lt;internal&gt;</name>
      </input_file>
      <input_file id="fl-25">
         <path>../Tivaware_Dep/driverlib/ccs/Debug/</path>
         <kind>archive</kind>
         <file>driverlib.lib</file>
         <name>adc.obj</name>
      </input_file>
      <input_file id="fl-26">
         <path>../Tivaware_Dep/driverlib/ccs/Debug/</path>
         <kind>archive</kind>
         <file>driverlib.lib</file>
         <name>gpio.obj</name>
      </input_file>
      <input_file id="fl-27">
         <path>../Tivaware_Dep/driverlib/ccs/Debug/</path>
         <kind>archive</kind>
         <file>driverlib.lib</file>
         <name>interrupt.obj</name>
      </input_file>
      <input_file id="fl-28">
         <path>../Tivaware_Dep/driverlib/ccs/Debug/</path>
         <kind>archive</kind>
         <file>driverlib.lib</file>
         <name>sysctl.obj</name>
      </input_file>
      <input_file id="fl-29">
         <path>../Tivaware_Dep/driverlib/ccs/Debug/</path>
         <kind>archive</kind>
         <file>driverlib.lib</file>
         <name>timer.obj</name>
      </input_file>
      <input_file id="fl-2a">
         <path>../Tivaware_Dep/driverlib/ccs/Debug/</path>
         <kind>archive</kind>
         <file>driverlib.lib</file>
         <name>uart.obj</name>
      </input_file>
      <input_file id="fl-2b">
         <path>../Tivaware_Dep/driverlib/ccs/Debug/</path>
         <kind>archive</kind>
         <file>driverlib.lib</file>
         <name>cpu.obj</name>
      </input_file>
      <input_file id="fl-e1">
         <path>/opt/ti/ccsv8/tools/compiler/ti-cgt-arm_18.1.3.LTS/lib/</path>
         <kind>archive</kind>
         <file>rtsv7M4_T_le_v4SPD16_eabi.lib</file>
         <name>new.cpp.obj</name>
      </input_file>
      <input_file id="fl-e2">
         <path>/opt/ti/ccsv8/tools/compiler/ti-cgt-arm_18.1.3.LTS/lib/</path>
         <kind>archive</kind>
         <file>rtsv7M4_T_le_v4SPD16_eabi.lib</file>
         <name>guard.c.obj</name>
      </input_file>
      <input_file id="fl-e3">
         <path>/opt/ti/ccsv8/tools/compiler/ti-cgt-arm_18.1.3.LTS/lib/</path>
         <kind>archive</kind>
         <file>rtsv7M4_T_le_v4SPD16_eabi.lib</file>
         <name>typeinfo.c.obj</name>
      </input_file>
      <input_file id="fl-e4">
         <path>/opt/ti/ccsv8/tools/compiler/ti-cgt-arm_18.1.3.LTS/lib/</path>
         <kind>archive</kind>
         <file>rtsv7M4_T_le_v4SPD16_eabi.lib</file>
         <name>memset_t2.asm.obj</name>
      </input_file>
      <input_file id="fl-e5">
         <path>/opt/ti/ccsv8/tools/compiler/ti-cgt-arm_18.1.3.LTS/lib/</path>
         <kind>archive</kind>
         <file>rtsv7M4_T_le_v4SPD16_eabi.lib</file>
         <name>u_divt2.asm.obj</name>
      </input_file>
      <input_file id="fl-e6">
         <path>/opt/ti/ccsv8/tools/compiler/ti-cgt-arm_18.1.3.LTS/lib/</path>
         <kind>archive</kind>
         <file>rtsv7M4_T_le_v4SPD16_eabi.lib</file>
         <name>fd_add_t2.asm.obj</name>
      </input_file>
      <input_file id="fl-e7">
         <path>/opt/ti/ccsv8/tools/compiler/ti-cgt-arm_18.1.3.LTS/lib/</path>
         <kind>archive</kind>
         <file>rtsv7M4_T_le_v4SPD16_eabi.lib</file>
         <name>fd_div_t2.asm.obj</name>
      </input_file>
      <input_file id="fl-e8">
         <path>/opt/ti/ccsv8/tools/compiler/ti-cgt-arm_18.1.3.LTS/lib/</path>
         <kind>archive</kind>
         <file>rtsv7M4_T_le_v4SPD16_eabi.lib</file>
         <name>fd_tos_t2.asm.obj</name>
      </input_file>
      <input_file id="fl-e9">
         <path>/opt/ti/ccsv8/tools/compiler/ti-cgt-arm_18.1.3.LTS/lib/</path>
         <kind>archive</kind>
         <file>rtsv7M4_T_le_v4SPD16_eabi.lib</file>
         <name>fs_tod_t2.asm.obj</name>
      </input_file>
      <input_file id="fl-ea">
         <path>/opt/ti/ccsv8/tools/compiler/ti-cgt-arm_18.1.3.LTS/lib/</path>
         <kind>archive</kind>
         <file>rtsv7M4_T_le_v4SPD16_eabi.lib</file>
         <name>fs_toull_t2.asm.obj</name>
      </input_file>
      <input_file id="fl-eb">
         <path>/opt/ti/ccsv8/tools/compiler/ti-cgt-arm_18.1.3.LTS/lib/</path>
         <kind>archive</kind>
         <file>rtsv7M4_T_le_v4SPD16_eabi.lib</file>
         <name>memcpy_t2.asm.obj</name>
      </input_file>
      <input_file id="fl-ec">
         <path>/opt/ti/ccsv8/tools/compiler/ti-cgt-arm_18.1.3.LTS/lib/</path>
         <kind>archive</kind>
         <file>rtsv7M4_T_le_v4SPD16_eabi.lib</file>
         <name>ull_tofs_t2.asm.obj</name>
      </input_file>
      <input_file id="fl-ed">
         <path>/opt/ti/ccsv8/tools/compiler/ti-cgt-arm_18.1.3.LTS/lib/</path>
         <kind>archive</kind>
         <file>rtsv7M4_T_le_v4SPD16_eabi.lib</file>
         <name>copy_zero_init.c.obj</name>
      </input_file>
      <input_file id="fl-ee">
         <path>/opt/ti/ccsv8/tools/compiler/ti-cgt-arm_18.1.3.LTS/lib/</path>
         <kind>archive</kind>
         <file>rtsv7M4_T_le_v4SPD16_eabi.lib</file>
         <name>copy_decompress_none.c.obj</name>
      </input_file>
      <input_file id="fl-ef">
         <path>/opt/ti/ccsv8/tools/compiler/ti-cgt-arm_18.1.3.LTS/lib/</path>
         <kind>archive</kind>
         <file>rtsv7M4_T_le_v4SPD16_eabi.lib</file>
         <name>copy_decompress_lzss.c.obj</name>
      </input_file>
      <input_file id="fl-f0">
         <path>/opt/ti/ccsv8/tools/compiler/ti-cgt-arm_18.1.3.LTS/lib/</path>
         <kind>archive</kind>
         <file>rtsv7M4_T_le_v4SPD16_eabi.lib</file>
         <name>exit.c.obj</name>
      </input_file>
      <input_file id="fl-f1">
         <path>/opt/ti/ccsv8/tools/compiler/ti-cgt-arm_18.1.3.LTS/lib/</path>
         <kind>archive</kind>
         <file>rtsv7M4_T_le_v4SPD16_eabi.lib</file>
         <name>memory.c.obj</name>
      </input_file>
      <input_file id="fl-f2">
         <path>/opt/ti/ccsv8/tools/compiler/ti-cgt-arm_18.1.3.LTS/lib/</path>
         <kind>archive</kind>
         <file>rtsv7M4_T_le_v4SPD16_eabi.lib</file>
         <name>_lock.c.obj</name>
      </input_file>
      <input_file id="fl-f3">
         <path>/opt/ti/ccsv8/tools/compiler/ti-cgt-arm_18.1.3.LTS/lib/</path>
         <kind>archive</kind>
         <file>rtsv7M4_T_le_v4SPD16_eabi.lib</file>
         <name>assert.c.obj</name>
      </input_file>
      <input_file id="fl-f4">
         <path>/opt/ti/ccsv8/tools/compiler/ti-cgt-arm_18.1.3.LTS/lib/</path>
         <kind>archive</kind>
         <file>rtsv7M4_T_le_v4SPD16_eabi.lib</file>
         <name>defs.c.obj</name>
      </input_file>
      <input_file id="fl-f5">
         <path>/opt/ti/ccsv8/tools/compiler/ti-cgt-arm_18.1.3.LTS/lib/</path>
         <kind>archive</kind>
         <file>rtsv7M4_T_le_v4SPD16_eabi.lib</file>
         <name>fflush.c.obj</name>
      </input_file>
      <input_file id="fl-f6">
         <path>/opt/ti/ccsv8/tools/compiler/ti-cgt-arm_18.1.3.LTS/lib/</path>
         <kind>archive</kind>
         <file>rtsv7M4_T_le_v4SPD16_eabi.lib</file>
         <name>fputs.c.obj</name>
      </input_file>
      <input_file id="fl-f7">
         <path>/opt/ti/ccsv8/tools/compiler/ti-cgt-arm_18.1.3.LTS/lib/</path>
         <kind>archive</kind>
         <file>rtsv7M4_T_le_v4SPD16_eabi.lib</file>
         <name>memchr.c.obj</name>
      </input_file>
      <input_file id="fl-f8">
         <path>/opt/ti/ccsv8/tools/compiler/ti-cgt-arm_18.1.3.LTS/lib/</path>
         <kind>archive</kind>
         <file>rtsv7M4_T_le_v4SPD16_eabi.lib</file>
         <name>sprintf.c.obj</name>
      </input_file>
      <input_file id="fl-f9">
         <path>/opt/ti/ccsv8/tools/compiler/ti-cgt-arm_18.1.3.LTS/lib/</path>
         <kind>archive</kind>
         <file>rtsv7M4_T_le_v4SPD16_eabi.lib</file>
         <name>strcpy.c.obj</name>
      </input_file>
      <input_file id="fl-fa">
         <path>/opt/ti/ccsv8/tools/compiler/ti-cgt-arm_18.1.3.LTS/lib/</path>
         <kind>archive</kind>
         <file>rtsv7M4_T_le_v4SPD16_eabi.lib</file>
         <name>strlen.c.obj</name>
      </input_file>
      <input_file id="fl-fb">
         <path>/opt/ti/ccsv8/tools/compiler/ti-cgt-arm_18.1.3.LTS/lib/</path>
         <kind>archive</kind>
         <file>rtsv7M4_T_le_v4SPD16_eabi.lib</file>
         <name>write.c.obj</name>
      </input_file>
      <input_file id="fl-fc">
         <path>/opt/ti/ccsv8/tools/compiler/ti-cgt-arm_18.1.3.LTS/lib/</path>
         <kind>archive</kind>
         <file>rtsv7M4_T_le_v4SPD16_eabi.lib</file>
         <name>boot_cortex_m.c.obj</name>
      </input_file>
      <input_file id="fl-fd">
         <path>/opt/ti/ccsv8/tools/compiler/ti-cgt-arm_18.1.3.LTS/lib/</path>
         <kind>archive</kind>
         <file>rtsv7M4_T_le_v4SPD16_eabi.lib</file>
         <name>stdlib_typeinfo.cpp.obj</name>
      </input_file>
      <input_file id="fl-fe">
         <path>/opt/ti/ccsv8/tools/compiler/ti-cgt-arm_18.1.3.LTS/lib/</path>
         <kind>archive</kind>
         <file>rtsv7M4_T_le_v4SPD16_eabi.lib</file>
         <name>div0.asm.obj</name>
      </input_file>
      <input_file id="fl-ff">
         <path>/opt/ti/ccsv8/tools/compiler/ti-cgt-arm_18.1.3.LTS/lib/</path>
         <kind>archive</kind>
         <file>rtsv7M4_T_le_v4SPD16_eabi.lib</file>
         <name>autoinit.c.obj</name>
      </input_file>
      <input_file id="fl-100">
         <path>/opt/ti/ccsv8/tools/compiler/ti-cgt-arm_18.1.3.LTS/lib/</path>
         <kind>archive</kind>
         <file>rtsv7M4_T_le_v4SPD16_eabi.lib</file>
         <name>pre_init.c.obj</name>
      </input_file>
      <input_file id="fl-101">
         <path>/opt/ti/ccsv8/tools/compiler/ti-cgt-arm_18.1.3.LTS/lib/</path>
         <kind>archive</kind>
         <file>rtsv7M4_T_le_v4SPD16_eabi.lib</file>
         <name>cpy_tbl.c.obj</name>
      </input_file>
      <input_file id="fl-102">
         <path>/opt/ti/ccsv8/tools/compiler/ti-cgt-arm_18.1.3.LTS/lib/</path>
         <kind>archive</kind>
         <file>rtsv7M4_T_le_v4SPD16_eabi.lib</file>
         <name>_io_perm.c.obj</name>
      </input_file>
      <input_file id="fl-103">
         <path>/opt/ti/ccsv8/tools/compiler/ti-cgt-arm_18.1.3.LTS/lib/</path>
         <kind>archive</kind>
         <file>rtsv7M4_T_le_v4SPD16_eabi.lib</file>
         <name>_printfi.c.obj</name>
      </input_file>
      <input_file id="fl-104">
         <path>/opt/ti/ccsv8/tools/compiler/ti-cgt-arm_18.1.3.LTS/lib/</path>
         <kind>archive</kind>
         <file>rtsv7M4_T_le_v4SPD16_eabi.lib</file>
         <name>args_main.c.obj</name>
      </input_file>
      <input_file id="fl-105">
         <path>/opt/ti/ccsv8/tools/compiler/ti-cgt-arm_18.1.3.LTS/lib/</path>
         <kind>archive</kind>
         <file>rtsv7M4_T_le_v4SPD16_eabi.lib</file>
         <name>atoi.c.obj</name>
      </input_file>
      <input_file id="fl-106">
         <path>/opt/ti/ccsv8/tools/compiler/ti-cgt-arm_18.1.3.LTS/lib/</path>
         <kind>archive</kind>
         <file>rtsv7M4_T_le_v4SPD16_eabi.lib</file>
         <name>ctype.c.obj</name>
      </input_file>
      <input_file id="fl-107">
         <path>/opt/ti/ccsv8/tools/compiler/ti-cgt-arm_18.1.3.LTS/lib/</path>
         <kind>archive</kind>
         <file>rtsv7M4_T_le_v4SPD16_eabi.lib</file>
         <name>fseek.c.obj</name>
      </input_file>
      <input_file id="fl-108">
         <path>/opt/ti/ccsv8/tools/compiler/ti-cgt-arm_18.1.3.LTS/lib/</path>
         <kind>archive</kind>
         <file>rtsv7M4_T_le_v4SPD16_eabi.lib</file>
         <name>lseek.c.obj</name>
      </input_file>
      <input_file id="fl-109">
         <path>/opt/ti/ccsv8/tools/compiler/ti-cgt-arm_18.1.3.LTS/lib/</path>
         <kind>archive</kind>
         <file>rtsv7M4_T_le_v4SPD16_eabi.lib</file>
         <name>ltoa.c.obj</name>
      </input_file>
      <input_file id="fl-10a">
         <path>/opt/ti/ccsv8/tools/compiler/ti-cgt-arm_18.1.3.LTS/lib/</path>
         <kind>archive</kind>
         <file>rtsv7M4_T_le_v4SPD16_eabi.lib</file>
         <name>memccpy.c.obj</name>
      </input_file>
      <input_file id="fl-10b">
         <path>/opt/ti/ccsv8/tools/compiler/ti-cgt-arm_18.1.3.LTS/lib/</path>
         <kind>archive</kind>
         <file>rtsv7M4_T_le_v4SPD16_eabi.lib</file>
         <name>setvbuf.c.obj</name>
      </input_file>
      <input_file id="fl-10c">
         <path>/opt/ti/ccsv8/tools/compiler/ti-cgt-arm_18.1.3.LTS/lib/</path>
         <kind>archive</kind>
         <file>rtsv7M4_T_le_v4SPD16_eabi.lib</file>
         <name>strchr.c.obj</name>
      </input_file>
      <input_file id="fl-10d">
         <path>/opt/ti/ccsv8/tools/compiler/ti-cgt-arm_18.1.3.LTS/lib/</path>
         <kind>archive</kind>
         <file>rtsv7M4_T_le_v4SPD16_eabi.lib</file>
         <name>hostclose.c.obj</name>
      </input_file>
      <input_file id="fl-10e">
         <path>/opt/ti/ccsv8/tools/compiler/ti-cgt-arm_18.1.3.LTS/lib/</path>
         <kind>archive</kind>
         <file>rtsv7M4_T_le_v4SPD16_eabi.lib</file>
         <name>hostlseek.c.obj</name>
      </input_file>
      <input_file id="fl-10f">
         <path>/opt/ti/ccsv8/tools/compiler/ti-cgt-arm_18.1.3.LTS/lib/</path>
         <kind>archive</kind>
         <file>rtsv7M4_T_le_v4SPD16_eabi.lib</file>
         <name>hostopen.c.obj</name>
      </input_file>
      <input_file id="fl-110">
         <path>/opt/ti/ccsv8/tools/compiler/ti-cgt-arm_18.1.3.LTS/lib/</path>
         <kind>archive</kind>
         <file>rtsv7M4_T_le_v4SPD16_eabi.lib</file>
         <name>hostread.c.obj</name>
      </input_file>
      <input_file id="fl-111">
         <path>/opt/ti/ccsv8/tools/compiler/ti-cgt-arm_18.1.3.LTS/lib/</path>
         <kind>archive</kind>
         <file>rtsv7M4_T_le_v4SPD16_eabi.lib</file>
         <name>hostrename.c.obj</name>
      </input_file>
      <input_file id="fl-112">
         <path>/opt/ti/ccsv8/tools/compiler/ti-cgt-arm_18.1.3.LTS/lib/</path>
         <kind>archive</kind>
         <file>rtsv7M4_T_le_v4SPD16_eabi.lib</file>
         <name>hostunlink.c.obj</name>
      </input_file>
      <input_file id="fl-113">
         <path>/opt/ti/ccsv8/tools/compiler/ti-cgt-arm_18.1.3.LTS/lib/</path>
         <kind>archive</kind>
         <file>rtsv7M4_T_le_v4SPD16_eabi.lib</file>
         <name>hostwrite.c.obj</name>
      </input_file>
      <input_file id="fl-114">
         <path>/opt/ti/ccsv8/tools/compiler/ti-cgt-arm_18.1.3.LTS/lib/</path>
         <kind>archive</kind>
         <file>rtsv7M4_T_le_v4SPD16_eabi.lib</file>
         <name>trgmsg.c.obj</name>
      </input_file>
      <input_file id="fl-115">
         <path>/opt/ti/ccsv8/tools/compiler/ti-cgt-arm_18.1.3.LTS/lib/</path>
         <kind>archive</kind>
         <file>rtsv7M4_T_le_v4SPD16_eabi.lib</file>
         <name>errno.c.obj</name>
      </input_file>
      <input_file id="fl-116">
         <path>/opt/ti/ccsv8/tools/compiler/ti-cgt-arm_18.1.3.LTS/lib/</path>
         <kind>archive</kind>
         <file>rtsv7M4_T_le_v4SPD16_eabi.lib</file>
         <name>s_frexp.c.obj</name>
      </input_file>
      <input_file id="fl-117">
         <path>/opt/ti/ccsv8/tools/compiler/ti-cgt-arm_18.1.3.LTS/lib/</path>
         <kind>archive</kind>
         <file>rtsv7M4_T_le_v4SPD16_eabi.lib</file>
         <name>s_scalbn.c.obj</name>
      </input_file>
      <input_file id="fl-118">
         <path>/opt/ti/ccsv8/tools/compiler/ti-cgt-arm_18.1.3.LTS/lib/</path>
         <kind>archive</kind>
         <file>rtsv7M4_T_le_v4SPD16_eabi.lib</file>
         <name>wcslen.c.obj</name>
      </input_file>
      <input_file id="fl-119">
         <path>/opt/ti/ccsv8/tools/compiler/ti-cgt-arm_18.1.3.LTS/lib/</path>
         <kind>archive</kind>
         <file>rtsv7M4_T_le_v4SPD16_eabi.lib</file>
         <name>stdlib_exception.cpp.obj</name>
      </input_file>
      <input_file id="fl-11a">
         <path>/opt/ti/ccsv8/tools/compiler/ti-cgt-arm_18.1.3.LTS/lib/</path>
         <kind>archive</kind>
         <file>rtsv7M4_T_le_v4SPD16_eabi.lib</file>
         <name>s_copysign.c.obj</name>
      </input_file>
      <input_file id="fl-11b">
         <path>/opt/ti/ccsv8/tools/compiler/ti-cgt-arm_18.1.3.LTS/lib/</path>
         <kind>archive</kind>
         <file>rtsv7M4_T_le_v4SPD16_eabi.lib</file>
         <name>ull_div_t2.asm.obj</name>
      </input_file>
      <input_file id="fl-11c">
         <path>/opt/ti/ccsv8/tools/compiler/ti-cgt-arm_18.1.3.LTS/lib/</path>
         <kind>archive</kind>
         <file>rtsv7M4_T_le_v4SPD16_eabi.lib</file>
         <name>fd_cmp_t2.asm.obj</name>
      </input_file>
      <input_file id="fl-11d">
         <path>/opt/ti/ccsv8/tools/compiler/ti-cgt-arm_18.1.3.LTS/lib/</path>
         <kind>archive</kind>
         <file>rtsv7M4_T_le_v4SPD16_eabi.lib</file>
         <name>fd_mul_t2.asm.obj</name>
      </input_file>
      <input_file id="fl-11e">
         <path>/opt/ti/ccsv8/tools/compiler/ti-cgt-arm_18.1.3.LTS/lib/</path>
         <kind>archive</kind>
         <file>rtsv7M4_T_le_v4SPD16_eabi.lib</file>
         <name>fd_toi_t2.asm.obj</name>
      </input_file>
      <input_file id="fl-11f">
         <path>/opt/ti/ccsv8/tools/compiler/ti-cgt-arm_18.1.3.LTS/lib/</path>
         <kind>archive</kind>
         <file>rtsv7M4_T_le_v4SPD16_eabi.lib</file>
         <name>i_tofd_t2.asm.obj</name>
      </input_file>
      <input_file id="fl-120">
         <path>/opt/ti/ccsv8/tools/compiler/ti-cgt-arm_18.1.3.LTS/lib/</path>
         <kind>archive</kind>
         <file>rtsv7M4_T_le_v4SPD16_eabi.lib</file>
         <name>fopen.c.obj</name>
      </input_file>
      <input_file id="fl-121">
         <path>/opt/ti/ccsv8/tools/compiler/ti-cgt-arm_18.1.3.LTS/lib/</path>
         <kind>archive</kind>
         <file>rtsv7M4_T_le_v4SPD16_eabi.lib</file>
         <name>open.c.obj</name>
      </input_file>
      <input_file id="fl-122">
         <path>/opt/ti/ccsv8/tools/compiler/ti-cgt-arm_18.1.3.LTS/lib/</path>
         <kind>archive</kind>
         <file>rtsv7M4_T_le_v4SPD16_eabi.lib</file>
         <name>fclose.c.obj</name>
      </input_file>
      <input_file id="fl-123">
         <path>/opt/ti/ccsv8/tools/compiler/ti-cgt-arm_18.1.3.LTS/lib/</path>
         <kind>archive</kind>
         <file>rtsv7M4_T_le_v4SPD16_eabi.lib</file>
         <name>getdevice.c.obj</name>
      </input_file>
      <input_file id="fl-124">
         <path>/opt/ti/ccsv8/tools/compiler/ti-cgt-arm_18.1.3.LTS/lib/</path>
         <kind>archive</kind>
         <file>rtsv7M4_T_le_v4SPD16_eabi.lib</file>
         <name>remove.c.obj</name>
      </input_file>
      <input_file id="fl-125">
         <path>/opt/ti/ccsv8/tools/compiler/ti-cgt-arm_18.1.3.LTS/lib/</path>
         <kind>archive</kind>
         <file>rtsv7M4_T_le_v4SPD16_eabi.lib</file>
         <name>strcmp.c.obj</name>
      </input_file>
      <input_file id="fl-126">
         <path>/opt/ti/ccsv8/tools/compiler/ti-cgt-arm_18.1.3.LTS/lib/</path>
         <kind>archive</kind>
         <file>rtsv7M4_T_le_v4SPD16_eabi.lib</file>
         <name>strncpy.c.obj</name>
      </input_file>
      <input_file id="fl-127">
         <path>/opt/ti/ccsv8/tools/compiler/ti-cgt-arm_18.1.3.LTS/lib/</path>
         <kind>archive</kind>
         <file>rtsv7M4_T_le_v4SPD16_eabi.lib</file>
         <name>unlink.c.obj</name>
      </input_file>
      <input_file id="fl-128">
         <path>/opt/ti/ccsv8/tools/compiler/ti-cgt-arm_18.1.3.LTS/lib/</path>
         <kind>archive</kind>
         <file>rtsv7M4_T_le_v4SPD16_eabi.lib</file>
         <name>close.c.obj</name>
      </input_file>
   </input_file_list>
   <object_component_list>
      <object_component id="oc-f">
         <name>.intvecs</name>
         <load_address>0x0</load_address>
         <run_address>0x0</run_address>
         <size>0x26c</size>
         <input_file_ref idref="fl-9"/>
      </object_component>
      <object_component id="oc-46e">
         <name>.text:__TI_printfi</name>
         <load_address>0x26c</load_address>
         <run_address>0x26c</run_address>
         <size>0xa5e</size>
         <input_file_ref idref="fl-103"/>
      </object_component>
      <object_component id="oc-33">
         <name>.text:FaultISR</name>
         <load_address>0xcca</load_address>
         <run_address>0xcca</run_address>
         <size>0x2</size>
         <input_file_ref idref="fl-9"/>
      </object_component>
      <object_component id="oc-206">
         <name>.text:UARTvprintf</name>
         <load_address>0xccc</load_address>
         <run_address>0xccc</run_address>
         <size>0x30c</size>
         <input_file_ref idref="fl-1a"/>
      </object_component>
      <object_component id="oc-524">
         <name>.text:_Z22adcChannelMaskFromNameRKhc</name>
         <load_address>0xfd8</load_address>
         <run_address>0xfd8</run_address>
         <size>0x27b</size>
         <input_file_ref idref="fl-7"/>
      </object_component>
      <object_component id="oc-5b5">
         <name>.text:_pconv_a</name>
         <load_address>0x1254</load_address>
         <run_address>0x1254</run_address>
         <size>0x270</size>
         <input_file_ref idref="fl-103"/>
      </object_component>
      <object_component id="oc-5a3">
         <name>.text:_pconv_g</name>
         <load_address>0x14c4</load_address>
         <run_address>0x14c4</run_address>
         <size>0x1d0</size>
         <input_file_ref idref="fl-103"/>
      </object_component>
      <object_component id="oc-45a">
         <name>.text</name>
         <load_address>0x1694</load_address>
         <run_address>0x1694</run_address>
         <size>0x1b6</size>
         <input_file_ref idref="fl-e6"/>
      </object_component>
      <object_component id="oc-39">
         <name>.text:IntDefaultHandler</name>
         <load_address>0x184a</load_address>
         <run_address>0x184a</run_address>
         <size>0x2</size>
         <input_file_ref idref="fl-9"/>
      </object_component>
      <object_component id="oc-2a2">
         <name>.text:xQueueSemaphoreTake</name>
         <load_address>0x184c</load_address>
         <run_address>0x184c</run_address>
         <size>0x160</size>
         <input_file_ref idref="fl-12"/>
      </object_component>
      <object_component id="oc-50c">
         <name>.text:_Z20gpioPeriAddrFromNameRKc</name>
         <load_address>0x19ac</load_address>
         <run_address>0x19ac</run_address>
         <size>0x150</size>
         <input_file_ref idref="fl-7"/>
      </object_component>
      <object_component id="oc-512">
         <name>.text:_Z20gpioPortAddrFromNameRKc</name>
         <load_address>0x1afc</load_address>
         <run_address>0x1afc</run_address>
         <size>0x14c</size>
         <input_file_ref idref="fl-7"/>
      </object_component>
      <object_component id="oc-5af">
         <name>.text:_pconv_e</name>
         <load_address>0x1c48</load_address>
         <run_address>0x1c48</run_address>
         <size>0x13c</size>
         <input_file_ref idref="fl-103"/>
      </object_component>
      <object_component id="oc-455">
         <name>.text</name>
         <load_address>0x1d84</load_address>
         <run_address>0x1d84</run_address>
         <size>0x136</size>
         <input_file_ref idref="fl-e7"/>
      </object_component>
      <object_component id="oc-56d">
         <name>.text:GPIOPadConfigSet</name>
         <load_address>0x1eba</load_address>
         <run_address>0x1eba</run_address>
         <size>0x132</size>
         <input_file_ref idref="fl-26"/>
      </object_component>
      <object_component id="oc-488">
         <name>.text:xQueueGenericSend</name>
         <load_address>0x1fec</load_address>
         <run_address>0x1fec</run_address>
         <size>0x130</size>
         <input_file_ref idref="fl-12"/>
      </object_component>
      <object_component id="oc-2c7">
         <name>.text:_ZN8AcSensor9measureACERfS0_</name>
         <load_address>0x211c</load_address>
         <run_address>0x211c</run_address>
         <size>0x124</size>
         <input_file_ref idref="fl-2"/>
      </object_component>
      <object_component id="oc-6cd">
         <name>.text:fcvt</name>
         <load_address>0x2240</load_address>
         <run_address>0x2240</run_address>
         <size>0x120</size>
         <input_file_ref idref="fl-103"/>
      </object_component>
      <object_component id="oc-9f">
         <name>.text:xTaskIncrementTick</name>
         <load_address>0x2360</load_address>
         <run_address>0x2360</run_address>
         <size>0x11c</size>
         <input_file_ref idref="fl-14"/>
      </object_component>
      <object_component id="oc-77c">
         <name>.text:SysCtlClockGet</name>
         <load_address>0x247c</load_address>
         <run_address>0x247c</run_address>
         <size>0x118</size>
         <input_file_ref idref="fl-28"/>
      </object_component>
      <object_component id="oc-5fc">
         <name>.text:fputs</name>
         <load_address>0x2594</load_address>
         <run_address>0x2594</run_address>
         <size>0x114</size>
         <input_file_ref idref="fl-f6"/>
      </object_component>
      <object_component id="oc-6e1">
         <name>.text:scalbn</name>
         <load_address>0x26a8</load_address>
         <run_address>0x26a8</run_address>
         <size>0x110</size>
         <input_file_ref idref="fl-117"/>
      </object_component>
      <object_component id="oc-267">
         <name>.text:pvPortMalloc</name>
         <load_address>0x27b8</load_address>
         <run_address>0x27b8</run_address>
         <size>0x108</size>
         <input_file_ref idref="fl-18"/>
      </object_component>
      <object_component id="oc-377">
         <name>.text:xTaskResumeAll</name>
         <load_address>0x28c0</load_address>
         <run_address>0x28c0</run_address>
         <size>0x108</size>
         <input_file_ref idref="fl-14"/>
      </object_component>
      <object_component id="oc-137">
         <name>.text:_Z13uartConfigurej</name>
         <load_address>0x29c8</load_address>
         <run_address>0x29c8</run_address>
         <size>0xfc</size>
         <input_file_ref idref="fl-a"/>
      </object_component>
      <object_component id="oc-6a6">
         <name>.text</name>
         <load_address>0x2ac4</load_address>
         <run_address>0x2ac4</run_address>
         <size>0xfc</size>
         <input_file_ref idref="fl-11d"/>
      </object_component>
      <object_component id="oc-3d6">
         <name>.text:xTaskPriorityInherit</name>
         <load_address>0x2bc0</load_address>
         <run_address>0x2bc0</run_address>
         <size>0xe8</size>
         <input_file_ref idref="fl-14"/>
      </object_component>
      <object_component id="oc-40a">
         <name>.text:_ZN9AdcSensorC1ERKhS1_RKcS1_S1_</name>
         <load_address>0x2ca8</load_address>
         <run_address>0x2ca8</run_address>
         <size>0xdc</size>
         <input_file_ref idref="fl-3"/>
      </object_component>
      <object_component id="oc-7c2">
         <name>.text:setvbuf</name>
         <load_address>0x2d84</load_address>
         <run_address>0x2d84</run_address>
         <size>0xdc</size>
         <input_file_ref idref="fl-10b"/>
      </object_component>
      <object_component id="oc-3f">
         <name>.text</name>
         <load_address>0x2e60</load_address>
         <run_address>0x2e60</run_address>
         <size>0xda</size>
         <input_file_ref idref="fl-17"/>
      </object_component>
      <object_component id="oc-2d">
         <name>.text:NmiSR</name>
         <load_address>0x2f3a</load_address>
         <run_address>0x2f3a</run_address>
         <size>0x2</size>
         <input_file_ref idref="fl-9"/>
      </object_component>
      <object_component id="oc-808">
         <name>.text:free</name>
         <load_address>0x2f3c</load_address>
         <run_address>0x2f3c</run_address>
         <size>0xd8</size>
         <input_file_ref idref="fl-f1"/>
      </object_component>
      <object_component id="oc-28e">
         <name>.text:prvInitialiseNewTask</name>
         <load_address>0x3014</load_address>
         <run_address>0x3014</run_address>
         <size>0xd8</size>
         <input_file_ref idref="fl-14"/>
      </object_component>
      <object_component id="oc-3ee">
         <name>.text:vTaskPriorityDisinheritAfterTimeout</name>
         <load_address>0x30ec</load_address>
         <run_address>0x30ec</run_address>
         <size>0xd8</size>
         <input_file_ref idref="fl-14"/>
      </object_component>
      <object_component id="oc-14f">
         <name>.text:vTaskDelete</name>
         <load_address>0x31c4</load_address>
         <run_address>0x31c4</run_address>
         <size>0xd4</size>
         <input_file_ref idref="fl-14"/>
      </object_component>
      <object_component id="oc-294">
         <name>.text:prvAddNewTaskToReadyList</name>
         <load_address>0x3298</load_address>
         <run_address>0x3298</run_address>
         <size>0xc4</size>
         <input_file_ref idref="fl-14"/>
      </object_component>
      <object_component id="oc-5df">
         <name>.text:prvCopyDataToQueue</name>
         <load_address>0x335c</load_address>
         <run_address>0x335c</run_address>
         <size>0xbe</size>
         <input_file_ref idref="fl-12"/>
      </object_component>
      <object_component id="oc-866">
         <name>.text:_ZNSt9type_infoD1Ev</name>
         <load_address>0x341a</load_address>
         <run_address>0x341a</run_address>
         <size>0x2</size>
         <input_file_ref idref="fl-fd"/>
      </object_component>
      <object_component id="oc-1ff">
         <name>.text:_Z15coreMeasureTaskPv</name>
         <load_address>0x341c</load_address>
         <run_address>0x341c</run_address>
         <size>0xb8</size>
         <input_file_ref idref="fl-4"/>
      </object_component>
      <object_component id="oc-2c1">
         <name>.text:_ZN9AdcSensor4initEv</name>
         <load_address>0x34d4</load_address>
         <run_address>0x34d4</run_address>
         <size>0xb8</size>
         <input_file_ref idref="fl-3"/>
      </object_component>
      <object_component id="oc-98">
         <name>.text:vTaskSwitchContext</name>
         <load_address>0x358c</load_address>
         <run_address>0x358c</run_address>
         <size>0xb8</size>
         <input_file_ref idref="fl-14"/>
      </object_component>
      <object_component id="oc-598">
         <name>.text:_ltostr</name>
         <load_address>0x3644</load_address>
         <run_address>0x3644</run_address>
         <size>0xb1</size>
         <input_file_ref idref="fl-103"/>
      </object_component>
      <object_component id="oc-33e">
         <name>.text:_nop</name>
         <load_address>0x36f6</load_address>
         <run_address>0x36f6</run_address>
         <size>0x2</size>
         <input_file_ref idref="fl-f2"/>
      </object_component>
      <object_component id="oc-4ee">
         <name>.text:prvAddCurrentTaskToDelayedList</name>
         <load_address>0x36f8</load_address>
         <run_address>0x36f8</run_address>
         <size>0xb0</size>
         <input_file_ref idref="fl-14"/>
      </object_component>
      <object_component id="oc-3e2">
         <name>.text:prvUnlockQueue</name>
         <load_address>0x37a8</load_address>
         <run_address>0x37a8</run_address>
         <size>0xae</size>
         <input_file_ref idref="fl-12"/>
      </object_component>
      <object_component id="oc-497">
         <name>.text</name>
         <load_address>0x3856</load_address>
         <run_address>0x3856</run_address>
         <size>0x2</size>
         <input_file_ref idref="fl-fe"/>
      </object_component>
      <object_component id="oc-51e">
         <name>.text:_Z26totalSequenceFromSequencerRKh</name>
         <load_address>0x3858</load_address>
         <run_address>0x3858</run_address>
         <size>0xaa</size>
         <input_file_ref idref="fl-7"/>
      </object_component>
      <object_component id="oc-70f">
         <name>.text:xTaskPriorityDisinherit</name>
         <load_address>0x3904</load_address>
         <run_address>0x3904</run_address>
         <size>0xa8</size>
         <input_file_ref idref="fl-14"/>
      </object_component>
      <object_component id="oc-388">
         <name>.text:xQueueGenericReset</name>
         <load_address>0x39ac</load_address>
         <run_address>0x39ac</run_address>
         <size>0xa4</size>
         <input_file_ref idref="fl-12"/>
      </object_component>
      <object_component id="oc-58">
         <name>.text</name>
         <load_address>0x3a50</load_address>
         <run_address>0x3a50</run_address>
         <size>0x9c</size>
         <input_file_ref idref="fl-eb"/>
      </object_component>
      <object_component id="oc-44f">
         <name>.text:_ZN8AcSensor18detectZeroCrossingERKfRyS2_R14ZeroCrossState</name>
         <load_address>0x3aec</load_address>
         <run_address>0x3aec</run_address>
         <size>0x98</size>
         <input_file_ref idref="fl-2"/>
      </object_component>
      <object_component id="oc-69f">
         <name>.text</name>
         <load_address>0x3b84</load_address>
         <run_address>0x3b84</run_address>
         <size>0x96</size>
         <input_file_ref idref="fl-11b"/>
      </object_component>
      <object_component id="oc-506">
         <name>.text:_Z15adcAddrFromNameRKh</name>
         <load_address>0x3c1c</load_address>
         <run_address>0x3c1c</run_address>
         <size>0x90</size>
         <input_file_ref idref="fl-7"/>
      </object_component>
      <object_component id="oc-52a">
         <name>.text:_Z19adcPeriphAddrByNameRKh</name>
         <load_address>0x3cac</load_address>
         <run_address>0x3cac</run_address>
         <size>0x90</size>
         <input_file_ref idref="fl-7"/>
      </object_component>
      <object_component id="oc-3be">
         <name>.text:xTaskRemoveFromEventList</name>
         <load_address>0x3d3c</load_address>
         <run_address>0x3d3c</run_address>
         <size>0x90</size>
         <input_file_ref idref="fl-14"/>
      </object_component>
      <object_component id="oc-3ca">
         <name>.text:xTaskCheckForTimeOut</name>
         <load_address>0x3dcc</load_address>
         <run_address>0x3dcc</run_address>
         <size>0x88</size>
         <input_file_ref idref="fl-14"/>
      </object_component>
      <object_component id="oc-59e">
         <name>.text:__aeabi_cdcmple</name>
         <load_address>0x3e54</load_address>
         <run_address>0x3e54</run_address>
         <size>0x86</size>
         <input_file_ref idref="fl-11c"/>
      </object_component>
      <object_component id="oc-6ab">
         <name>.text:__aeabi_cdrcmple</name>
         <load_address>0x3eda</load_address>
         <run_address>0x3eda</run_address>
         <size>0x86</size>
         <input_file_ref idref="fl-11c"/>
      </object_component>
      <object_component id="oc-667">
         <name>.text:_ZN9AdcSensor16convertRawToVoltEPj</name>
         <load_address>0x3f60</load_address>
         <run_address>0x3f60</run_address>
         <size>0x80</size>
         <input_file_ref idref="fl-3"/>
      </object_component>
      <object_component id="oc-602">
         <name>.text:fflush</name>
         <load_address>0x3fe0</load_address>
         <run_address>0x3fe0</run_address>
         <size>0x7c</size>
         <input_file_ref idref="fl-f5"/>
      </object_component>
      <object_component id="oc-43a">
         <name>.text:ADCSequenceStepConfigure</name>
         <load_address>0x405c</load_address>
         <run_address>0x405c</run_address>
         <size>0x7a</size>
         <input_file_ref idref="fl-25"/>
      </object_component>
      <object_component id="oc-c7">
         <name>.text</name>
         <load_address>0x40d6</load_address>
         <run_address>0x40d6</run_address>
         <size>0x7a</size>
         <input_file_ref idref="fl-e4"/>
      </object_component>
      <object_component id="oc-13d">
         <name>.text:_Z15coreMeasureInitv</name>
         <load_address>0x4150</load_address>
         <run_address>0x4150</run_address>
         <size>0x78</size>
         <input_file_ref idref="fl-4"/>
      </object_component>
      <object_component id="oc-834">
         <name>.text:malloc</name>
         <load_address>0x41c8</load_address>
         <run_address>0x41c8</run_address>
         <size>0x78</size>
         <input_file_ref idref="fl-f1"/>
      </object_component>
      <object_component id="oc-1e1">
         <name>.text:UARTStdioConfig</name>
         <load_address>0x4240</load_address>
         <run_address>0x4240</run_address>
         <size>0x74</size>
         <input_file_ref idref="fl-1a"/>
      </object_component>
      <object_component id="oc-88b">
         <name>.text:__TI_closefile</name>
         <load_address>0x42b4</load_address>
         <run_address>0x42b4</run_address>
         <size>0x74</size>
         <input_file_ref idref="fl-122"/>
      </object_component>
      <object_component id="oc-3ac">
         <name>.text:prvInitialiseTaskLists</name>
         <load_address>0x4328</load_address>
         <run_address>0x4328</run_address>
         <size>0x74</size>
         <input_file_ref idref="fl-14"/>
      </object_component>
      <object_component id="oc-1e7">
         <name>.text:xTaskCreate</name>
         <load_address>0x439c</load_address>
         <run_address>0x439c</run_address>
         <size>0x74</size>
         <input_file_ref idref="fl-14"/>
      </object_component>
      <object_component id="oc-518">
         <name>.text:_Z16gpioMaskFromNameRKh</name>
         <load_address>0x4410</load_address>
         <run_address>0x4410</run_address>
         <size>0x6e</size>
         <input_file_ref idref="fl-7"/>
      </object_component>
      <object_component id="oc-6c6">
         <name>.text:_mcpy</name>
         <load_address>0x447e</load_address>
         <run_address>0x447e</run_address>
         <size>0x6e</size>
         <input_file_ref idref="fl-103"/>
      </object_component>
      <object_component id="oc-45f">
         <name>.text</name>
         <load_address>0x44ec</load_address>
         <run_address>0x44ec</run_address>
         <size>0x6e</size>
         <input_file_ref idref="fl-e8"/>
      </object_component>
      <object_component id="oc-8ac">
         <name>.text:HOSTlseek</name>
         <load_address>0x455c</load_address>
         <run_address>0x455c</run_address>
         <size>0x68</size>
         <input_file_ref idref="fl-10e"/>
      </object_component>
      <object_component id="oc-8b8">
         <name>.text:HOSTrename</name>
         <load_address>0x45c4</load_address>
         <run_address>0x45c4</run_address>
         <size>0x68</size>
         <input_file_ref idref="fl-111"/>
      </object_component>
      <object_component id="oc-12">
         <name>.text:decompress:lzss:__TI_decompress_lzss</name>
         <load_address>0x462c</load_address>
         <run_address>0x462c</run_address>
         <size>0x68</size>
         <input_file_ref idref="fl-ef"/>
      </object_component>
      <object_component id="oc-288">
         <name>.text:vPortFree</name>
         <load_address>0x4694</load_address>
         <run_address>0x4694</run_address>
         <size>0x68</size>
         <input_file_ref idref="fl-18"/>
      </object_component>
      <object_component id="oc-149">
         <name>.text:vTaskStartScheduler</name>
         <load_address>0x46fc</load_address>
         <run_address>0x46fc</run_address>
         <size>0x68</size>
         <input_file_ref idref="fl-14"/>
      </object_component>
      <object_component id="oc-4e8">
         <name>.text:vListInsert</name>
         <load_address>0x4764</load_address>
         <run_address>0x4764</run_address>
         <size>0x66</size>
         <input_file_ref idref="fl-11"/>
      </object_component>
      <object_component id="oc-57d">
         <name>.text:_ZN12GeneralTimer9stopTimerERKy</name>
         <load_address>0x47cc</load_address>
         <run_address>0x47cc</run_address>
         <size>0x64</size>
         <input_file_ref idref="fl-6"/>
      </object_component>
      <object_component id="oc-6db">
         <name>.text:frexp</name>
         <load_address>0x4830</load_address>
         <run_address>0x4830</run_address>
         <size>0x64</size>
         <input_file_ref idref="fl-116"/>
      </object_component>
      <object_component id="oc-7bc">
         <name>.text:fseek</name>
         <load_address>0x4894</load_address>
         <run_address>0x4894</run_address>
         <size>0x64</size>
         <input_file_ref idref="fl-107"/>
      </object_component>
      <object_component id="oc-550">
         <name>.text:_ZN9AdcSensor8readVoltEv</name>
         <load_address>0x48f8</load_address>
         <run_address>0x48f8</run_address>
         <size>0x62</size>
         <input_file_ref idref="fl-3"/>
      </object_component>
      <object_component id="oc-717">
         <name>.text:__TI_wrt_ok</name>
         <load_address>0x495a</load_address>
         <run_address>0x495a</run_address>
         <size>0x62</size>
         <input_file_ref idref="fl-102"/>
      </object_component>
      <object_component id="oc-894">
         <name>.text:HOSTopen</name>
         <load_address>0x49bc</load_address>
         <run_address>0x49bc</run_address>
         <size>0x60</size>
         <input_file_ref idref="fl-10f"/>
      </object_component>
      <object_component id="oc-62f">
         <name>.text:TimerConfigure</name>
         <load_address>0x4a1c</load_address>
         <run_address>0x4a1c</run_address>
         <size>0x60</size>
         <input_file_ref idref="fl-29"/>
      </object_component>
      <object_component id="oc-3a5">
         <name>.text:pxPortInitialiseStack</name>
         <load_address>0x4a7c</load_address>
         <run_address>0x4a7c</run_address>
         <size>0x60</size>
         <input_file_ref idref="fl-16"/>
      </object_component>
      <object_component id="oc-2e6">
         <name>.text:UARTwrite</name>
         <load_address>0x4adc</load_address>
         <run_address>0x4adc</run_address>
         <size>0x5c</size>
         <input_file_ref idref="fl-1a"/>
      </object_component>
      <object_component id="oc-8d4">
         <name>.text:close</name>
         <load_address>0x4b38</load_address>
         <run_address>0x4b38</run_address>
         <size>0x5c</size>
         <input_file_ref idref="fl-128"/>
      </object_component>
      <object_component id="oc-8a0">
         <name>.text:HOSTread</name>
         <load_address>0x4b94</load_address>
         <run_address>0x4b94</run_address>
         <size>0x58</size>
         <input_file_ref idref="fl-110"/>
      </object_component>
      <object_component id="oc-8a6">
         <name>.text:HOSTwrite</name>
         <load_address>0x4bec</load_address>
         <run_address>0x4bec</run_address>
         <size>0x58</size>
         <input_file_ref idref="fl-113"/>
      </object_component>
      <object_component id="oc-5a9">
         <name>.text:_pconv_f</name>
         <load_address>0x4c44</load_address>
         <run_address>0x4c44</run_address>
         <size>0x56</size>
         <input_file_ref idref="fl-103"/>
      </object_component>
      <object_component id="oc-6b5">
         <name>.text:ltoa</name>
         <load_address>0x4c9a</load_address>
         <run_address>0x4c9a</run_address>
         <size>0x54</size>
         <input_file_ref idref="fl-109"/>
      </object_component>
      <object_component id="oc-d3">
         <name>.text:main</name>
         <load_address>0x4cf0</load_address>
         <run_address>0x4cf0</run_address>
         <size>0x54</size>
         <input_file_ref idref="fl-8"/>
      </object_component>
      <object_component id="oc-6c0">
         <name>.text:_ecpy</name>
         <load_address>0x4d44</load_address>
         <run_address>0x4d44</run_address>
         <size>0x52</size>
         <input_file_ref idref="fl-103"/>
      </object_component>
      <object_component id="oc-53c">
         <name>.text:_ZN12GeneralTimerC1Ev</name>
         <load_address>0x4d98</load_address>
         <run_address>0x4d98</run_address>
         <size>0x50</size>
         <input_file_ref idref="fl-6"/>
      </object_component>
      <object_component id="oc-371">
         <name>.text:prvHeapInit</name>
         <load_address>0x4de8</load_address>
         <run_address>0x4de8</run_address>
         <size>0x50</size>
         <input_file_ref idref="fl-18"/>
      </object_component>
      <object_component id="oc-782">
         <name>.text</name>
         <load_address>0x4e38</load_address>
         <run_address>0x4e38</run_address>
         <size>0x50</size>
         <input_file_ref idref="fl-ea"/>
      </object_component>
      <object_component id="oc-1db">
         <name>.text:xQueueGenericCreate</name>
         <load_address>0x4e88</load_address>
         <run_address>0x4e88</run_address>
         <size>0x50</size>
         <input_file_ref idref="fl-12"/>
      </object_component>
      <object_component id="oc-42e">
         <name>.text:ADCSequenceConfigure</name>
         <load_address>0x4ed8</load_address>
         <run_address>0x4ed8</run_address>
         <size>0x4e</size>
         <input_file_ref idref="fl-25"/>
      </object_component>
      <object_component id="oc-2d8">
         <name>.text:_Z9uartPrintPc</name>
         <load_address>0x4f28</load_address>
         <run_address>0x4f28</run_address>
         <size>0x4c</size>
         <input_file_ref idref="fl-a"/>
      </object_component>
      <object_component id="oc-692">
         <name>.text:_ZN12GeneralTimer14tickToMicroSecEy</name>
         <load_address>0x4f74</load_address>
         <run_address>0x4f74</run_address>
         <size>0x4c</size>
         <input_file_ref idref="fl-6"/>
      </object_component>
      <object_component id="oc-723">
         <name>.text:__TI_doflush</name>
         <load_address>0x4fc0</load_address>
         <run_address>0x4fc0</run_address>
         <size>0x4c</size>
         <input_file_ref idref="fl-f5"/>
      </object_component>
      <object_component id="oc-592">
         <name>.text:atoi</name>
         <load_address>0x500c</load_address>
         <run_address>0x500c</run_address>
         <size>0x4c</size>
         <input_file_ref idref="fl-105"/>
      </object_component>
      <object_component id="oc-306">
         <name>.text:prvCheckTasksWaitingTermination</name>
         <load_address>0x5058</load_address>
         <run_address>0x5058</run_address>
         <size>0x4c</size>
         <input_file_ref idref="fl-14"/>
      </object_component>
      <object_component id="oc-161">
         <name>.text:exit</name>
         <load_address>0x50a4</load_address>
         <run_address>0x50a4</run_address>
         <size>0x48</size>
         <input_file_ref idref="fl-f0"/>
      </object_component>
      <object_component id="oc-6b0">
         <name>.text</name>
         <load_address>0x50ec</load_address>
         <run_address>0x50ec</run_address>
         <size>0x48</size>
         <input_file_ref idref="fl-11e"/>
      </object_component>
      <object_component id="oc-111">
         <name>.text:uxListRemove</name>
         <load_address>0x5134</load_address>
         <run_address>0x5134</run_address>
         <size>0x48</size>
         <input_file_ref idref="fl-11"/>
      </object_component>
      <object_component id="oc-89a">
         <name>.text:HOSTclose</name>
         <load_address>0x517c</load_address>
         <run_address>0x517c</run_address>
         <size>0x44</size>
         <input_file_ref idref="fl-10d"/>
      </object_component>
      <object_component id="oc-8b2">
         <name>.text:HOSTunlink</name>
         <load_address>0x51c0</load_address>
         <run_address>0x51c0</run_address>
         <size>0x44</size>
         <input_file_ref idref="fl-112"/>
      </object_component>
      <object_component id="oc-167">
         <name>.text:__TI_auto_init_nobinit_nopinit:__TI_auto_init_nobinit_nopinit</name>
         <load_address>0x5204</load_address>
         <run_address>0x5204</run_address>
         <size>0x44</size>
         <input_file_ref idref="fl-ff"/>
      </object_component>
      <object_component id="oc-90d">
         <name>.text:getdevice</name>
         <load_address>0x5248</load_address>
         <run_address>0x5248</run_address>
         <size>0x44</size>
         <input_file_ref idref="fl-123"/>
      </object_component>
      <object_component id="oc-26d">
         <name>.text:prvInitialiseNewQueue</name>
         <load_address>0x528c</load_address>
         <run_address>0x528c</run_address>
         <size>0x44</size>
         <input_file_ref idref="fl-12"/>
      </object_component>
      <object_component id="oc-213">
         <name>.text:xPortStartScheduler</name>
         <load_address>0x52d0</load_address>
         <run_address>0x52d0</run_address>
         <size>0x44</size>
         <input_file_ref idref="fl-16"/>
      </object_component>
      <object_component id="oc-2bb">
         <name>.text:_ZN8AcSensorC1ERKhS1_RKcS1_S1_RKf</name>
         <load_address>0x5314</load_address>
         <run_address>0x5314</run_address>
         <size>0x40</size>
         <input_file_ref idref="fl-2"/>
      </object_component>
      <object_component id="oc-2ec">
         <name>.text</name>
         <load_address>0x5354</load_address>
         <run_address>0x5354</run_address>
         <size>0x40</size>
         <input_file_ref idref="fl-e5"/>
      </object_component>
      <object_component id="oc-2d2">
         <name>.text:sprintf</name>
         <load_address>0x5394</load_address>
         <run_address>0x5394</run_address>
         <size>0x40</size>
         <input_file_ref idref="fl-f8"/>
      </object_component>
      <object_component id="oc-6d3">
         <name>.text:_fcpy</name>
         <load_address>0x53d4</load_address>
         <run_address>0x53d4</run_address>
         <size>0x3e</size>
         <input_file_ref idref="fl-103"/>
      </object_component>
      <object_component id="oc-87a">
         <name>.text:minsert</name>
         <load_address>0x5414</load_address>
         <run_address>0x5414</run_address>
         <size>0x3c</size>
         <input_file_ref idref="fl-f1"/>
      </object_component>
      <object_component id="oc-10b">
         <name>.text:prvResetNextTaskUnblockTime</name>
         <load_address>0x5450</load_address>
         <run_address>0x5450</run_address>
         <size>0x3c</size>
         <input_file_ref idref="fl-14"/>
      </object_component>
      <object_component id="oc-117">
         <name>.text:vListInsertEnd</name>
         <load_address>0x548c</load_address>
         <run_address>0x548c</run_address>
         <size>0x3c</size>
         <input_file_ref idref="fl-11"/>
      </object_component>
      <object_component id="oc-422">
         <name>.text:SysCtlPeripheralReady</name>
         <load_address>0x54c8</load_address>
         <run_address>0x54c8</run_address>
         <size>0x38</size>
         <input_file_ref idref="fl-28"/>
      </object_component>
      <object_component id="oc-8e3">
         <name>.text:__TI_writemsg</name>
         <load_address>0x5500</load_address>
         <run_address>0x5500</run_address>
         <size>0x38</size>
         <input_file_ref idref="fl-114"/>
      </object_component>
      <object_component id="oc-76">
         <name>.text:_c_int00_noargs:_c_int00_noargs</name>
         <load_address>0x5538</load_address>
         <run_address>0x5538</run_address>
         <size>0x38</size>
         <input_file_ref idref="fl-fc"/>
      </object_component>
      <object_component id="oc-86e">
         <name>.text:minit</name>
         <load_address>0x5570</load_address>
         <run_address>0x5570</run_address>
         <size>0x38</size>
         <input_file_ref idref="fl-f1"/>
      </object_component>
      <object_component id="oc-2cd">
         <name>.text</name>
         <load_address>0x55a8</load_address>
         <run_address>0x55a8</run_address>
         <size>0x38</size>
         <input_file_ref idref="fl-e9"/>
      </object_component>
      <object_component id="oc-464">
         <name>.text</name>
         <load_address>0x55e0</load_address>
         <run_address>0x55e0</run_address>
         <size>0x36</size>
         <input_file_ref idref="fl-ec"/>
      </object_component>
      <object_component id="oc-92d">
         <name>.text:strncpy</name>
         <load_address>0x5616</load_address>
         <run_address>0x5616</run_address>
         <size>0x36</size>
         <input_file_ref idref="fl-126"/>
      </object_component>
      <object_component id="oc-41c">
         <name>.text:SysCtlPeripheralEnable</name>
         <load_address>0x564c</load_address>
         <run_address>0x564c</run_address>
         <size>0x34</size>
         <input_file_ref idref="fl-28"/>
      </object_component>
      <object_component id="oc-83a">
         <name>.text:__TI_cleanup</name>
         <load_address>0x5680</load_address>
         <run_address>0x5680</run_address>
         <size>0x34</size>
         <input_file_ref idref="fl-120"/>
      </object_component>
      <object_component id="oc-8e9">
         <name>.text:__TI_readmsg</name>
         <load_address>0x56b4</load_address>
         <run_address>0x56b4</run_address>
         <size>0x34</size>
         <input_file_ref idref="fl-114"/>
      </object_component>
      <object_component id="oc-933">
         <name>.text:finddevice</name>
         <load_address>0x56e8</load_address>
         <run_address>0x56e8</run_address>
         <size>0x30</size>
         <input_file_ref idref="fl-123"/>
      </object_component>
      <object_component id="oc-4c9">
         <name>.text:vListInitialise</name>
         <load_address>0x5718</load_address>
         <run_address>0x5718</run_address>
         <size>0x30</size>
         <input_file_ref idref="fl-11"/>
      </object_component>
      <object_component id="oc-65b">
         <name>.text:ADCIntStatus</name>
         <load_address>0x5748</load_address>
         <run_address>0x5748</run_address>
         <size>0x2e</size>
         <input_file_ref idref="fl-25"/>
      </object_component>
      <object_component id="oc-6bb">
         <name>.text</name>
         <load_address>0x5776</load_address>
         <run_address>0x5776</run_address>
         <size>0x2e</size>
         <input_file_ref idref="fl-11f"/>
      </object_component>
      <object_component id="oc-567">
         <name>.text:GPIODirModeSet</name>
         <load_address>0x57a4</load_address>
         <run_address>0x57a4</run_address>
         <size>0x2c</size>
         <input_file_ref idref="fl-26"/>
      </object_component>
      <object_component id="oc-1f0">
         <name>.text:_Z8uartTaskPv</name>
         <load_address>0x57d0</load_address>
         <run_address>0x57d0</run_address>
         <size>0x2c</size>
         <input_file_ref idref="fl-a"/>
      </object_component>
      <object_component id="oc-410">
         <name>.text:_ZN12GeneralTimer8getTimerEv</name>
         <load_address>0x57fc</load_address>
         <run_address>0x57fc</run_address>
         <size>0x2c</size>
         <input_file_ref idref="fl-6"/>
      </object_component>
      <object_component id="oc-8da">
         <name>.text:unlink</name>
         <load_address>0x5828</load_address>
         <run_address>0x5828</run_address>
         <size>0x2c</size>
         <input_file_ref idref="fl-127"/>
      </object_component>
      <object_component id="oc-2fc">
         <name>.text:vPortSetupTimerInterrupt</name>
         <load_address>0x5854</load_address>
         <run_address>0x5854</run_address>
         <size>0x2c</size>
         <input_file_ref idref="fl-16"/>
      </object_component>
      <object_component id="oc-44">
         <name>.text:xPortSysTickHandler</name>
         <load_address>0x5880</load_address>
         <run_address>0x5880</run_address>
         <size>0x2c</size>
         <input_file_ref idref="fl-16"/>
      </object_component>
      <object_component id="oc-82c">
         <name>.text:lseek</name>
         <load_address>0x58ac</load_address>
         <run_address>0x58ac</run_address>
         <size>0x28</size>
         <input_file_ref idref="fl-108"/>
      </object_component>
      <object_component id="oc-874">
         <name>.text:mremove</name>
         <load_address>0x58d4</load_address>
         <run_address>0x58d4</run_address>
         <size>0x28</size>
         <input_file_ref idref="fl-f1"/>
      </object_component>
      <object_component id="oc-729">
         <name>.text:write</name>
         <load_address>0x58fc</load_address>
         <run_address>0x58fc</run_address>
         <size>0x28</size>
         <input_file_ref idref="fl-fb"/>
      </object_component>
      <object_component id="oc-5e5">
         <name>.text:prvIsQueueFull</name>
         <load_address>0x5924</load_address>
         <run_address>0x5924</run_address>
         <size>0x26</size>
         <input_file_ref idref="fl-12"/>
      </object_component>
      <object_component id="oc-101">
         <name>.text:vApplicationStackOverflowHook</name>
         <load_address>0x594c</load_address>
         <run_address>0x594c</run_address>
         <size>0x26</size>
         <input_file_ref idref="fl-5"/>
      </object_component>
      <object_component id="oc-143">
         <name>.text:UARTprintf</name>
         <load_address>0x5972</load_address>
         <run_address>0x5972</run_address>
         <size>0x24</size>
         <input_file_ref idref="fl-1a"/>
      </object_component>
      <object_component id="oc-3e8">
         <name>.text:prvGetDisinheritPriorityAfterTimeout</name>
         <load_address>0x5996</load_address>
         <run_address>0x5996</run_address>
         <size>0x24</size>
         <input_file_ref idref="fl-12"/>
      </object_component>
      <object_component id="oc-220">
         <name>.text:vPortEnterCritical</name>
         <load_address>0x59bc</load_address>
         <run_address>0x59bc</run_address>
         <size>0x24</size>
         <input_file_ref idref="fl-16"/>
      </object_component>
      <object_component id="oc-3c4">
         <name>.text:vTaskInternalSetTimeOutState</name>
         <load_address>0x59e0</load_address>
         <run_address>0x59e0</run_address>
         <size>0x24</size>
         <input_file_ref idref="fl-14"/>
      </object_component>
      <object_component id="oc-71d">
         <name>.text:memchr</name>
         <load_address>0x5a04</load_address>
         <run_address>0x5a04</run_address>
         <size>0x20</size>
         <input_file_ref idref="fl-f7"/>
      </object_component>
      <object_component id="oc-3d0">
         <name>.text:prvIsQueueEmpty</name>
         <load_address>0x5a24</load_address>
         <run_address>0x5a24</run_address>
         <size>0x20</size>
         <input_file_ref idref="fl-12"/>
      </object_component>
      <object_component id="oc-3dc">
         <name>.text:vTaskPlaceOnEventList</name>
         <load_address>0x5a44</load_address>
         <run_address>0x5a44</run_address>
         <size>0x20</size>
         <input_file_ref idref="fl-14"/>
      </object_component>
      <object_component id="oc-661">
         <name>.text:ADCSequenceDataGet</name>
         <load_address>0x5a64</load_address>
         <run_address>0x5a64</run_address>
         <size>0x1e</size>
         <input_file_ref idref="fl-25"/>
      </object_component>
      <object_component id="oc-583">
         <name>.text:_ZN12GeneralTimer10startTimerERy</name>
         <load_address>0x5a84</load_address>
         <run_address>0x5a84</run_address>
         <size>0x1c</size>
         <input_file_ref idref="fl-6"/>
      </object_component>
      <object_component id="oc-500">
         <name>.text:_abort_msg</name>
         <load_address>0x5aa0</load_address>
         <run_address>0x5aa0</run_address>
         <size>0x1c</size>
         <input_file_ref idref="fl-f3"/>
      </object_component>
      <object_component id="oc-5bb">
         <name>.text:memccpy</name>
         <load_address>0x5abc</load_address>
         <run_address>0x5abc</run_address>
         <size>0x1c</size>
         <input_file_ref idref="fl-10a"/>
      </object_component>
      <object_component id="oc-3b8">
         <name>.text:pvTaskIncrementMutexHeldCount</name>
         <load_address>0x5ad8</load_address>
         <run_address>0x5ad8</run_address>
         <size>0x1c</size>
         <input_file_ref idref="fl-14"/>
      </object_component>
      <object_component id="oc-22c">
         <name>.text:vPortExitCritical</name>
         <load_address>0x5af4</load_address>
         <run_address>0x5af4</run_address>
         <size>0x1c</size>
         <input_file_ref idref="fl-16"/>
      </object_component>
      <object_component id="oc-655">
         <name>.text:ADCProcessorTrigger</name>
         <load_address>0x5b10</load_address>
         <run_address>0x5b10</run_address>
         <size>0x18</size>
         <input_file_ref idref="fl-25"/>
      </object_component>
      <object_component id="oc-474">
         <name>.text:_outs</name>
         <load_address>0x5b28</load_address>
         <run_address>0x5b28</run_address>
         <size>0x18</size>
         <input_file_ref idref="fl-f8"/>
      </object_component>
      <object_component id="oc-948">
         <name>.text:strcmp</name>
         <load_address>0x5b40</load_address>
         <run_address>0x5b40</run_address>
         <size>0x18</size>
         <input_file_ref idref="fl-125"/>
      </object_component>
      <object_component id="oc-428">
         <name>.text:GPIOPinTypeADC</name>
         <load_address>0x5b58</load_address>
         <run_address>0x5b58</run_address>
         <size>0x16</size>
         <input_file_ref idref="fl-26"/>
      </object_component>
      <object_component id="oc-775">
         <name>.text:TimerValueGet64</name>
         <load_address>0x5b6e</load_address>
         <run_address>0x5b6e</run_address>
         <size>0x16</size>
         <input_file_ref idref="fl-29"/>
      </object_component>
      <object_component id="oc-68c">
         <name>.text:_ZN12GeneralTimer12getTimeStampEjj</name>
         <load_address>0x5b84</load_address>
         <run_address>0x5b84</run_address>
         <size>0x16</size>
         <input_file_ref idref="fl-6"/>
      </object_component>
      <object_component id="oc-6e7">
         <name>.text:strchr</name>
         <load_address>0x5b9a</load_address>
         <run_address>0x5b9a</run_address>
         <size>0x16</size>
         <input_file_ref idref="fl-10c"/>
      </object_component>
      <object_component id="oc-55d">
         <name>.text:_ZN8AcSensorD0Ev</name>
         <load_address>0x5bb0</load_address>
         <run_address>0x5bb0</run_address>
         <size>0x14</size>
         <input_file_ref idref="fl-2"/>
      </object_component>
      <object_component id="oc-622">
         <name>.text:_ZN9AdcSensorD0Ev</name>
         <load_address>0x5bc4</load_address>
         <run_address>0x5bc4</run_address>
         <size>0x14</size>
         <input_file_ref idref="fl-2"/>
      </object_component>
      <object_component id="oc-79f">
         <name>.text:copysign</name>
         <load_address>0x5bd8</load_address>
         <run_address>0x5bd8</run_address>
         <size>0x14</size>
         <input_file_ref idref="fl-11a"/>
      </object_component>
      <object_component id="oc-226">
         <name>.text:prvDeleteTCB</name>
         <load_address>0x5bec</load_address>
         <run_address>0x5bec</run_address>
         <size>0x14</size>
         <input_file_ref idref="fl-14"/>
      </object_component>
      <object_component id="oc-482">
         <name>.text:strcpy</name>
         <load_address>0x5c00</load_address>
         <run_address>0x5c00</run_address>
         <size>0x14</size>
         <input_file_ref idref="fl-f9"/>
      </object_component>
      <object_component id="oc-2a8">
         <name>.text:strlen</name>
         <load_address>0x5c14</load_address>
         <run_address>0x5c14</run_address>
         <size>0x14</size>
         <input_file_ref idref="fl-fa"/>
      </object_component>
      <object_component id="oc-5c1">
         <name>.text:wcslen</name>
         <load_address>0x5c28</load_address>
         <run_address>0x5c28</run_address>
         <size>0x12</size>
         <input_file_ref idref="fl-118"/>
      </object_component>
      <object_component id="oc-4d1">
         <name>.text:prvTaskExitError</name>
         <load_address>0x5c3a</load_address>
         <run_address>0x5c3a</run_address>
         <size>0x10</size>
         <input_file_ref idref="fl-16"/>
      </object_component>
      <object_component id="oc-39f">
         <name>.text:vListInitialiseItem</name>
         <load_address>0x5c4a</load_address>
         <run_address>0x5c4a</run_address>
         <size>0x10</size>
         <input_file_ref idref="fl-11"/>
      </object_component>
      <object_component id="oc-36b">
         <name>.text:vTaskSuspendAll</name>
         <load_address>0x5c5c</load_address>
         <run_address>0x5c5c</run_address>
         <size>0x10</size>
         <input_file_ref idref="fl-14"/>
      </object_component>
      <object_component id="oc-434">
         <name>.text:ADCHardwareOversampleConfigure</name>
         <load_address>0x5c6c</load_address>
         <run_address>0x5c6c</run_address>
         <size>0xe</size>
         <input_file_ref idref="fl-25"/>
      </object_component>
      <object_component id="oc-446">
         <name>.text:ADCSequenceEnable</name>
         <load_address>0x5c7a</load_address>
         <run_address>0x5c7a</run_address>
         <size>0xe</size>
         <input_file_ref idref="fl-25"/>
      </object_component>
      <object_component id="oc-63b">
         <name>.text:TimerEnable</name>
         <load_address>0x5c88</load_address>
         <run_address>0x5c88</run_address>
         <size>0xe</size>
         <input_file_ref idref="fl-29"/>
      </object_component>
      <object_component id="oc-7e5">
         <name>.text:_ZN10__cxxabiv117__class_type_infoD0Ev</name>
         <load_address>0x5c96</load_address>
         <run_address>0x5c96</run_address>
         <size>0xe</size>
         <input_file_ref idref="fl-e3"/>
      </object_component>
      <object_component id="oc-75f">
         <name>.text:_ZN10__cxxabiv120__si_class_type_infoD0Ev</name>
         <load_address>0x5ca4</load_address>
         <run_address>0x5ca4</run_address>
         <size>0xe</size>
         <input_file_ref idref="fl-e3"/>
      </object_component>
      <object_component id="oc-556">
         <name>.text:_ZN8AcSensorD1Ev</name>
         <load_address>0x5cb2</load_address>
         <run_address>0x5cb2</run_address>
         <size>0xe</size>
         <input_file_ref idref="fl-2"/>
      </object_component>
      <object_component id="oc-18">
         <name>.text:decompress:none:__TI_decompress_none</name>
         <load_address>0x5cc0</load_address>
         <run_address>0x5cc0</run_address>
         <size>0xe</size>
         <input_file_ref idref="fl-ee"/>
      </object_component>
      <object_component id="oc-61b">
         <name>.text:_ZN9AdcSensorD1Ev</name>
         <load_address>0x5cce</load_address>
         <run_address>0x5cce</run_address>
         <size>0xc</size>
         <input_file_ref idref="fl-2"/>
      </object_component>
      <object_component id="oc-66e">
         <name>.text:_ZN9AdcSensorD2Ev</name>
         <load_address>0x5cda</load_address>
         <run_address>0x5cda</run_address>
         <size>0xc</size>
         <input_file_ref idref="fl-2"/>
      </object_component>
      <object_component id="oc-536">
         <name>.text:__cxa_guard_acquire</name>
         <load_address>0x5ce6</load_address>
         <run_address>0x5ce6</run_address>
         <size>0xc</size>
         <input_file_ref idref="fl-e2"/>
      </object_component>
      <object_component id="oc-6a">
         <name>.text:decompress:ZI:__TI_zero_init</name>
         <load_address>0x5cf2</load_address>
         <run_address>0x5cf2</run_address>
         <size>0xc</size>
         <input_file_ref idref="fl-ed"/>
      </object_component>
      <object_component id="oc-4f5">
         <name>.text:vTaskMissedYield</name>
         <load_address>0x5d00</load_address>
         <run_address>0x5d00</run_address>
         <size>0xc</size>
         <input_file_ref idref="fl-14"/>
      </object_component>
      <object_component id="oc-440">
         <name>.text:ADCIntClear</name>
         <load_address>0x5d0c</load_address>
         <run_address>0x5d0c</run_address>
         <size>0xa</size>
         <input_file_ref idref="fl-25"/>
      </object_component>
      <object_component id="oc-542">
         <name>.text:__cxa_guard_release</name>
         <load_address>0x5d16</load_address>
         <run_address>0x5d16</run_address>
         <size>0xa</size>
         <input_file_ref idref="fl-e2"/>
      </object_component>
      <object_component id="oc-47a">
         <name>.text:_outc</name>
         <load_address>0x5d20</load_address>
         <run_address>0x5d20</run_address>
         <size>0xa</size>
         <input_file_ref idref="fl-f8"/>
      </object_component>
      <object_component id="oc-219">
         <name>.text:prvIdleTask</name>
         <load_address>0x5d2a</load_address>
         <run_address>0x5d2a</run_address>
         <size>0xa</size>
         <input_file_ref idref="fl-14"/>
      </object_component>
      <object_component id="oc-64f">
         <name>.text:ADCBusy</name>
         <load_address>0x5d34</load_address>
         <run_address>0x5d34</run_address>
         <size>0x8</size>
         <input_file_ref idref="fl-25"/>
      </object_component>
      <object_component id="oc-76c">
         <name>.text:_ZdlPv</name>
         <load_address>0x5d3c</load_address>
         <run_address>0x5d3c</run_address>
         <size>0x8</size>
         <input_file_ref idref="fl-e1"/>
      </object_component>
      <object_component id="oc-5c7">
         <name>.text:__aeabi_errno_addr</name>
         <load_address>0x5d44</load_address>
         <run_address>0x5d44</run_address>
         <size>0x8</size>
         <input_file_ref idref="fl-115"/>
      </object_component>
      <object_component id="oc-27">
         <name>.text:ResetISR</name>
         <load_address>0x5d4c</load_address>
         <run_address>0x5d4c</run_address>
         <size>0x6</size>
         <input_file_ref idref="fl-9"/>
      </object_component>
      <object_component id="oc-635">
         <name>.text:TimerLoadSet64</name>
         <load_address>0x5d52</load_address>
         <run_address>0x5d52</run_address>
         <size>0x6</size>
         <input_file_ref idref="fl-29"/>
      </object_component>
      <object_component id="oc-1d5">
         <name>.text:UARTClockSourceSet</name>
         <load_address>0x5d58</load_address>
         <run_address>0x5d58</run_address>
         <size>0x6</size>
         <input_file_ref idref="fl-2a"/>
      </object_component>
      <object_component id="oc-7df">
         <name>.text:_ZN10__cxxabiv117__class_type_infoD1Ev</name>
         <load_address>0x5d5e</load_address>
         <run_address>0x5d5e</run_address>
         <size>0x4</size>
         <input_file_ref idref="fl-e3"/>
      </object_component>
      <object_component id="oc-759">
         <name>.text:_ZN10__cxxabiv120__si_class_type_infoD1Ev</name>
         <load_address>0x5d62</load_address>
         <run_address>0x5d62</run_address>
         <size>0x4</size>
         <input_file_ref idref="fl-e3"/>
      </object_component>
      <object_component id="oc-675">
         <name>.text:_ZdlPvj</name>
         <load_address>0x5d66</load_address>
         <run_address>0x5d66</run_address>
         <size>0x4</size>
         <input_file_ref idref="fl-e1"/>
      </object_component>
      <object_component id="oc-cd">
         <name>.text:_system_pre_init</name>
         <load_address>0x5d6a</load_address>
         <run_address>0x5d6a</run_address>
         <size>0x4</size>
         <input_file_ref idref="fl-100"/>
      </object_component>
      <object_component id="oc-15b">
         <name>.text:abort:abort</name>
         <load_address>0x5d6e</load_address>
         <run_address>0x5d6e</run_address>
         <size>0x4</size>
         <input_file_ref idref="fl-f0"/>
      </object_component>
      <object_component id="oc-69a">
         <name>.const:.string:_ctypes_</name>
         <load_address>0x5d74</load_address>
         <run_address>0x5d74</run_address>
         <size>0x101</size>
         <input_file_ref idref="fl-106"/>
      </object_component>
      <object_component id="oc-817">
         <name>.const:g_pui32Xtals</name>
         <load_address>0x5e78</load_address>
         <run_address>0x5e78</run_address>
         <size>0x6c</size>
         <input_file_ref idref="fl-28"/>
      </object_component>
      <object_component id="oc-7ef">
         <name>.const:.typeinfo:_ZTSN10__cxxabiv120__si_class_type_infoE</name>
         <load_address>0x5ee4</load_address>
         <run_address>0x5ee4</run_address>
         <size>0x25</size>
         <input_file_ref idref="fl-e3"/>
      </object_component>
      <object_component id="oc-85c">
         <name>.const:.typeinfo:_ZTSN10__cxxabiv117__class_type_infoE</name>
         <load_address>0x5f09</load_address>
         <run_address>0x5f09</run_address>
         <size>0x22</size>
         <input_file_ref idref="fl-e3"/>
      </object_component>
      <object_component id="oc-416">
         <name>.const:_ZTV8AcSensor</name>
         <load_address>0x5f2c</load_address>
         <run_address>0x5f2c</run_address>
         <size>0x18</size>
         <input_file_ref idref="fl-2"/>
      </object_component>
      <object_component id="oc-530">
         <name>.const:_ZTV9AdcSensor</name>
         <load_address>0x5f44</load_address>
         <run_address>0x5f44</run_address>
         <size>0x18</size>
         <input_file_ref idref="fl-3"/>
      </object_component>
      <object_component id="oc-49d">
         <name>.const:.string</name>
         <load_address>0x5f5c</load_address>
         <run_address>0x5f5c</run_address>
         <size>0x12</size>
         <input_file_ref idref="fl-1a"/>
      </object_component>
      <object_component id="oc-743">
         <name>.const:_ZTVN10__cxxabiv117__class_type_infoE</name>
         <load_address>0x5f70</load_address>
[...]
         <value>0x5d5f</value>
         <object_component_ref idref="oc-7df"/>
      </symbol>
      <symbol id="sm-945">
         <name>_ZTSN10__cxxabiv120__si_class_type_infoE</name>
         <value>0x5ee4</value>
         <object_component_ref idref="oc-7ef"/>
      </symbol>
      <symbol id="sm-946">
         <name>_ZTSN10__cxxabiv117__class_type_infoE</name>
         <value>0x5f09</value>
         <object_component_ref idref="oc-85c"/>
      </symbol>
      <symbol id="sm-947">
         <name>_ZN10__cxxabiv117__class_type_infoD2Ev</name>
         <value>0x5d5f</value>
         <object_component_ref idref="oc-7df"/>
      </symbol>
      <symbol id="sm-948">
         <name>_ZN10__cxxabiv120__si_class_type_infoD2Ev</name>
         <value>0x5d63</value>
         <object_component_ref idref="oc-759"/>
      </symbol>
      <symbol id="sm-949">
         <name>_ZTVN10__cxxabiv117__class_type_infoE</name>
         <value>0x5f70</value>
         <object_component_ref idref="oc-743"/>
      </symbol>
      <symbol id="sm-94a">
         <name>_ZTIN10__cxxabiv117__class_type_infoE</name>
         <value>0x5fac</value>
         <object_component_ref idref="oc-7da"/>
      </symbol>
      <symbol id="sm-94b">
         <name>_ZN10__cxxabiv120__si_class_type_infoD1Ev</name>
         <value>0x5d63</value>
         <object_component_ref idref="oc-759"/>
      </symbol>
      <symbol id="sm-94c">
         <name>_ZTIN10__cxxabiv120__si_class_type_infoE</name>
         <value>0x5fb8</value>
         <object_component_ref idref="oc-754"/>
      </symbol>
      <symbol id="sm-94d">
         <name>_ZN10__cxxabiv117__class_type_infoD0Ev</name>
         <value>0x5c97</value>
         <object_component_ref idref="oc-7e5"/>
      </symbol>
      <symbol id="sm-94e">
         <name>_ZTVN10__cxxabiv120__si_class_type_infoE</name>
         <value>0x5f80</value>
         <object_component_ref idref="oc-645"/>
      </symbol>
      <symbol id="sm-94f">
         <name>_ZN10__cxxabiv120__si_class_type_infoD0Ev</name>
         <value>0x5ca5</value>
         <object_component_ref idref="oc-75f"/>
      </symbol>
      <symbol id="sm-95e">
         <name>__aeabi_memset</name>
         <value>0x40d9</value>
         <object_component_ref idref="oc-c7"/>
      </symbol>
      <symbol id="sm-95f">
         <name>memset</name>
         <value>0x40df</value>
         <object_component_ref idref="oc-c7"/>
      </symbol>
      <symbol id="sm-960">
         <name>__aeabi_memset8</name>
         <value>0x40d9</value>
         <object_component_ref idref="oc-c7"/>
      </symbol>
      <symbol id="sm-961">
         <name>__aeabi_memset4</name>
         <value>0x40d9</value>
         <object_component_ref idref="oc-c7"/>
      </symbol>
      <symbol id="sm-962">
         <name>__aeabi_memclr8</name>
         <value>0x40d7</value>
         <object_component_ref idref="oc-c7"/>
      </symbol>
      <symbol id="sm-963">
         <name>__aeabi_memclr4</name>
         <value>0x40d7</value>
         <object_component_ref idref="oc-c7"/>
      </symbol>
      <symbol id="sm-964">
         <name>__aeabi_memclr</name>
         <value>0x40d7</value>
         <object_component_ref idref="oc-c7"/>
      </symbol>
      <symbol id="sm-973">
         <name>__aeabi_uidivmod</name>
         <value>0x5355</value>
         <object_component_ref idref="oc-2ec"/>
      </symbol>
      <symbol id="sm-974">
         <name>__aeabi_uidiv</name>
         <value>0x5355</value>
         <object_component_ref idref="oc-2ec"/>
      </symbol>
      <symbol id="sm-98b">
         <name>__aeabi_dsub</name>
         <value>0x1695</value>
         <object_component_ref idref="oc-45a"/>
      </symbol>
      <symbol id="sm-98c">
         <name>__aeabi_dadd</name>
         <value>0x169f</value>
         <object_component_ref idref="oc-45a"/>
      </symbol>
      <symbol id="sm-9a0">
         <name>__aeabi_ddiv</name>
         <value>0x1d85</value>
         <object_component_ref idref="oc-455"/>
      </symbol>
      <symbol id="sm-9ac">
         <name>__aeabi_d2f</name>
         <value>0x44ed</value>
         <object_component_ref idref="oc-45f"/>
      </symbol>
      <symbol id="sm-9b7">
         <name>__aeabi_f2d</name>
         <value>0x55a9</value>
         <object_component_ref idref="oc-2cd"/>
      </symbol>
      <symbol id="sm-9c1">
         <name>__aeabi_f2ulz</name>
         <value>0x4e39</value>
         <object_component_ref idref="oc-782"/>
      </symbol>
      <symbol id="sm-9dc">
         <name>memcpy</name>
         <value>0x3a51</value>
         <object_component_ref idref="oc-58"/>
      </symbol>
      <symbol id="sm-9dd">
         <name>__aeabi_memcpy</name>
         <value>0x3a51</value>
         <object_component_ref idref="oc-58"/>
      </symbol>
      <symbol id="sm-9de">
         <name>__aeabi_memcpy8</name>
         <value>0x3a51</value>
         <object_component_ref idref="oc-58"/>
      </symbol>
      <symbol id="sm-9df">
         <name>__aeabi_memcpy4</name>
         <value>0x3a51</value>
         <object_component_ref idref="oc-58"/>
      </symbol>
      <symbol id="sm-9ea">
         <name>__aeabi_ul2f</name>
         <value>0x55e1</value>
         <object_component_ref idref="oc-464"/>
      </symbol>
      <symbol id="sm-9fc">
         <name>__TI_zero_init</name>
         <value>0x5cf3</value>
         <object_component_ref idref="oc-6a"/>
      </symbol>
      <symbol id="sm-a13">
         <name>__TI_decompress_none</name>
         <value>0x5cc1</value>
         <object_component_ref idref="oc-18"/>
      </symbol>
      <symbol id="sm-a36">
         <name>__TI_decompress_lzss</name>
         <value>0x462d</value>
         <object_component_ref idref="oc-12"/>
      </symbol>
      <symbol id="sm-a5c">
         <name>C$$EXIT</name>
         <value>0x5d6f</value>
         <object_component_ref idref="oc-15b"/>
      </symbol>
      <symbol id="sm-a5d">
         <name>abort</name>
         <value>0x5d6f</value>
         <object_component_ref idref="oc-15b"/>
      </symbol>
      <symbol id="sm-a5e">
         <name>__TI_dtors_ptr</name>
         <value>0x200053cc</value>
         <object_component_ref idref="oc-243"/>
      </symbol>
      <symbol id="sm-a5f">
         <name>__TI_cleanup_ptr</name>
         <value>0x200053c8</value>
         <object_component_ref idref="oc-243"/>
      </symbol>
      <symbol id="sm-a60">
         <name>__TI_enable_exit_profile_output</name>
         <value>0x200053d0</value>
         <object_component_ref idref="oc-243"/>
      </symbol>
      <symbol id="sm-a61">
         <name>exit</name>
         <value>0x50a5</value>
         <object_component_ref idref="oc-161"/>
      </symbol>
      <symbol id="sm-adc">
         <name>_sys_memory</name>
         <value>0x20005608</value>
         <object_component_ref idref="oc-21"/>
      </symbol>
      <symbol id="sm-add">
         <name>free</name>
         <value>0x2f3d</value>
         <object_component_ref idref="oc-808"/>
      </symbol>
      <symbol id="sm-ade">
         <name>malloc</name>
         <value>0x41c9</value>
         <object_component_ref idref="oc-834"/>
      </symbol>
      <symbol id="sm-adf">
         <name>minit</name>
         <value>0x5571</value>
         <object_component_ref idref="oc-86e"/>
      </symbol>
      <symbol id="sm-af4">
         <name>_nop</name>
         <value>0x36f7</value>
         <object_component_ref idref="oc-33e"/>
      </symbol>
      <symbol id="sm-af5">
         <name>_lock</name>
         <value>0x200053e0</value>
         <object_component_ref idref="oc-246"/>
      </symbol>
      <symbol id="sm-af6">
         <name>_unlock</name>
         <value>0x200053e4</value>
         <object_component_ref idref="oc-246"/>
      </symbol>
      <symbol id="sm-b0a">
         <name>_abort_msg</name>
         <value>0x5aa1</value>
         <object_component_ref idref="oc-500"/>
      </symbol>
      <symbol id="sm-b1f">
         <name>__TI_tmpnams</name>
         <value>0x20005080</value>
      </symbol>
      <symbol id="sm-b20">
         <name>__aeabi_stdout</name>
         <value>0x200053c0</value>
         <object_component_ref idref="oc-731"/>
      </symbol>
      <symbol id="sm-b21">
         <name>__aeabi_stderr</name>
         <value>0x200053c4</value>
         <object_component_ref idref="oc-731"/>
      </symbol>
      <symbol id="sm-b22">
         <name>__aeabi_stdin</name>
         <value>0x200053bc</value>
         <object_component_ref idref="oc-731"/>
      </symbol>
      <symbol id="sm-b23">
         <name>_ftable</name>
         <value>0x200051b0</value>
         <object_component_ref idref="oc-608"/>
      </symbol>
      <symbol id="sm-b24">
         <name>__TI_ft_end</name>
         <value>0x200053b8</value>
         <object_component_ref idref="oc-731"/>
      </symbol>
      <symbol id="sm-b45">
         <name>__TI_doflush</name>
         <value>0x4fc1</value>
         <object_component_ref idref="oc-723"/>
      </symbol>
      <symbol id="sm-b46">
         <name>fflush</name>
         <value>0x3fe1</value>
         <object_component_ref idref="oc-602"/>
      </symbol>
      <symbol id="sm-b64">
         <name>fputs</name>
         <value>0x2595</value>
         <object_component_ref idref="oc-5fc"/>
      </symbol>
      <symbol id="sm-b74">
         <name>memchr</name>
         <value>0x5a05</value>
         <object_component_ref idref="oc-71d"/>
      </symbol>
      <symbol id="sm-b9b">
         <name>sprintf</name>
         <value>0x5395</value>
         <object_component_ref idref="oc-2d2"/>
      </symbol>
      <symbol id="sm-ba9">
         <name>strcpy</name>
         <value>0x5c01</value>
         <object_component_ref idref="oc-482"/>
      </symbol>
      <symbol id="sm-bb7">
         <name>strlen</name>
         <value>0x5c15</value>
         <object_component_ref idref="oc-2a8"/>
      </symbol>
      <symbol id="sm-bdd">
         <name>_stream</name>
         <value>0x20005318</value>
         <object_component_ref idref="oc-7cd"/>
      </symbol>
      <symbol id="sm-bde">
         <name>_device</name>
         <value>0x200052a0</value>
         <object_component_ref idref="oc-84b"/>
      </symbol>
      <symbol id="sm-bdf">
         <name>write</name>
         <value>0x58fd</value>
         <object_component_ref idref="oc-729"/>
      </symbol>
      <symbol id="sm-bf2">
         <name>__stack</name>
         <value>0x20005408</value>
         <object_component_ref idref="oc-24"/>
      </symbol>
      <symbol id="sm-bf3">
         <name>_c_int00_noargs</name>
         <value>0x5539</value>
         <object_component_ref idref="oc-76"/>
      </symbol>
      <symbol id="sm-c1c">
         <name>_ZTSSt9type_info</name>
         <value>0x5f90</value>
         <object_component_ref idref="oc-8c0"/>
      </symbol>
      <symbol id="sm-c1d">
         <name>_ZNSt9type_infoD2Ev</name>
         <value>0x341b</value>
         <object_component_ref idref="oc-866"/>
      </symbol>
      <symbol id="sm-c1e">
         <name>_ZNSt9type_infoD1Ev</name>
         <value>0x341b</value>
         <object_component_ref idref="oc-866"/>
      </symbol>
      <symbol id="sm-c1f">
         <name>_ZTISt9type_info</name>
         <value>0x5ffc</value>
         <object_component_ref idref="oc-861"/>
      </symbol>
      <symbol id="sm-c29">
         <name>__aeabi_idiv0</name>
         <value>0x3857</value>
         <object_component_ref idref="oc-497"/>
      </symbol>
      <symbol id="sm-c2a">
         <name>__aeabi_ldiv0</name>
         <value>0x3857</value>
         <object_component_ref idref="oc-497"/>
      </symbol>
      <symbol id="sm-c52">
         <name>__TI_auto_init_nobinit_nopinit</name>
         <value>0x5205</value>
         <object_component_ref idref="oc-167"/>
      </symbol>
      <symbol id="sm-c5c">
         <name>_system_pre_init</name>
         <value>0x5d6b</value>
         <object_component_ref idref="oc-cd"/>
      </symbol>
      <symbol id="sm-c75">
         <name>__TI_wrt_ok</name>
         <value>0x495b</value>
         <object_component_ref idref="oc-717"/>
      </symbol>
      <symbol id="sm-dda">
         <name>__TI_printfi</name>
         <value>0x26d</value>
         <object_component_ref idref="oc-46e"/>
      </symbol>
      <symbol id="sm-df1">
         <name>atoi</name>
         <value>0x500d</value>
         <object_component_ref idref="oc-592"/>
      </symbol>
      <symbol id="sm-dfc">
         <name>_ctypes_</name>
         <value>0x5d74</value>
         <object_component_ref idref="oc-69a"/>
      </symbol>
      <symbol id="sm-e0e">
         <name>fseek</name>
         <value>0x4895</value>
         <object_component_ref idref="oc-7bc"/>
      </symbol>
      <symbol id="sm-e1e">
         <name>lseek</name>
         <value>0x58ad</value>
         <object_component_ref idref="oc-82c"/>
      </symbol>
      <symbol id="sm-e2d">
         <name>ltoa</name>
         <value>0x4c9b</value>
         <object_component_ref idref="oc-6b5"/>
      </symbol>
      <symbol id="sm-e3d">
         <name>memccpy</name>
         <value>0x5abd</value>
         <object_component_ref idref="oc-5bb"/>
      </symbol>
      <symbol id="sm-e59">
         <name>setvbuf</name>
         <value>0x2d85</value>
         <object_component_ref idref="oc-7c2"/>
      </symbol>
      <symbol id="sm-e69">
         <name>strchr</name>
         <value>0x5b9b</value>
         <object_component_ref idref="oc-6e7"/>
      </symbol>
      <symbol id="sm-e7a">
         <name>HOSTclose</name>
         <value>0x517d</value>
         <object_component_ref idref="oc-89a"/>
      </symbol>
      <symbol id="sm-e8b">
         <name>HOSTlseek</name>
         <value>0x455d</value>
         <object_component_ref idref="oc-8ac"/>
      </symbol>
      <symbol id="sm-e9d">
         <name>parmbuf</name>
         <value>0x2000519c</value>
      </symbol>
      <symbol id="sm-e9e">
         <name>HOSTopen</name>
         <value>0x49bd</value>
         <object_component_ref idref="oc-894"/>
      </symbol>
      <symbol id="sm-eaf">
         <name>HOSTread</name>
         <value>0x4b95</value>
         <object_component_ref idref="oc-8a0"/>
      </symbol>
      <symbol id="sm-ec0">
         <name>HOSTrename</name>
         <value>0x45c5</value>
         <object_component_ref idref="oc-8b8"/>
      </symbol>
      <symbol id="sm-ed1">
         <name>HOSTunlink</name>
         <value>0x51c1</value>
         <object_component_ref idref="oc-8b2"/>
      </symbol>
      <symbol id="sm-ee2">
         <name>HOSTwrite</name>
         <value>0x4bed</value>
         <object_component_ref idref="oc-8a6"/>
      </symbol>
      <symbol id="sm-f06">
         <name>__TI_readmsg</name>
         <value>0x56b5</value>
         <object_component_ref idref="oc-8e9"/>
      </symbol>
      <symbol id="sm-f07">
         <name>C$$IO$$</name>
         <value>0x552f</value>
         <object_component_ref idref="oc-8e3"/>
      </symbol>
      <symbol id="sm-f08">
         <name>__CIOBUF_</name>
         <value>0x20004f60</value>
         <object_component_ref idref="oc-917"/>
      </symbol>
      <symbol id="sm-f09">
         <name>__TI_writemsg</name>
         <value>0x5501</value>
         <object_component_ref idref="oc-8e3"/>
      </symbol>
      <symbol id="sm-f1f">
         <name>__aeabi_errno_addr</name>
         <value>0x5d45</value>
         <object_component_ref idref="oc-5c7"/>
      </symbol>
      <symbol id="sm-f20">
         <name>errno</name>
         <value>0x20005400</value>
         <object_component_ref idref="oc-6f7"/>
      </symbol>
      <symbol id="sm-f40">
         <name>frexpl</name>
         <value>0x4831</value>
         <object_component_ref idref="oc-6db"/>
      </symbol>
      <symbol id="sm-f41">
         <name>frexp</name>
         <value>0x4831</value>
         <object_component_ref idref="oc-6db"/>
      </symbol>
      <symbol id="sm-f5e">
         <name>scalbn</name>
         <value>0x26a9</value>
         <object_component_ref idref="oc-6e1"/>
      </symbol>
      <symbol id="sm-f5f">
         <name>scalbnl</name>
         <value>0x26a9</value>
         <object_component_ref idref="oc-6e1"/>
      </symbol>
      <symbol id="sm-f60">
         <name>ldexpl</name>
         <value>0x26a9</value>
         <object_component_ref idref="oc-6e1"/>
      </symbol>
      <symbol id="sm-f61">
         <name>ldexp</name>
         <value>0x26a9</value>
         <object_component_ref idref="oc-6e1"/>
      </symbol>
      <symbol id="sm-f7a">
         <name>wcslen</name>
         <value>0x5c29</value>
         <object_component_ref idref="oc-5c1"/>
      </symbol>
      <symbol id="sm-f85">
         <name>copysign</name>
         <value>0x5bd9</value>
         <object_component_ref idref="oc-79f"/>
      </symbol>
      <symbol id="sm-f86">
         <name>copysignl</name>
         <value>0x5bd9</value>
         <object_component_ref idref="oc-79f"/>
      </symbol>
      <symbol id="sm-f93">
         <name>__aeabi_uldivmod</name>
         <value>0x3b85</value>
         <object_component_ref idref="oc-69f"/>
      </symbol>
      <symbol id="sm-fb5">
         <name>__aeabi_cdcmpeq</name>
         <value>0x3e55</value>
         <object_component_ref idref="oc-59e"/>
      </symbol>
      <symbol id="sm-fb6">
         <name>__aeabi_cdcmple</name>
         <value>0x3e55</value>
         <object_component_ref idref="oc-59e"/>
      </symbol>
      <symbol id="sm-fb7">
         <name>__aeabi_cdrcmple</name>
         <value>0x3edb</value>
         <object_component_ref idref="oc-6ab"/>
      </symbol>
      <symbol id="sm-fc2">
         <name>__aeabi_dmul</name>
         <value>0x2ac5</value>
         <object_component_ref idref="oc-6a6"/>
      </symbol>
      <symbol id="sm-fcc">
         <name>__aeabi_d2iz</name>
         <value>0x50ed</value>
         <object_component_ref idref="oc-6b0"/>
      </symbol>
      <symbol id="sm-fd6">
         <name>__aeabi_i2d</name>
         <value>0x5777</value>
         <object_component_ref idref="oc-6bb"/>
      </symbol>
      <symbol id="sm-fe6">
         <name>__TI_cleanup</name>
         <value>0x5681</value>
         <object_component_ref idref="oc-83a"/>
      </symbol>
      <symbol id="sm-ffc">
         <name>__TI_closefile</name>
         <value>0x42b5</value>
         <object_component_ref idref="oc-88b"/>
      </symbol>
      <symbol id="sm-101f">
         <name>finddevice</name>
         <value>0x56e9</value>
         <object_component_ref idref="oc-933"/>
      </symbol>
      <symbol id="sm-1020">
         <name>getdevice</name>
         <value>0x5249</value>
         <object_component_ref idref="oc-90d"/>
      </symbol>
      <symbol id="sm-1030">
         <name>strcmp</name>
         <value>0x5b41</value>
         <object_component_ref idref="oc-948"/>
      </symbol>
      <symbol id="sm-1040">
         <name>strncpy</name>
         <value>0x5617</value>
         <object_component_ref idref="oc-92d"/>
      </symbol>
      <symbol id="sm-1050">
         <name>unlink</name>
         <value>0x5829</value>
         <object_component_ref idref="oc-8da"/>
      </symbol>
      <symbol id="sm-1064">
         <name>close</name>
         <value>0x4b39</value>
         <object_component_ref idref="oc-8d4"/>
      </symbol>
      <symbol id="sm-1065">
         <name>__TI_static_base__</name>
         <value>0x0</value>
      </symbol>
      <symbol id="sm-1068">
         <name>__mpu_init</name>
         <value>0x0</value>
      </symbol>
      <symbol id="sm-1069">
         <name>_system_post_cinit</name>
         <value>0x0</value>
      </symbol>
      <symbol id="sm-106a">
         <name>_ZSt17__throw_bad_allocv</name>
         <value>0x5d6f</value>
      </symbol>
      <symbol id="sm-106b">
         <name>remove</name>
         <value>0x5829</value>
      </symbol>
   </symbol_table>
   <title>Link successful</title>
</link_info>
